Archive member included because of file (symbol)

/usr/lib/gcc/avr/4.8.1/avr5/libgcc.a(_exit.o)
                              /usr/lib/gcc/avr/4.8.1/../../../avr/lib/avr5/crtm328p.o (exit)
/usr/lib/gcc/avr/4.8.1/avr5/libgcc.a(_copy_data.o)
                              /tmp/ccbZXpMk.o (__do_copy_data)
/usr/lib/gcc/avr/4.8.1/avr5/libgcc.a(_clear_bss.o)
                              /tmp/ccbZXpMk.o (__do_clear_bss)

Discarded input sections

 .bss           0x0000000000000000        0x0 /usr/lib/gcc/avr/4.8.1/../../../avr/lib/avr5/crtm328p.o
 .text          0x0000000000000000        0x0 /tmp/ccbZXpMk.o
 .bss           0x0000000000000000        0x0 /tmp/ccbZXpMk.o
 .text          0x0000000000000000        0x0 /tmp/cccqU2iC.o
 .bss           0x0000000000000000        0x0 /tmp/cccqU2iC.o
 .text.ShiftOutMultiByte
                0x0000000000000000       0xee /tmp/cccqU2iC.o
 .text          0x0000000000000000        0x0 /tmp/ccrlVxYT.o
 .bss           0x0000000000000000        0x0 /tmp/ccrlVxYT.o
 .text.TWIReadACK
                0x0000000000000000       0x14 /tmp/ccrlVxYT.o
 .text.TWIGetStatus
                0x0000000000000000        0x8 /tmp/ccrlVxYT.o
 .text          0x0000000000000000        0x0 /tmp/cctPIeOb.o
 .bss           0x0000000000000000        0x0 /tmp/cctPIeOb.o
 .text.Timer0SetupOutput
                0x0000000000000000        0x6 /tmp/cctPIeOb.o
 .text.Timer0SetupMode
                0x0000000000000000       0x16 /tmp/cctPIeOb.o
 .text.Timer0SetupPrescale
                0x0000000000000000       0x12 /tmp/cctPIeOb.o
 .text.Timer0SetupInterrupt
                0x0000000000000000       0x16 /tmp/cctPIeOb.o
 .text.Timer0SetCompareA
                0x0000000000000000        0x4 /tmp/cctPIeOb.o
 .text.Timer0SetCompareB
                0x0000000000000000        0x4 /tmp/cctPIeOb.o
 .text.Timer0ReadCounter
                0x0000000000000000        0x4 /tmp/cctPIeOb.o
 .text          0x0000000000000000        0x0 /tmp/ccW2d5Kt.o
 .bss           0x0000000000000000        0x0 /tmp/ccW2d5Kt.o
 .text.DS1307RegisterWMult
                0x0000000000000000       0x5a /tmp/ccW2d5Kt.o
 .text.DS1307RegisterRMult
                0x0000000000000000       0x78 /tmp/ccW2d5Kt.o
 .text          0x0000000000000000        0x0 /usr/lib/gcc/avr/4.8.1/avr5/libgcc.a(_exit.o)
 .bss           0x0000000000000000        0x0 /usr/lib/gcc/avr/4.8.1/avr5/libgcc.a(_exit.o)
 .text.libgcc.mul
                0x0000000000000000        0x0 /usr/lib/gcc/avr/4.8.1/avr5/libgcc.a(_exit.o)
 .text.libgcc.div
                0x0000000000000000        0x0 /usr/lib/gcc/avr/4.8.1/avr5/libgcc.a(_exit.o)
 .text.libgcc   0x0000000000000000        0x0 /usr/lib/gcc/avr/4.8.1/avr5/libgcc.a(_exit.o)
 .text.libgcc.prologue
                0x0000000000000000        0x0 /usr/lib/gcc/avr/4.8.1/avr5/libgcc.a(_exit.o)
 .text.libgcc.builtins
                0x0000000000000000        0x0 /usr/lib/gcc/avr/4.8.1/avr5/libgcc.a(_exit.o)
 .text.libgcc.fmul
                0x0000000000000000        0x0 /usr/lib/gcc/avr/4.8.1/avr5/libgcc.a(_exit.o)
 .text.libgcc.fixed
                0x0000000000000000        0x0 /usr/lib/gcc/avr/4.8.1/avr5/libgcc.a(_exit.o)
 .text          0x0000000000000000        0x0 /usr/lib/gcc/avr/4.8.1/avr5/libgcc.a(_copy_data.o)
 .bss           0x0000000000000000        0x0 /usr/lib/gcc/avr/4.8.1/avr5/libgcc.a(_copy_data.o)
 .text.libgcc.mul
                0x0000000000000000        0x0 /usr/lib/gcc/avr/4.8.1/avr5/libgcc.a(_copy_data.o)
 .text.libgcc.div
                0x0000000000000000        0x0 /usr/lib/gcc/avr/4.8.1/avr5/libgcc.a(_copy_data.o)
 .text.libgcc   0x0000000000000000        0x0 /usr/lib/gcc/avr/4.8.1/avr5/libgcc.a(_copy_data.o)
 .text.libgcc.prologue
                0x0000000000000000        0x0 /usr/lib/gcc/avr/4.8.1/avr5/libgcc.a(_copy_data.o)
 .text.libgcc.builtins
                0x0000000000000000        0x0 /usr/lib/gcc/avr/4.8.1/avr5/libgcc.a(_copy_data.o)
 .text.libgcc.fmul
                0x0000000000000000        0x0 /usr/lib/gcc/avr/4.8.1/avr5/libgcc.a(_copy_data.o)
 .text.libgcc.fixed
                0x0000000000000000        0x0 /usr/lib/gcc/avr/4.8.1/avr5/libgcc.a(_copy_data.o)
 .text          0x0000000000000000        0x0 /usr/lib/gcc/avr/4.8.1/avr5/libgcc.a(_clear_bss.o)
 .bss           0x0000000000000000        0x0 /usr/lib/gcc/avr/4.8.1/avr5/libgcc.a(_clear_bss.o)
 .text.libgcc.mul
                0x0000000000000000        0x0 /usr/lib/gcc/avr/4.8.1/avr5/libgcc.a(_clear_bss.o)
 .text.libgcc.div
                0x0000000000000000        0x0 /usr/lib/gcc/avr/4.8.1/avr5/libgcc.a(_clear_bss.o)
 .text.libgcc   0x0000000000000000        0x0 /usr/lib/gcc/avr/4.8.1/avr5/libgcc.a(_clear_bss.o)
 .text.libgcc.prologue
                0x0000000000000000        0x0 /usr/lib/gcc/avr/4.8.1/avr5/libgcc.a(_clear_bss.o)
 .text.libgcc.builtins
                0x0000000000000000        0x0 /usr/lib/gcc/avr/4.8.1/avr5/libgcc.a(_clear_bss.o)
 .text.libgcc.fmul
                0x0000000000000000        0x0 /usr/lib/gcc/avr/4.8.1/avr5/libgcc.a(_clear_bss.o)
 .text.libgcc.fixed
                0x0000000000000000        0x0 /usr/lib/gcc/avr/4.8.1/avr5/libgcc.a(_clear_bss.o)

Memory Configuration

Name             Origin             Length             Attributes
text             0x0000000000000000 0x0000000000020000 xr
data             0x0000000000800060 0x000000000000ffa0 rw !x
eeprom           0x0000000000810000 0x0000000000010000 rw !x
fuse             0x0000000000820000 0x0000000000000400 rw !x
lock             0x0000000000830000 0x0000000000000400 rw !x
signature        0x0000000000840000 0x0000000000000400 rw !x
user_signatures  0x0000000000850000 0x0000000000000400 rw !x
*default*        0x0000000000000000 0xffffffffffffffff

Linker script and memory map

Address of section .data set to 0x800100
LOAD /usr/lib/gcc/avr/4.8.1/../../../avr/lib/avr5/crtm328p.o
LOAD /tmp/ccbZXpMk.o
LOAD /tmp/cccqU2iC.o
LOAD /tmp/ccrlVxYT.o
LOAD /tmp/cctPIeOb.o
LOAD /tmp/ccW2d5Kt.o
START GROUP
LOAD /usr/lib/gcc/avr/4.8.1/avr5/libgcc.a
LOAD /usr/lib/gcc/avr/4.8.1/../../../avr/lib/avr5/libm.a
LOAD /usr/lib/gcc/avr/4.8.1/../../../avr/lib/avr5/libc.a
END GROUP

.hash
 *(.hash)

.dynsym
 *(.dynsym)

.dynstr
 *(.dynstr)

.gnu.version
 *(.gnu.version)

.gnu.version_d
 *(.gnu.version_d)

.gnu.version_r
 *(.gnu.version_r)

.rel.init
 *(.rel.init)

.rela.init
 *(.rela.init)

.rel.text
 *(.rel.text)
 *(.rel.text.*)
 *(.rel.gnu.linkonce.t*)

.rela.text
 *(.rela.text)
 *(.rela.text.*)
 *(.rela.gnu.linkonce.t*)

.rel.fini
 *(.rel.fini)

.rela.fini
 *(.rela.fini)

.rel.rodata
 *(.rel.rodata)
 *(.rel.rodata.*)
 *(.rel.gnu.linkonce.r*)

.rela.rodata
 *(.rela.rodata)
 *(.rela.rodata.*)
 *(.rela.gnu.linkonce.r*)

.rel.data
 *(.rel.data)
 *(.rel.data.*)
 *(.rel.gnu.linkonce.d*)

.rela.data
 *(.rela.data)
 *(.rela.data.*)
 *(.rela.gnu.linkonce.d*)

.rel.ctors
 *(.rel.ctors)

.rela.ctors
 *(.rela.ctors)

.rel.dtors
 *(.rel.dtors)

.rela.dtors
 *(.rela.dtors)

.rel.got
 *(.rel.got)

.rela.got
 *(.rela.got)

.rel.bss
 *(.rel.bss)

.rela.bss
 *(.rela.bss)

.rel.plt
 *(.rel.plt)

.rela.plt
 *(.rela.plt)

.text           0x0000000000000000      0x4ba
 *(.vectors)
 .vectors       0x0000000000000000       0x68 /usr/lib/gcc/avr/4.8.1/../../../avr/lib/avr5/crtm328p.o
                0x0000000000000000                __vectors
                0x0000000000000000                __vector_default
 *(.vectors)
 *(.progmem.gcc*)
                0x0000000000000068                . = ALIGN (0x2)
                0x0000000000000068                __trampolines_start = .
 *(.trampolines)
 .trampolines   0x0000000000000068        0x0 linker stubs
 *(.trampolines*)
                0x0000000000000068                __trampolines_end = .
 *(.progmem*)
                0x0000000000000068                . = ALIGN (0x2)
 *(.jumptables)
 *(.jumptables*)
 *(.lowtext)
 *(.lowtext*)
                0x0000000000000068                __ctors_start = .
 *(.ctors)
                0x0000000000000068                __ctors_end = .
                0x0000000000000068                __dtors_start = .
 *(.dtors)
                0x0000000000000068                __dtors_end = .
 SORT(*)(.ctors)
 SORT(*)(.dtors)
 *(.init0)
 .init0         0x0000000000000068        0x0 /usr/lib/gcc/avr/4.8.1/../../../avr/lib/avr5/crtm328p.o
                0x0000000000000068                __init
 *(.init0)
 *(.init1)
 *(.init1)
 *(.init2)
 .init2         0x0000000000000068        0xc /usr/lib/gcc/avr/4.8.1/../../../avr/lib/avr5/crtm328p.o
 *(.init2)
 *(.init3)
 *(.init3)
 *(.init4)
 .init4         0x0000000000000074       0x16 /usr/lib/gcc/avr/4.8.1/avr5/libgcc.a(_copy_data.o)
                0x0000000000000074                __do_copy_data
 .init4         0x000000000000008a       0x10 /usr/lib/gcc/avr/4.8.1/avr5/libgcc.a(_clear_bss.o)
                0x000000000000008a                __do_clear_bss
 *(.init4)
 *(.init5)
 *(.init5)
 *(.init6)
 *(.init6)
 *(.init7)
 *(.init7)
 *(.init8)
 *(.init8)
 *(.init9)
 .init9         0x000000000000009a        0x8 /usr/lib/gcc/avr/4.8.1/../../../avr/lib/avr5/crtm328p.o
 *(.init9)
 *(.text)
 .text          0x00000000000000a2        0x4 /usr/lib/gcc/avr/4.8.1/../../../avr/lib/avr5/crtm328p.o
                0x00000000000000a2                __vector_22
                0x00000000000000a2                __vector_1
                0x00000000000000a2                __vector_24
                0x00000000000000a2                __vector_12
                0x00000000000000a2                __bad_interrupt
                0x00000000000000a2                __vector_6
                0x00000000000000a2                __vector_3
                0x00000000000000a2                __vector_23
                0x00000000000000a2                __vector_25
                0x00000000000000a2                __vector_11
                0x00000000000000a2                __vector_13
                0x00000000000000a2                __vector_17
                0x00000000000000a2                __vector_19
                0x00000000000000a2                __vector_7
                0x00000000000000a2                __vector_5
                0x00000000000000a2                __vector_4
                0x00000000000000a2                __vector_9
                0x00000000000000a2                __vector_2
                0x00000000000000a2                __vector_21
                0x00000000000000a2                __vector_15
                0x00000000000000a2                __vector_8
                0x00000000000000a2                __vector_14
                0x00000000000000a2                __vector_10
                0x00000000000000a2                __vector_18
                0x00000000000000a2                __vector_20
                0x00000000000000a6                . = ALIGN (0x2)
 *(.text.*)
 .text.startup.main
                0x00000000000000a6      0x240 /tmp/ccbZXpMk.o
                0x00000000000000a6                main
 .text.__vector_16
                0x00000000000002e6       0x38 /tmp/ccbZXpMk.o
                0x00000000000002e6                __vector_16
 .text.ShiftOutByte
                0x000000000000031e       0xa4 /tmp/cccqU2iC.o
                0x000000000000031e                ShiftOutByte
 .text.TWIInit  0x00000000000003c2       0x12 /tmp/ccrlVxYT.o
                0x00000000000003c2                TWIInit
 .text.TWIStart
                0x00000000000003d4       0x10 /tmp/ccrlVxYT.o
                0x00000000000003d4                TWIStart
 .text.TWIStop  0x00000000000003e4        0x8 /tmp/ccrlVxYT.o
                0x00000000000003e4                TWIStop
 .text.TWIWrite
                0x00000000000003ec       0x14 /tmp/ccrlVxYT.o
                0x00000000000003ec                TWIWrite
 .text.TWIReadNACK
                0x0000000000000400       0x14 /tmp/ccrlVxYT.o
                0x0000000000000400                TWIReadNACK
 .text.DS1307Init
                0x0000000000000414       0x30 /tmp/ccW2d5Kt.o
                0x0000000000000414                DS1307Init
 .text.DS1307RegisterW
                0x0000000000000444       0x34 /tmp/ccW2d5Kt.o
                0x0000000000000444                DS1307RegisterW
 .text.DS1307RegisterR
                0x0000000000000478       0x3e /tmp/ccW2d5Kt.o
                0x0000000000000478                DS1307RegisterR
                0x00000000000004b6                . = ALIGN (0x2)
 *(.fini9)
 .fini9         0x00000000000004b6        0x0 /usr/lib/gcc/avr/4.8.1/avr5/libgcc.a(_exit.o)
                0x00000000000004b6                exit
                0x00000000000004b6                _exit
 *(.fini9)
 *(.fini8)
 *(.fini8)
 *(.fini7)
 *(.fini7)
 *(.fini6)
 *(.fini6)
 *(.fini5)
 *(.fini5)
 *(.fini4)
 *(.fini4)
 *(.fini3)
 *(.fini3)
 *(.fini2)
 *(.fini2)
 *(.fini1)
 *(.fini1)
 *(.fini0)
 .fini0         0x00000000000004b6        0x4 /usr/lib/gcc/avr/4.8.1/avr5/libgcc.a(_exit.o)
 *(.fini0)
                0x00000000000004ba                _etext = .

.data           0x0000000000800100        0xa load address 0x00000000000004ba
                0x0000000000800100                PROVIDE (__data_start, .)
 *(.data)
 .data          0x0000000000800100        0x0 /usr/lib/gcc/avr/4.8.1/../../../avr/lib/avr5/crtm328p.o
 .data          0x0000000000800100        0x0 /tmp/ccbZXpMk.o
 .data          0x0000000000800100        0x0 /tmp/cccqU2iC.o
 .data          0x0000000000800100        0x0 /tmp/ccrlVxYT.o
 .data          0x0000000000800100        0x0 /tmp/cctPIeOb.o
 .data          0x0000000000800100        0x0 /tmp/ccW2d5Kt.o
 .data          0x0000000000800100        0x0 /usr/lib/gcc/avr/4.8.1/avr5/libgcc.a(_exit.o)
 .data          0x0000000000800100        0x0 /usr/lib/gcc/avr/4.8.1/avr5/libgcc.a(_copy_data.o)
 .data          0x0000000000800100        0x0 /usr/lib/gcc/avr/4.8.1/avr5/libgcc.a(_clear_bss.o)
 *(.data*)
 *(.rodata)
 .rodata        0x0000000000800100        0xa /tmp/ccbZXpMk.o
 *(.rodata*)
 *(.gnu.linkonce.d*)
                0x000000000080010a                . = ALIGN (0x2)
                0x000000000080010a                _edata = .
                0x000000000080010a                PROVIDE (__data_end, .)

.bss            0x000000000080010a        0xc
                0x000000000080010a                PROVIDE (__bss_start, .)
 *(.bss)
 *(.bss*)
 .bss.MinuteAdd.1691
                0x000000000080010a        0x1 /tmp/ccbZXpMk.o
 .bss.MinuteState.1693
                0x000000000080010b        0x1 /tmp/ccbZXpMk.o
 .bss.HourAdd.1690
                0x000000000080010c        0x1 /tmp/ccbZXpMk.o
 .bss.HourState.1692
                0x000000000080010d        0x1 /tmp/ccbZXpMk.o
 .bss.HoursTens.1697
                0x000000000080010e        0x1 /tmp/ccbZXpMk.o
 .bss.HoursOnes.1696
                0x000000000080010f        0x1 /tmp/ccbZXpMk.o
 .bss.MinutesTens.1695
                0x0000000000800110        0x1 /tmp/ccbZXpMk.o
 .bss.MinutesOnes.1694
                0x0000000000800111        0x1 /tmp/ccbZXpMk.o
 .bss.Hours.1689
                0x0000000000800112        0x1 /tmp/ccbZXpMk.o
 .bss.Minutes.1688
                0x0000000000800113        0x1 /tmp/ccbZXpMk.o
 .bss.MinuteButton
                0x0000000000800114        0x1 /tmp/ccbZXpMk.o
                0x0000000000800114                MinuteButton
 .bss.HourButton
                0x0000000000800115        0x1 /tmp/ccbZXpMk.o
                0x0000000000800115                HourButton
 *(COMMON)
                0x0000000000800116                PROVIDE (__bss_end, .)
                0x00000000000004ba                __data_load_start = LOADADDR (.data)
                0x00000000000004c4                __data_load_end = (__data_load_start + SIZEOF (.data))

.noinit         0x0000000000800116        0x0
                0x0000000000800116                PROVIDE (__noinit_start, .)
 *(.noinit*)
                0x0000000000800116                PROVIDE (__noinit_end, .)
                0x0000000000800116                _end = .
                0x0000000000800116                PROVIDE (__heap_start, .)

.eeprom         0x0000000000810000        0x0
 *(.eeprom*)
                0x0000000000810000                __eeprom_end = .

.fuse
 *(.fuse)
 *(.lfuse)
 *(.hfuse)
 *(.efuse)

.lock
 *(.lock*)

.signature
 *(.signature*)

.user_signatures
 *(.user_signatures*)

.stab           0x0000000000000000     0x1974
 *(.stab)
 .stab          0x0000000000000000      0x8f4 /tmp/ccbZXpMk.o
 .stab          0x00000000000008f4      0x3fc /tmp/cccqU2iC.o
                                        0x708 (size before relaxing)
 .stab          0x0000000000000cf0      0x4b0 /tmp/ccrlVxYT.o
                                        0x720 (size before relaxing)
 .stab          0x00000000000011a0      0x300 /tmp/cctPIeOb.o
                                        0x6cc (size before relaxing)
 .stab          0x00000000000014a0      0x4d4 /tmp/ccW2d5Kt.o
                                        0x840 (size before relaxing)

.stabstr        0x0000000000000000     0x10db
 *(.stabstr)
 .stabstr       0x0000000000000000     0x10db /tmp/ccbZXpMk.o

.stab.excl
 *(.stab.excl)

.stab.exclstr
 *(.stab.exclstr)

.stab.index
 *(.stab.index)

.stab.indexstr
 *(.stab.indexstr)

.comment        0x0000000000000000       0x11
 *(.comment)
 .comment       0x0000000000000000       0x11 /tmp/ccbZXpMk.o
                                         0x12 (size before relaxing)
 .comment       0x0000000000000000       0x12 /tmp/cccqU2iC.o
 .comment       0x0000000000000000       0x12 /tmp/ccrlVxYT.o
 .comment       0x0000000000000000       0x12 /tmp/cctPIeOb.o
 .comment       0x0000000000000000       0x12 /tmp/ccW2d5Kt.o

.note.gnu.build-id
 *(.note.gnu.build-id)

.debug
 *(.debug)

.line
 *(.line)

.debug_srcinfo
 *(.debug_srcinfo)

.debug_sfnames
 *(.debug_sfnames)

.debug_aranges
 *(.debug_aranges)

.debug_pubnames
 *(.debug_pubnames)

.debug_info
 *(.debug_info .gnu.linkonce.wi.*)

.debug_abbrev
 *(.debug_abbrev)

.debug_line
 *(.debug_line .debug_line.* .debug_line_end)

.debug_frame
 *(.debug_frame)

.debug_str
 *(.debug_str)

.debug_loc
 *(.debug_loc)

.debug_macinfo
 *(.debug_macinfo)

.debug_weaknames
 *(.debug_weaknames)

.debug_funcnames
 *(.debug_funcnames)

.debug_typenames
 *(.debug_typenames)

.debug_varnames
 *(.debug_varnames)

.debug_pubtypes
 *(.debug_pubtypes)

.debug_ranges
 *(.debug_ranges)

.debug_macro
 *(.debug_macro)
OUTPUT(7SegClock.elf elf32-avr)
LOAD linker stubs
