GAS LISTING /tmp/ccEhoeyN.s 			page 1


   1               		.file	"main.c"
   2               	__SP_H__ = 0x3e
   3               	__SP_L__ = 0x3d
   4               	__SREG__ = 0x3f
   5               	__tmp_reg__ = 0
   6               	__zero_reg__ = 1
   7               		.stabs	"/home/edward/Microcontroller/Atmega328p/ConstantPowerLoad/",100,0,2,.Ltext0
   8               		.stabs	"main.c",100,0,2,.Ltext0
   9               		.text
  10               	.Ltext0:
  11               		.stabs	"gcc2_compiled.",60,0,0,0
  12               		.stabs	"int:t(0,1)=r(0,1);-32768;32767;",128,0,0,0
  13               		.stabs	"char:t(0,2)=@s8;r(0,2);0;255;",128,0,0,0
  14               		.stabs	"long int:t(0,3)=@s32;r(0,3);020000000000;017777777777;",128,0,0,0
  15               		.stabs	"unsigned int:t(0,4)=r(0,4);0;0177777;",128,0,0,0
  16               		.stabs	"long unsigned int:t(0,5)=@s32;r(0,5);0;037777777777;",128,0,0,0
  17               		.stabs	"long long int:t(0,6)=@s64;r(0,6);01000000000000000000000;0777777777777777777777;",128,0,0,
  18               		.stabs	"long long unsigned int:t(0,7)=@s64;r(0,7);0;01777777777777777777777;",128,0,0,0
  19               		.stabs	"short int:t(0,8)=r(0,8);-32768;32767;",128,0,0,0
  20               		.stabs	"short unsigned int:t(0,9)=r(0,9);0;0177777;",128,0,0,0
  21               		.stabs	"signed char:t(0,10)=@s8;r(0,10);-128;127;",128,0,0,0
  22               		.stabs	"unsigned char:t(0,11)=@s8;r(0,11);0;255;",128,0,0,0
  23               		.stabs	"float:t(0,12)=r(0,1);4;0;",128,0,0,0
  24               		.stabs	"double:t(0,13)=r(0,1);4;0;",128,0,0,0
  25               		.stabs	"long double:t(0,14)=r(0,1);4;0;",128,0,0,0
  26               		.stabs	"short _Fract:t(0,15)=r(0,1);1;0;",128,0,0,0
  27               		.stabs	"long _Fract:t(0,16)=r(0,1);4;0;",128,0,0,0
  28               		.stabs	"long long _Fract:t(0,17)=r(0,1);8;0;",128,0,0,0
  29               		.stabs	"unsigned short _Fract:t(0,18)=r(0,1);1;0;",128,0,0,0
  30               		.stabs	"unsigned _Fract:t(0,19)=r(0,1);2;0;",128,0,0,0
  31               		.stabs	"unsigned long _Fract:t(0,20)=r(0,1);4;0;",128,0,0,0
  32               		.stabs	"unsigned long long _Fract:t(0,21)=r(0,1);8;0;",128,0,0,0
  33               		.stabs	"_Sat short _Fract:t(0,22)=r(0,1);1;0;",128,0,0,0
  34               		.stabs	"_Sat _Fract:t(0,23)=r(0,1);2;0;",128,0,0,0
  35               		.stabs	"_Sat long _Fract:t(0,24)=r(0,1);4;0;",128,0,0,0
  36               		.stabs	"_Sat long long _Fract:t(0,25)=r(0,1);8;0;",128,0,0,0
  37               		.stabs	"_Sat unsigned short _Fract:t(0,26)=r(0,1);1;0;",128,0,0,0
  38               		.stabs	"_Sat unsigned _Fract:t(0,27)=r(0,1);2;0;",128,0,0,0
  39               		.stabs	"_Sat unsigned long _Fract:t(0,28)=r(0,1);4;0;",128,0,0,0
  40               		.stabs	"_Sat unsigned long long _Fract:t(0,29)=r(0,1);8;0;",128,0,0,0
  41               		.stabs	"short _Accum:t(0,30)=r(0,1);2;0;",128,0,0,0
  42               		.stabs	"long _Accum:t(0,31)=r(0,1);8;0;",128,0,0,0
  43               		.stabs	"long long _Accum:t(0,32)=r(0,1);8;0;",128,0,0,0
  44               		.stabs	"unsigned short _Accum:t(0,33)=r(0,1);2;0;",128,0,0,0
  45               		.stabs	"unsigned _Accum:t(0,34)=r(0,1);4;0;",128,0,0,0
  46               		.stabs	"unsigned long _Accum:t(0,35)=r(0,1);8;0;",128,0,0,0
  47               		.stabs	"unsigned long long _Accum:t(0,36)=r(0,1);8;0;",128,0,0,0
  48               		.stabs	"_Sat short _Accum:t(0,37)=r(0,1);2;0;",128,0,0,0
  49               		.stabs	"_Sat _Accum:t(0,38)=r(0,1);4;0;",128,0,0,0
  50               		.stabs	"_Sat long _Accum:t(0,39)=r(0,1);8;0;",128,0,0,0
  51               		.stabs	"_Sat long long _Accum:t(0,40)=r(0,1);8;0;",128,0,0,0
  52               		.stabs	"_Sat unsigned short _Accum:t(0,41)=r(0,1);2;0;",128,0,0,0
  53               		.stabs	"_Sat unsigned _Accum:t(0,42)=r(0,1);4;0;",128,0,0,0
  54               		.stabs	"_Sat unsigned long _Accum:t(0,43)=r(0,1);8;0;",128,0,0,0
  55               		.stabs	"_Sat unsigned long long _Accum:t(0,44)=r(0,1);8;0;",128,0,0,0
  56               		.stabs	"void:t(0,45)=(0,45)",128,0,0,0
  57               		.stabs	"/usr/lib/avr/include/avr/io.h",130,0,0,0
GAS LISTING /tmp/ccEhoeyN.s 			page 2


  58               		.stabs	"/usr/lib/avr/include/avr/sfr_defs.h",130,0,0,0
  59               		.stabs	"/usr/lib/avr/include/inttypes.h",130,0,0,0
  60               		.stabs	"/usr/lib/gcc/avr/4.8.2/include/stdint.h",130,0,0,0
  61               		.stabs	"/usr/lib/avr/include/stdint.h",130,0,0,0
  62               		.stabs	"int8_t:t(5,1)=(0,10)",128,0,121,0
  63               		.stabs	"uint8_t:t(5,2)=(0,11)",128,0,122,0
  64               		.stabs	"int16_t:t(5,3)=(0,1)",128,0,123,0
  65               		.stabs	"uint16_t:t(5,4)=(0,4)",128,0,124,0
  66               		.stabs	"int32_t:t(5,5)=(0,3)",128,0,125,0
  67               		.stabs	"uint32_t:t(5,6)=(0,5)",128,0,126,0
  68               		.stabs	"int64_t:t(5,7)=(0,6)",128,0,128,0
  69               		.stabs	"uint64_t:t(5,8)=(0,7)",128,0,129,0
  70               		.stabs	"intptr_t:t(5,9)=(5,3)",128,0,142,0
  71               		.stabs	"uintptr_t:t(5,10)=(5,4)",128,0,147,0
  72               		.stabs	"int_least8_t:t(5,11)=(5,1)",128,0,159,0
  73               		.stabs	"uint_least8_t:t(5,12)=(5,2)",128,0,164,0
  74               		.stabs	"int_least16_t:t(5,13)=(5,3)",128,0,169,0
  75               		.stabs	"uint_least16_t:t(5,14)=(5,4)",128,0,174,0
  76               		.stabs	"int_least32_t:t(5,15)=(5,5)",128,0,179,0
  77               		.stabs	"uint_least32_t:t(5,16)=(5,6)",128,0,184,0
  78               		.stabs	"int_least64_t:t(5,17)=(5,7)",128,0,192,0
  79               		.stabs	"uint_least64_t:t(5,18)=(5,8)",128,0,199,0
  80               		.stabs	"int_fast8_t:t(5,19)=(5,1)",128,0,213,0
  81               		.stabs	"uint_fast8_t:t(5,20)=(5,2)",128,0,218,0
  82               		.stabs	"int_fast16_t:t(5,21)=(5,3)",128,0,223,0
  83               		.stabs	"uint_fast16_t:t(5,22)=(5,4)",128,0,228,0
  84               		.stabs	"int_fast32_t:t(5,23)=(5,5)",128,0,233,0
  85               		.stabs	"uint_fast32_t:t(5,24)=(5,6)",128,0,238,0
  86               		.stabs	"int_fast64_t:t(5,25)=(5,7)",128,0,246,0
  87               		.stabs	"uint_fast64_t:t(5,26)=(5,8)",128,0,253,0
  88               		.stabs	"intmax_t:t(5,27)=(5,7)",128,0,273,0
  89               		.stabs	"uintmax_t:t(5,28)=(5,8)",128,0,278,0
  90               		.stabn	162,0,0,0
  91               		.stabn	162,0,0,0
  92               		.stabs	"int_farptr_t:t(3,1)=(5,5)",128,0,77,0
  93               		.stabs	"uint_farptr_t:t(3,2)=(5,6)",128,0,81,0
  94               		.stabn	162,0,0,0
  95               		.stabn	162,0,0,0
  96               		.stabs	"/usr/lib/avr/include/avr/fuse.h",130,0,0,0
  97               		.stabs	"__fuse_t:t(6,1)=(6,2)=s3low:(0,11),0,8;high:(0,11),8,8;extended:(0,11),16,8;;",128,0,244,0
  98               		.stabn	162,0,0,0
  99               		.stabn	162,0,0,0
 100               	.global	__floatunsisf
 101               	.global	__mulsf3
 102               	.global	__fixunssfsi
 103               	.global	__divsf3
 104               		.section	.rodata
 105               	.LC0:
 106 0000 FC        		.byte	-4
 107 0001 60        		.byte	96
 108 0002 DA        		.byte	-38
 109 0003 F2        		.byte	-14
 110 0004 66        		.byte	102
 111 0005 B6        		.byte	-74
 112 0006 3E        		.byte	62
 113 0007 E0        		.byte	-32
 114 0008 FE        		.byte	-2
GAS LISTING /tmp/ccEhoeyN.s 			page 3


 115 0009 E6        		.byte	-26
 116               		.section	.text.startup,"ax",@progbits
 117               		.stabs	"main:F(0,1)",36,0,11,main
 118               	.global	main
 119               		.type	main, @function
 120               	main:
 121               		.stabd	46,0,0
   1:main.c        **** #include <avr/io.h>
   2:main.c        **** #include "ADC.h"
   3:main.c        **** #include "ShiftOut.h"
   4:main.c        **** 
   5:main.c        **** #define ResistorFixed 1.2
   6:main.c        **** #define RefVoltage 5.
   7:main.c        **** #define LatchPin 1
   8:main.c        **** #define ClockPin 2
   9:main.c        **** #define DataPin 3
  10:main.c        **** 
  11:main.c        **** int main(void){
 122               		.stabn	68,0,11,.LM0-.LFBB1
 123               	.LM0:
 124               	.LFBB1:
 125 0000 CF93      		push r28
 126 0002 DF93      		push r29
 127 0004 CDB7      		in r28,__SP_L__
 128 0006 DEB7      		in r29,__SP_H__
 129 0008 2A97      		sbiw r28,10
 130 000a 0FB6      		in __tmp_reg__,__SREG__
 131 000c F894      		cli
 132 000e DEBF      		out __SP_H__,r29
 133 0010 0FBE      		out __SREG__,__tmp_reg__
 134 0012 CDBF      		out __SP_L__,r28
 135               	/* prologue: function */
 136               	/* frame size = 10 */
 137               	/* stack size = 12 */
 138               	.L__stack_usage = 12
  12:main.c        ****   
  13:main.c        ****   ADCInitilize();
 139               		.stabn	68,0,13,.LM1-.LFBB1
 140               	.LM1:
 141 0014 0E94 0000 		call ADCInitilize
  14:main.c        ****   uint8_t numbers[] = {252,96,218,242,102,182,62,224,254,230};
 142               		.stabn	68,0,14,.LM2-.LFBB1
 143               	.LM2:
 144 0018 8AE0      		ldi r24,lo8(10)
 145 001a E0E0      		ldi r30,lo8(.LC0)
 146 001c F0E0      		ldi r31,hi8(.LC0)
 147 001e DE01      		movw r26,r28
 148 0020 1196      		adiw r26,1
 149               		0:
 150 0022 0190      		ld r0,Z+
 151 0024 0D92      		st X+,r0
 152 0026 8A95      		dec r24
 153 0028 01F4      		brne 0b
  15:main.c        ****   
  16:main.c        ****   DDRD = 0xFF;
 154               		.stabn	68,0,16,.LM3-.LFBB1
 155               	.LM3:
GAS LISTING /tmp/ccEhoeyN.s 			page 4


 156 002a 8FEF      		ldi r24,lo8(-1)
 157 002c 8AB9      		out 0xa,r24
  17:main.c        ****   PORTD |= 1<<LatchPin;
 158               		.stabn	68,0,17,.LM4-.LFBB1
 159               	.LM4:
 160 002e 599A      		sbi 0xb,1
 161               	.LBB2:
  18:main.c        **** 
  19:main.c        ****   for(;;){
  20:main.c        ****     
  21:main.c        ****     static uint16_t V_BatteryRead;
  22:main.c        ****     static uint16_t V_SetRead;
  23:main.c        ****     static uint16_t V_R_OutRead;
  24:main.c        ****     static uint16_t V_Battery;
  25:main.c        ****     static uint16_t V_Set;
  26:main.c        ****     static uint16_t V_R_Out;
  27:main.c        ****     static uint16_t Power;
  28:main.c        ****     static uint16_t PowerThousands;
  29:main.c        ****     static uint16_t PowerHundreds;
  30:main.c        ****     static uint16_t PowerTens;
  31:main.c        ****     static uint16_t PowerOnes;
  32:main.c        **** 
  33:main.c        ****     V_BatteryRead = ADCRead(1, 1);
  34:main.c        ****     V_SetRead = ADCRead(1, 1);
  35:main.c        ****     V_R_OutRead = ADCRead(1, 1);
  36:main.c        **** 
  37:main.c        ****     V_Battery = ((double)V_BatteryRead / 1024.) * RefVoltage;
  38:main.c        ****     V_Set = ((double)V_SetRead / 1024.) * RefVoltage;
  39:main.c        ****     V_R_Out = ((double)V_R_OutRead / 1024.) * RefVoltage;
  40:main.c        **** 
  41:main.c        ****     Power = (((double)V_Set / ResistorFixed) * (double)V_Battery) * 1000;
  42:main.c        **** 
  43:main.c        ****     PowerThousands = (Power - (Power % 1000)) / 1000;
 162               		.stabn	68,0,43,.LM5-.LFBB1
 163               	.LM5:
 164 0030 08EE      		ldi r16,lo8(-24)
 165 0032 13E0      		ldi r17,lo8(3)
  44:main.c        ****     PowerHundreds = (Power - (PowerThousands * 1000) - (Power % 100)) / 100;
 166               		.stabn	68,0,44,.LM6-.LFBB1
 167               	.LM6:
 168 0034 84E6      		ldi r24,lo8(100)
 169 0036 A82E      		mov r10,r24
 170 0038 B12C      		mov r11,__zero_reg__
  45:main.c        ****     PowerTens = (Power - (PowerThousands * 1000) - (PowerHundreds * 100) - (Power % 10)) / 10;
 171               		.stabn	68,0,45,.LM7-.LFBB1
 172               	.LM7:
 173 003a 9AE0      		ldi r25,lo8(10)
 174 003c 292E      		mov r2,r25
 175 003e 312C      		mov r3,__zero_reg__
 176               	.L2:
  33:main.c        ****     V_BatteryRead = ADCRead(1, 1);
 177               		.stabn	68,0,33,.LM8-.LFBB1
 178               	.LM8:
 179 0040 61E0      		ldi r22,lo8(1)
 180 0042 81E0      		ldi r24,lo8(1)
 181 0044 0E94 0000 		call ADCRead
 182 0048 9093 0000 		sts V_BatteryRead.1378+1,r25
GAS LISTING /tmp/ccEhoeyN.s 			page 5


 183 004c 8093 0000 		sts V_BatteryRead.1378,r24
  34:main.c        ****     V_SetRead = ADCRead(1, 1);
 184               		.stabn	68,0,34,.LM9-.LFBB1
 185               	.LM9:
 186 0050 61E0      		ldi r22,lo8(1)
 187 0052 81E0      		ldi r24,lo8(1)
 188 0054 0E94 0000 		call ADCRead
 189 0058 9093 0000 		sts V_SetRead.1379+1,r25
 190 005c 8093 0000 		sts V_SetRead.1379,r24
  35:main.c        ****     V_R_OutRead = ADCRead(1, 1);
 191               		.stabn	68,0,35,.LM10-.LFBB1
 192               	.LM10:
 193 0060 61E0      		ldi r22,lo8(1)
 194 0062 81E0      		ldi r24,lo8(1)
 195 0064 0E94 0000 		call ADCRead
 196 0068 4C01      		movw r8,r24
 197 006a 9093 0000 		sts V_R_OutRead.1380+1,r25
 198 006e 8093 0000 		sts V_R_OutRead.1380,r24
  37:main.c        ****     V_Battery = ((double)V_BatteryRead / 1024.) * RefVoltage;
 199               		.stabn	68,0,37,.LM11-.LFBB1
 200               	.LM11:
 201 0072 6091 0000 		lds r22,V_BatteryRead.1378
 202 0076 7091 0000 		lds r23,V_BatteryRead.1378+1
 203 007a 80E0      		ldi r24,0
 204 007c 90E0      		ldi r25,0
 205 007e 0E94 0000 		call __floatunsisf
 206 0082 20E0      		ldi r18,0
 207 0084 30E0      		ldi r19,0
 208 0086 40E8      		ldi r20,lo8(-128)
 209 0088 5AE3      		ldi r21,lo8(58)
 210 008a 0E94 0000 		call __mulsf3
 211 008e 20E0      		ldi r18,0
 212 0090 30E0      		ldi r19,0
 213 0092 40EA      		ldi r20,lo8(-96)
 214 0094 50E4      		ldi r21,lo8(64)
 215 0096 0E94 0000 		call __mulsf3
 216 009a 0E94 0000 		call __fixunssfsi
 217 009e 6B01      		movw r12,r22
 218 00a0 7C01      		movw r14,r24
 219 00a2 7093 0000 		sts V_Battery.1381+1,r23
 220 00a6 6093 0000 		sts V_Battery.1381,r22
  38:main.c        ****     V_Set = ((double)V_SetRead / 1024.) * RefVoltage;
 221               		.stabn	68,0,38,.LM12-.LFBB1
 222               	.LM12:
 223 00aa 6091 0000 		lds r22,V_SetRead.1379
 224 00ae 7091 0000 		lds r23,V_SetRead.1379+1
 225 00b2 80E0      		ldi r24,0
 226 00b4 90E0      		ldi r25,0
 227 00b6 0E94 0000 		call __floatunsisf
 228 00ba 20E0      		ldi r18,0
 229 00bc 30E0      		ldi r19,0
 230 00be 40E8      		ldi r20,lo8(-128)
 231 00c0 5AE3      		ldi r21,lo8(58)
 232 00c2 0E94 0000 		call __mulsf3
 233 00c6 20E0      		ldi r18,0
 234 00c8 30E0      		ldi r19,0
 235 00ca 40EA      		ldi r20,lo8(-96)
GAS LISTING /tmp/ccEhoeyN.s 			page 6


 236 00cc 50E4      		ldi r21,lo8(64)
 237 00ce 0E94 0000 		call __mulsf3
 238 00d2 0E94 0000 		call __fixunssfsi
 239 00d6 2B01      		movw r4,r22
 240 00d8 3C01      		movw r6,r24
 241 00da 7093 0000 		sts V_Set.1382+1,r23
 242 00de 6093 0000 		sts V_Set.1382,r22
  39:main.c        ****     V_R_Out = ((double)V_R_OutRead / 1024.) * RefVoltage;
 243               		.stabn	68,0,39,.LM13-.LFBB1
 244               	.LM13:
 245 00e2 B401      		movw r22,r8
 246 00e4 80E0      		ldi r24,0
 247 00e6 90E0      		ldi r25,0
 248 00e8 0E94 0000 		call __floatunsisf
 249 00ec 20E0      		ldi r18,0
 250 00ee 30E0      		ldi r19,0
 251 00f0 40E8      		ldi r20,lo8(-128)
 252 00f2 5AE3      		ldi r21,lo8(58)
 253 00f4 0E94 0000 		call __mulsf3
 254 00f8 20E0      		ldi r18,0
 255 00fa 30E0      		ldi r19,0
 256 00fc 40EA      		ldi r20,lo8(-96)
 257 00fe 50E4      		ldi r21,lo8(64)
 258 0100 0E94 0000 		call __mulsf3
 259 0104 0E94 0000 		call __fixunssfsi
 260 0108 7093 0000 		sts V_R_Out.1383+1,r23
 261 010c 6093 0000 		sts V_R_Out.1383,r22
  41:main.c        ****     Power = (((double)V_Set / ResistorFixed) * (double)V_Battery) * 1000;
 262               		.stabn	68,0,41,.LM14-.LFBB1
 263               	.LM14:
 264 0110 B201      		movw r22,r4
 265 0112 80E0      		ldi r24,0
 266 0114 90E0      		ldi r25,0
 267 0116 0E94 0000 		call __floatunsisf
 268 011a 2AE9      		ldi r18,lo8(-102)
 269 011c 39E9      		ldi r19,lo8(-103)
 270 011e 49E9      		ldi r20,lo8(-103)
 271 0120 5FE3      		ldi r21,lo8(63)
 272 0122 0E94 0000 		call __divsf3
 273 0126 2B01      		movw r4,r22
 274 0128 3C01      		movw r6,r24
 275 012a B601      		movw r22,r12
 276 012c 80E0      		ldi r24,0
 277 012e 90E0      		ldi r25,0
 278 0130 0E94 0000 		call __floatunsisf
 279 0134 9B01      		movw r18,r22
 280 0136 AC01      		movw r20,r24
 281 0138 C301      		movw r24,r6
 282 013a B201      		movw r22,r4
 283 013c 0E94 0000 		call __mulsf3
 284 0140 20E0      		ldi r18,0
 285 0142 30E0      		ldi r19,0
 286 0144 4AE7      		ldi r20,lo8(122)
 287 0146 54E4      		ldi r21,lo8(68)
 288 0148 0E94 0000 		call __mulsf3
 289 014c 0E94 0000 		call __fixunssfsi
 290 0150 6B01      		movw r12,r22
GAS LISTING /tmp/ccEhoeyN.s 			page 7


 291 0152 7C01      		movw r14,r24
 292 0154 9B01      		movw r18,r22
 293 0156 7093 0000 		sts Power.1384+1,r23
 294 015a 6093 0000 		sts Power.1384,r22
  43:main.c        ****     PowerThousands = (Power - (Power % 1000)) / 1000;
 295               		.stabn	68,0,43,.LM15-.LFBB1
 296               	.LM15:
 297 015e CB01      		movw r24,r22
 298 0160 B801      		movw r22,r16
 299 0162 0E94 0000 		call __udivmodhi4
 300 0166 A601      		movw r20,r12
 301 0168 481B      		sub r20,r24
 302 016a 590B      		sbc r21,r25
 303 016c CA01      		movw r24,r20
 304 016e B801      		movw r22,r16
 305 0170 0E94 0000 		call __udivmodhi4
 306 0174 7093 0000 		sts PowerThousands.1385+1,r23
 307 0178 6093 0000 		sts PowerThousands.1385,r22
  44:main.c        ****     PowerHundreds = (Power - (PowerThousands * 1000) - (Power % 100)) / 100;
 308               		.stabn	68,0,44,.LM16-.LFBB1
 309               	.LM16:
 310 017c 609F      		mul r22,r16
 311 017e C001      		movw r24,r0
 312 0180 619F      		mul r22,r17
 313 0182 900D      		add r25,r0
 314 0184 709F      		mul r23,r16
 315 0186 900D      		add r25,r0
 316 0188 1124      		clr r1
 317 018a C81A      		sub r12,r24
 318 018c D90A      		sbc r13,r25
 319 018e C901      		movw r24,r18
 320 0190 B501      		movw r22,r10
 321 0192 0E94 0000 		call __udivmodhi4
 322 0196 A601      		movw r20,r12
 323 0198 481B      		sub r20,r24
 324 019a 590B      		sbc r21,r25
 325 019c CA01      		movw r24,r20
 326 019e B501      		movw r22,r10
 327 01a0 0E94 0000 		call __udivmodhi4
 328 01a4 FB01      		movw r30,r22
 329 01a6 7093 0000 		sts PowerHundreds.1386+1,r23
 330 01aa 6093 0000 		sts PowerHundreds.1386,r22
 331               		.stabn	68,0,45,.LM17-.LFBB1
 332               	.LM17:
 333 01ae C901      		movw r24,r18
 334 01b0 B101      		movw r22,r2
 335 01b2 0E94 0000 		call __udivmodhi4
 336 01b6 9C01      		movw r18,r24
 337 01b8 54E6      		ldi r21,lo8(100)
 338 01ba 5E9F      		mul r21,r30
 339 01bc C001      		movw r24,r0
 340 01be 5F9F      		mul r21,r31
 341 01c0 900D      		add r25,r0
 342 01c2 1124      		clr __zero_reg__
 343 01c4 A601      		movw r20,r12
 344 01c6 481B      		sub r20,r24
 345 01c8 590B      		sbc r21,r25
GAS LISTING /tmp/ccEhoeyN.s 			page 8


 346 01ca CA01      		movw r24,r20
 347 01cc 821B      		sub r24,r18
 348 01ce 930B      		sbc r25,r19
 349 01d0 B101      		movw r22,r2
 350 01d2 0E94 0000 		call __udivmodhi4
 351 01d6 7093 0000 		sts PowerTens.1387+1,r23
 352 01da 6093 0000 		sts PowerTens.1387,r22
  46:main.c        ****     PowerOnes = (Power % 10);
 353               		.stabn	68,0,46,.LM18-.LFBB1
 354               	.LM18:
 355 01de 3093 0000 		sts PowerOnes.1388+1,r19
 356 01e2 2093 0000 		sts PowerOnes.1388,r18
  47:main.c        **** 
  48:main.c        ****     PORTD &= ~(1<<LatchPin);
 357               		.stabn	68,0,48,.LM19-.LFBB1
 358               	.LM19:
 359 01e6 5998      		cbi 0xb,1
  49:main.c        ****     ShiftOut(ClockPin, DataPin, numbers[PowerOnes]);
 360               		.stabn	68,0,49,.LM20-.LFBB1
 361               	.LM20:
 362 01e8 E091 0000 		lds r30,PowerOnes.1388
 363 01ec F091 0000 		lds r31,PowerOnes.1388+1
 364 01f0 81E0      		ldi r24,lo8(1)
 365 01f2 90E0      		ldi r25,0
 366 01f4 8C0F      		add r24,r28
 367 01f6 9D1F      		adc r25,r29
 368 01f8 E80F      		add r30,r24
 369 01fa F91F      		adc r31,r25
 370 01fc 4081      		ld r20,Z
 371 01fe 50E0      		ldi r21,0
 372 0200 63E0      		ldi r22,lo8(3)
 373 0202 70E0      		ldi r23,0
 374 0204 82E0      		ldi r24,lo8(2)
 375 0206 90E0      		ldi r25,0
 376 0208 0E94 0000 		call ShiftOut
  50:main.c        ****     ShiftOut(ClockPin, DataPin, numbers[PowerTens]);
 377               		.stabn	68,0,50,.LM21-.LFBB1
 378               	.LM21:
 379 020c E091 0000 		lds r30,PowerTens.1387
 380 0210 F091 0000 		lds r31,PowerTens.1387+1
 381 0214 41E0      		ldi r20,lo8(1)
 382 0216 50E0      		ldi r21,0
 383 0218 4C0F      		add r20,r28
 384 021a 5D1F      		adc r21,r29
 385 021c E40F      		add r30,r20
 386 021e F51F      		adc r31,r21
 387 0220 4081      		ld r20,Z
 388 0222 50E0      		ldi r21,0
 389 0224 63E0      		ldi r22,lo8(3)
 390 0226 70E0      		ldi r23,0
 391 0228 82E0      		ldi r24,lo8(2)
 392 022a 90E0      		ldi r25,0
 393 022c 0E94 0000 		call ShiftOut
  51:main.c        ****     ShiftOut(ClockPin, DataPin, numbers[PowerHundreds]);
 394               		.stabn	68,0,51,.LM22-.LFBB1
 395               	.LM22:
 396 0230 E091 0000 		lds r30,PowerHundreds.1386
GAS LISTING /tmp/ccEhoeyN.s 			page 9


 397 0234 F091 0000 		lds r31,PowerHundreds.1386+1
 398 0238 81E0      		ldi r24,lo8(1)
 399 023a 90E0      		ldi r25,0
 400 023c 8C0F      		add r24,r28
 401 023e 9D1F      		adc r25,r29
 402 0240 E80F      		add r30,r24
 403 0242 F91F      		adc r31,r25
 404 0244 4081      		ld r20,Z
 405 0246 50E0      		ldi r21,0
 406 0248 63E0      		ldi r22,lo8(3)
 407 024a 70E0      		ldi r23,0
 408 024c 82E0      		ldi r24,lo8(2)
 409 024e 90E0      		ldi r25,0
 410 0250 0E94 0000 		call ShiftOut
  52:main.c        ****     ShiftOut(ClockPin, DataPin, numbers[PowerThousands]);
 411               		.stabn	68,0,52,.LM23-.LFBB1
 412               	.LM23:
 413 0254 E091 0000 		lds r30,PowerThousands.1385
 414 0258 F091 0000 		lds r31,PowerThousands.1385+1
 415 025c 41E0      		ldi r20,lo8(1)
 416 025e 50E0      		ldi r21,0
 417 0260 4C0F      		add r20,r28
 418 0262 5D1F      		adc r21,r29
 419 0264 E40F      		add r30,r20
 420 0266 F51F      		adc r31,r21
 421 0268 4081      		ld r20,Z
 422 026a 50E0      		ldi r21,0
 423 026c 63E0      		ldi r22,lo8(3)
 424 026e 70E0      		ldi r23,0
 425 0270 82E0      		ldi r24,lo8(2)
 426 0272 90E0      		ldi r25,0
 427 0274 0E94 0000 		call ShiftOut
  53:main.c        ****     PORTD |= (1<<LatchPin);         
 428               		.stabn	68,0,53,.LM24-.LFBB1
 429               	.LM24:
 430 0278 599A      		sbi 0xb,1
 431 027a 00C0      		rjmp .L2
 432               	.LBE2:
 433               		.size	main, .-main
 434               		.stabs	"numbers:(0,46)=ar(0,47)=r(0,47);0;0177777;;0;9;(5,2)",128,0,14,1
 435               		.stabn	192,0,0,.LFBB1-.LFBB1
 436               		.stabs	"V_BatteryRead:V(5,4)",40,0,21,V_BatteryRead.1378
 437               		.stabs	"V_SetRead:V(5,4)",40,0,22,V_SetRead.1379
 438               		.stabs	"V_R_OutRead:V(5,4)",40,0,23,V_R_OutRead.1380
 439               		.stabs	"V_Battery:V(5,4)",40,0,24,V_Battery.1381
 440               		.stabs	"V_Set:V(5,4)",40,0,25,V_Set.1382
 441               		.stabs	"V_R_Out:V(5,4)",40,0,26,V_R_Out.1383
 442               		.stabs	"Power:V(5,4)",40,0,27,Power.1384
 443               		.stabs	"PowerThousands:V(5,4)",40,0,28,PowerThousands.1385
 444               		.stabs	"PowerHundreds:V(5,4)",40,0,29,PowerHundreds.1386
 445               		.stabs	"PowerTens:V(5,4)",40,0,30,PowerTens.1387
 446               		.stabs	"PowerOnes:V(5,4)",40,0,31,PowerOnes.1388
 447               		.stabn	192,0,0,.LBB2-.LFBB1
 448               		.stabn	224,0,0,.LBE2-.LFBB1
 449               		.stabn	224,0,0,.Lscope1-.LFBB1
 450               	.Lscope1:
 451               		.stabs	"",36,0,0,.Lscope1-.LFBB1
GAS LISTING /tmp/ccEhoeyN.s 			page 10


 452               		.stabd	78,0,0
 453               		.local	PowerOnes.1388
 454               		.comm	PowerOnes.1388,2,1
 455               		.local	PowerTens.1387
 456               		.comm	PowerTens.1387,2,1
 457               		.local	PowerHundreds.1386
 458               		.comm	PowerHundreds.1386,2,1
 459               		.local	PowerThousands.1385
 460               		.comm	PowerThousands.1385,2,1
 461               		.local	Power.1384
 462               		.comm	Power.1384,2,1
 463               		.local	V_R_Out.1383
 464               		.comm	V_R_Out.1383,2,1
 465               		.local	V_Set.1382
 466               		.comm	V_Set.1382,2,1
 467               		.local	V_Battery.1381
 468               		.comm	V_Battery.1381,2,1
 469               		.local	V_R_OutRead.1380
 470               		.comm	V_R_OutRead.1380,2,1
 471               		.local	V_SetRead.1379
 472               		.comm	V_SetRead.1379,2,1
 473               		.local	V_BatteryRead.1378
 474               		.comm	V_BatteryRead.1378,2,1
 475               		.text
 476               		.stabs	"",100,0,0,.Letext0
 477               	.Letext0:
 478               		.ident	"GCC: (GNU) 4.8.2"
 479               	.global __do_copy_data
 480               	.global __do_clear_bss
GAS LISTING /tmp/ccEhoeyN.s 			page 11


DEFINED SYMBOLS
                            *ABS*:0000000000000000 main.c
     /tmp/ccEhoeyN.s:2      *ABS*:000000000000003e __SP_H__
     /tmp/ccEhoeyN.s:3      *ABS*:000000000000003d __SP_L__
     /tmp/ccEhoeyN.s:4      *ABS*:000000000000003f __SREG__
     /tmp/ccEhoeyN.s:5      *ABS*:0000000000000000 __tmp_reg__
     /tmp/ccEhoeyN.s:6      *ABS*:0000000000000001 __zero_reg__
     /tmp/ccEhoeyN.s:120    .text.startup:0000000000000000 main
     /tmp/ccEhoeyN.s:472    .bss:0000000000000014 V_BatteryRead.1378
     /tmp/ccEhoeyN.s:470    .bss:0000000000000012 V_SetRead.1379
     /tmp/ccEhoeyN.s:468    .bss:0000000000000010 V_R_OutRead.1380
     /tmp/ccEhoeyN.s:466    .bss:000000000000000e V_Battery.1381
     /tmp/ccEhoeyN.s:464    .bss:000000000000000c V_Set.1382
     /tmp/ccEhoeyN.s:462    .bss:000000000000000a V_R_Out.1383
     /tmp/ccEhoeyN.s:460    .bss:0000000000000008 Power.1384
     /tmp/ccEhoeyN.s:458    .bss:0000000000000006 PowerThousands.1385
     /tmp/ccEhoeyN.s:456    .bss:0000000000000004 PowerHundreds.1386
     /tmp/ccEhoeyN.s:454    .bss:0000000000000002 PowerTens.1387
                             .bss:0000000000000000 PowerOnes.1388

UNDEFINED SYMBOLS
__floatunsisf
__mulsf3
__fixunssfsi
__divsf3
ADCInitilize
ADCRead
__udivmodhi4
ShiftOut
__do_copy_data
__do_clear_bss
