GAS LISTING /tmp/cc3n6Vok.s 			page 1


   1               		.file	"IIC.c"
   2               	__SP_H__ = 0x3e
   3               	__SP_L__ = 0x3d
   4               	__SREG__ = 0x3f
   5               	__tmp_reg__ = 0
   6               	__zero_reg__ = 1
   7               		.stabs	"/home/edward/Microcontroller/Atmega328p/7SegClockBase/",100,0,2,.Ltext0
   8               		.stabs	"../Libraries/IIC/IIC.c",100,0,2,.Ltext0
   9               		.text
  10               	.Ltext0:
  11               		.stabs	"gcc2_compiled.",60,0,0,0
  12               		.stabs	"int:t(0,1)=r(0,1);-32768;32767;",128,0,0,0
  13               		.stabs	"char:t(0,2)=@s8;r(0,2);0;255;",128,0,0,0
  14               		.stabs	"long int:t(0,3)=@s32;r(0,3);020000000000;017777777777;",128,0,0,0
  15               		.stabs	"unsigned int:t(0,4)=r(0,4);0;0177777;",128,0,0,0
  16               		.stabs	"long unsigned int:t(0,5)=@s32;r(0,5);0;037777777777;",128,0,0,0
  17               		.stabs	"long long int:t(0,6)=@s64;r(0,6);01000000000000000000000;0777777777777777777777;",128,0,0,
  18               		.stabs	"long long unsigned int:t(0,7)=@s64;r(0,7);0;01777777777777777777777;",128,0,0,0
  19               		.stabs	"short int:t(0,8)=r(0,8);-32768;32767;",128,0,0,0
  20               		.stabs	"short unsigned int:t(0,9)=r(0,9);0;0177777;",128,0,0,0
  21               		.stabs	"signed char:t(0,10)=@s8;r(0,10);-128;127;",128,0,0,0
  22               		.stabs	"unsigned char:t(0,11)=@s8;r(0,11);0;255;",128,0,0,0
  23               		.stabs	"float:t(0,12)=r(0,1);4;0;",128,0,0,0
  24               		.stabs	"double:t(0,13)=r(0,1);4;0;",128,0,0,0
  25               		.stabs	"long double:t(0,14)=r(0,1);4;0;",128,0,0,0
  26               		.stabs	"short _Fract:t(0,15)=r(0,1);1;0;",128,0,0,0
  27               		.stabs	"long _Fract:t(0,16)=r(0,1);4;0;",128,0,0,0
  28               		.stabs	"long long _Fract:t(0,17)=r(0,1);8;0;",128,0,0,0
  29               		.stabs	"unsigned short _Fract:t(0,18)=r(0,1);1;0;",128,0,0,0
  30               		.stabs	"unsigned _Fract:t(0,19)=r(0,1);2;0;",128,0,0,0
  31               		.stabs	"unsigned long _Fract:t(0,20)=r(0,1);4;0;",128,0,0,0
  32               		.stabs	"unsigned long long _Fract:t(0,21)=r(0,1);8;0;",128,0,0,0
  33               		.stabs	"_Sat short _Fract:t(0,22)=r(0,1);1;0;",128,0,0,0
  34               		.stabs	"_Sat _Fract:t(0,23)=r(0,1);2;0;",128,0,0,0
  35               		.stabs	"_Sat long _Fract:t(0,24)=r(0,1);4;0;",128,0,0,0
  36               		.stabs	"_Sat long long _Fract:t(0,25)=r(0,1);8;0;",128,0,0,0
  37               		.stabs	"_Sat unsigned short _Fract:t(0,26)=r(0,1);1;0;",128,0,0,0
  38               		.stabs	"_Sat unsigned _Fract:t(0,27)=r(0,1);2;0;",128,0,0,0
  39               		.stabs	"_Sat unsigned long _Fract:t(0,28)=r(0,1);4;0;",128,0,0,0
  40               		.stabs	"_Sat unsigned long long _Fract:t(0,29)=r(0,1);8;0;",128,0,0,0
  41               		.stabs	"short _Accum:t(0,30)=r(0,1);2;0;",128,0,0,0
  42               		.stabs	"long _Accum:t(0,31)=r(0,1);8;0;",128,0,0,0
  43               		.stabs	"long long _Accum:t(0,32)=r(0,1);8;0;",128,0,0,0
  44               		.stabs	"unsigned short _Accum:t(0,33)=r(0,1);2;0;",128,0,0,0
  45               		.stabs	"unsigned _Accum:t(0,34)=r(0,1);4;0;",128,0,0,0
  46               		.stabs	"unsigned long _Accum:t(0,35)=r(0,1);8;0;",128,0,0,0
  47               		.stabs	"unsigned long long _Accum:t(0,36)=r(0,1);8;0;",128,0,0,0
  48               		.stabs	"_Sat short _Accum:t(0,37)=r(0,1);2;0;",128,0,0,0
  49               		.stabs	"_Sat _Accum:t(0,38)=r(0,1);4;0;",128,0,0,0
  50               		.stabs	"_Sat long _Accum:t(0,39)=r(0,1);8;0;",128,0,0,0
  51               		.stabs	"_Sat long long _Accum:t(0,40)=r(0,1);8;0;",128,0,0,0
  52               		.stabs	"_Sat unsigned short _Accum:t(0,41)=r(0,1);2;0;",128,0,0,0
  53               		.stabs	"_Sat unsigned _Accum:t(0,42)=r(0,1);4;0;",128,0,0,0
  54               		.stabs	"_Sat unsigned long _Accum:t(0,43)=r(0,1);8;0;",128,0,0,0
  55               		.stabs	"_Sat unsigned long long _Accum:t(0,44)=r(0,1);8;0;",128,0,0,0
  56               		.stabs	"void:t(0,45)=(0,45)",128,0,0,0
  57               		.stabs	"/usr/lib/avr/include/avr/io.h",130,0,0,0
GAS LISTING /tmp/cc3n6Vok.s 			page 2


  58               		.stabs	"/usr/lib/avr/include/avr/sfr_defs.h",130,0,0,0
  59               		.stabs	"/usr/lib/avr/include/inttypes.h",130,0,0,0
  60               		.stabs	"/usr/lib/gcc/avr/4.8.1/include/stdint.h",130,0,0,0
  61               		.stabs	"/usr/lib/avr/include/stdint.h",130,0,0,0
  62               		.stabs	"int8_t:t(5,1)=(0,10)",128,0,121,0
  63               		.stabs	"uint8_t:t(5,2)=(0,11)",128,0,122,0
  64               		.stabs	"int16_t:t(5,3)=(0,1)",128,0,123,0
  65               		.stabs	"uint16_t:t(5,4)=(0,4)",128,0,124,0
  66               		.stabs	"int32_t:t(5,5)=(0,3)",128,0,125,0
  67               		.stabs	"uint32_t:t(5,6)=(0,5)",128,0,126,0
  68               		.stabs	"int64_t:t(5,7)=(0,6)",128,0,128,0
  69               		.stabs	"uint64_t:t(5,8)=(0,7)",128,0,129,0
  70               		.stabs	"intptr_t:t(5,9)=(5,3)",128,0,142,0
  71               		.stabs	"uintptr_t:t(5,10)=(5,4)",128,0,147,0
  72               		.stabs	"int_least8_t:t(5,11)=(5,1)",128,0,159,0
  73               		.stabs	"uint_least8_t:t(5,12)=(5,2)",128,0,164,0
  74               		.stabs	"int_least16_t:t(5,13)=(5,3)",128,0,169,0
  75               		.stabs	"uint_least16_t:t(5,14)=(5,4)",128,0,174,0
  76               		.stabs	"int_least32_t:t(5,15)=(5,5)",128,0,179,0
  77               		.stabs	"uint_least32_t:t(5,16)=(5,6)",128,0,184,0
  78               		.stabs	"int_least64_t:t(5,17)=(5,7)",128,0,192,0
  79               		.stabs	"uint_least64_t:t(5,18)=(5,8)",128,0,199,0
  80               		.stabs	"int_fast8_t:t(5,19)=(5,1)",128,0,213,0
  81               		.stabs	"uint_fast8_t:t(5,20)=(5,2)",128,0,218,0
  82               		.stabs	"int_fast16_t:t(5,21)=(5,3)",128,0,223,0
  83               		.stabs	"uint_fast16_t:t(5,22)=(5,4)",128,0,228,0
  84               		.stabs	"int_fast32_t:t(5,23)=(5,5)",128,0,233,0
  85               		.stabs	"uint_fast32_t:t(5,24)=(5,6)",128,0,238,0
  86               		.stabs	"int_fast64_t:t(5,25)=(5,7)",128,0,246,0
  87               		.stabs	"uint_fast64_t:t(5,26)=(5,8)",128,0,253,0
  88               		.stabs	"intmax_t:t(5,27)=(5,7)",128,0,273,0
  89               		.stabs	"uintmax_t:t(5,28)=(5,8)",128,0,278,0
  90               		.stabn	162,0,0,0
  91               		.stabn	162,0,0,0
  92               		.stabs	"int_farptr_t:t(3,1)=(5,5)",128,0,77,0
  93               		.stabs	"uint_farptr_t:t(3,2)=(5,6)",128,0,81,0
  94               		.stabn	162,0,0,0
  95               		.stabn	162,0,0,0
  96               		.stabs	"/usr/lib/avr/include/avr/fuse.h",130,0,0,0
  97               		.stabs	"__fuse_t:t(6,1)=(6,2)=s3low:(0,11),0,8;high:(0,11),8,8;extended:(0,11),16,8;;",128,0,244,0
  98               		.stabn	162,0,0,0
  99               		.stabn	162,0,0,0
 100               		.stabs	"IICTransmitMasterWrite:F(0,45)",36,0,7,IICTransmitMasterWrite
 101               		.stabs	"SlaveAddress:P(0,2)",64,0,7,24
 102               	.global	IICTransmitMasterWrite
 103               		.type	IICTransmitMasterWrite, @function
 104               	IICTransmitMasterWrite:
 105               		.stabd	46,0,0
   1:../Libraries/IIC/IIC.c **** #include <avr/io.h>
   2:../Libraries/IIC/IIC.c **** #include <avr/interrupt.h>
   3:../Libraries/IIC/IIC.c **** 
   4:../Libraries/IIC/IIC.c **** //#define START 1
   5:../Libraries/IIC/IIC.c **** 
   6:../Libraries/IIC/IIC.c **** 
   7:../Libraries/IIC/IIC.c **** void IICTransmitMasterWrite(char SlaveAddress, int Data){
 106               		.stabn	68,0,7,.LM0-.LFBB1
 107               	.LM0:
GAS LISTING /tmp/cc3n6Vok.s 			page 3


 108               	.LFBB1:
 109               	/* prologue: function */
 110               	/* frame size = 0 */
 111               	/* stack size = 0 */
 112               	.L__stack_usage = 0
   8:../Libraries/IIC/IIC.c **** 
   9:../Libraries/IIC/IIC.c ****   TWCR = (1 << TWINT) | (1 << TWSTA) | (1 << TWEN); //Send start condition
 113               		.stabn	68,0,9,.LM1-.LFBB1
 114               	.LM1:
 115 0000 94EA      		ldi r25,lo8(-92)
 116 0002 9093 BC00 		sts 188,r25
 117               	.L3:
  10:../Libraries/IIC/IIC.c **** 
  11:../Libraries/IIC/IIC.c ****   while (!(TWCR & (1 << TWINT))){} //Wait for TWINT Flag to set. This indicates that START has been
 118               		.stabn	68,0,11,.LM2-.LFBB1
 119               	.LM2:
 120 0006 9091 BC00 		lds r25,188
 121 000a 97FF      		sbrs r25,7
 122 000c 00C0      		rjmp .L3
  12:../Libraries/IIC/IIC.c **** 
  13:../Libraries/IIC/IIC.c ****   //  if((TWSR & 0xF8) != START){
  14:../Libraries/IIC/IIC.c ****   //    IICError();
  15:../Libraries/IIC/IIC.c ****   //  }
  16:../Libraries/IIC/IIC.c **** 
  17:../Libraries/IIC/IIC.c ****   TWDR = SlaveAddress | (0<<0);
 123               		.stabn	68,0,17,.LM3-.LFBB1
 124               	.LM3:
 125 000e 8093 BB00 		sts 187,r24
  18:../Libraries/IIC/IIC.c ****   TWCR = (1 << TWINT) | (1 << TWEN);
 126               		.stabn	68,0,18,.LM4-.LFBB1
 127               	.LM4:
 128 0012 84E8      		ldi r24,lo8(-124)
 129 0014 8093 BC00 		sts 188,r24
 130               	.L5:
  19:../Libraries/IIC/IIC.c ****   while (!(TWCR & (1 << TWINT))){}
 131               		.stabn	68,0,19,.LM5-.LFBB1
 132               	.LM5:
 133 0018 8091 BC00 		lds r24,188
 134 001c 87FF      		sbrs r24,7
 135 001e 00C0      		rjmp .L5
  20:../Libraries/IIC/IIC.c **** 
  21:../Libraries/IIC/IIC.c ****   TWDR = Data;
 136               		.stabn	68,0,21,.LM6-.LFBB1
 137               	.LM6:
 138 0020 6093 BB00 		sts 187,r22
  22:../Libraries/IIC/IIC.c ****   TWCR = (1 << TWINT) | (1 << TWEN);
 139               		.stabn	68,0,22,.LM7-.LFBB1
 140               	.LM7:
 141 0024 84E8      		ldi r24,lo8(-124)
 142 0026 8093 BC00 		sts 188,r24
 143               	.L7:
  23:../Libraries/IIC/IIC.c ****   while (!(TWCR & (1 << TWINT))){}
 144               		.stabn	68,0,23,.LM8-.LFBB1
 145               	.LM8:
 146 002a 8091 BC00 		lds r24,188
 147 002e 87FF      		sbrs r24,7
 148 0030 00C0      		rjmp .L7
GAS LISTING /tmp/cc3n6Vok.s 			page 4


  24:../Libraries/IIC/IIC.c ****   TWCR = (1 << TWINT) | (1 << TWEN) | (1 <<TWSTO);
 149               		.stabn	68,0,24,.LM9-.LFBB1
 150               	.LM9:
 151 0032 84E9      		ldi r24,lo8(-108)
 152 0034 8093 BC00 		sts 188,r24
 153 0038 0895      		ret
 154               		.size	IICTransmitMasterWrite, .-IICTransmitMasterWrite
 155               	.Lscope1:
 156               		.stabs	"",36,0,0,.Lscope1-.LFBB1
 157               		.stabd	78,0,0
 158               		.stabs	"IICTransmitMasterRead:F(0,2)",36,0,31,IICTransmitMasterRead
 159               	.global	IICTransmitMasterRead
 160               		.type	IICTransmitMasterRead, @function
 161               	IICTransmitMasterRead:
 162               		.stabd	46,0,0
  25:../Libraries/IIC/IIC.c **** }
  26:../Libraries/IIC/IIC.c **** 
  27:../Libraries/IIC/IIC.c **** 
  28:../Libraries/IIC/IIC.c **** 
  29:../Libraries/IIC/IIC.c **** 
  30:../Libraries/IIC/IIC.c **** 
  31:../Libraries/IIC/IIC.c **** char IICTransmitMasterRead(int SlaveAddress){
 163               		.stabn	68,0,31,.LM10-.LFBB2
 164               	.LM10:
 165               	.LFBB2:
 166               	/* prologue: function */
 167               	/* frame size = 0 */
 168               	/* stack size = 0 */
 169               	.L__stack_usage = 0
  32:../Libraries/IIC/IIC.c **** 
  33:../Libraries/IIC/IIC.c ****   TWCR = (1 << TWINT ) | (1 << TWSTA) | (1 << TWEN);
 170               		.stabn	68,0,33,.LM11-.LFBB2
 171               	.LM11:
 172 003a 94EA      		ldi r25,lo8(-92)
 173 003c 9093 BC00 		sts 188,r25
 174               	.L11:
  34:../Libraries/IIC/IIC.c **** 
  35:../Libraries/IIC/IIC.c ****   while (!(TWCR & (1 << TWINT))){}
 175               		.stabn	68,0,35,.LM12-.LFBB2
 176               	.LM12:
 177 0040 9091 BC00 		lds r25,188
 178 0044 97FF      		sbrs r25,7
 179 0046 00C0      		rjmp .L11
  36:../Libraries/IIC/IIC.c **** 
  37:../Libraries/IIC/IIC.c ****   TWDR = SlaveAddress | (1<<0);
 180               		.stabn	68,0,37,.LM13-.LFBB2
 181               	.LM13:
 182 0048 8160      		ori r24,lo8(1)
 183 004a 8093 BB00 		sts 187,r24
  38:../Libraries/IIC/IIC.c ****   TWCR = (1<<TWINT) | (1<<TWEN) | (0<<TWSTA);
 184               		.stabn	68,0,38,.LM14-.LFBB2
 185               	.LM14:
 186 004e 84E8      		ldi r24,lo8(-124)
 187 0050 8093 BC00 		sts 188,r24
 188               	.L13:
  39:../Libraries/IIC/IIC.c ****   while (!(TWCR & ( 1 << TWINT))){}
 189               		.stabn	68,0,39,.LM15-.LFBB2
GAS LISTING /tmp/cc3n6Vok.s 			page 5


 190               	.LM15:
 191 0054 8091 BC00 		lds r24,188
 192 0058 87FF      		sbrs r24,7
 193 005a 00C0      		rjmp .L13
  40:../Libraries/IIC/IIC.c ****   //This while loop is exiting 
  41:../Libraries/IIC/IIC.c ****   TWCR = (1<<TWINT) | (1<<TWEA) | (0<<TWSTO) | (0<<TWSTA);
 194               		.stabn	68,0,41,.LM16-.LFBB2
 195               	.LM16:
 196 005c 80EC      		ldi r24,lo8(-64)
 197 005e 8093 BC00 		sts 188,r24
  42:../Libraries/IIC/IIC.c ****   //  while (!(TWCR & (1<<TWINT))){}
  43:../Libraries/IIC/IIC.c **** 
  44:../Libraries/IIC/IIC.c ****   char temp = TWDR;
 198               		.stabn	68,0,44,.LM17-.LFBB2
 199               	.LM17:
 200 0062 8091 BB00 		lds r24,187
  45:../Libraries/IIC/IIC.c **** 
  46:../Libraries/IIC/IIC.c ****   TWCR = (1 << TWINT) | (1 << TWEN) | (1 << TWSTO);
 201               		.stabn	68,0,46,.LM18-.LFBB2
 202               	.LM18:
 203 0066 94E9      		ldi r25,lo8(-108)
 204 0068 9093 BC00 		sts 188,r25
  47:../Libraries/IIC/IIC.c **** 
  48:../Libraries/IIC/IIC.c ****   return temp;
  49:../Libraries/IIC/IIC.c **** 
  50:../Libraries/IIC/IIC.c **** }
 205               		.stabn	68,0,50,.LM19-.LFBB2
 206               	.LM19:
 207 006c 0895      		ret
 208               		.size	IICTransmitMasterRead, .-IICTransmitMasterRead
 209               		.stabs	"temp:r(0,2)",64,0,44,24
 210               		.stabn	192,0,0,.LFBB2-.LFBB2
 211               		.stabn	224,0,0,.Lscope2-.LFBB2
 212               	.Lscope2:
 213               		.stabs	"",36,0,0,.Lscope2-.LFBB2
 214               		.stabd	78,0,0
 215               		.stabs	"TWIInit:F(0,45)",36,0,57,TWIInit
 216               	.global	TWIInit
 217               		.type	TWIInit, @function
 218               	TWIInit:
 219               		.stabd	46,0,0
  51:../Libraries/IIC/IIC.c **** 
  52:../Libraries/IIC/IIC.c **** //void IICError(){
  53:../Libraries/IIC/IIC.c **** 
  54:../Libraries/IIC/IIC.c **** 
  55:../Libraries/IIC/IIC.c **** 
  56:../Libraries/IIC/IIC.c **** 
  57:../Libraries/IIC/IIC.c **** void TWIInit(void){
 220               		.stabn	68,0,57,.LM20-.LFBB3
 221               	.LM20:
 222               	.LFBB3:
 223               	/* prologue: function */
 224               	/* frame size = 0 */
 225               	/* stack size = 0 */
 226               	.L__stack_usage = 0
  58:../Libraries/IIC/IIC.c ****   //set SCL to 400Khz
  59:../Libraries/IIC/IIC.c ****   TWSR = 0x00;
GAS LISTING /tmp/cc3n6Vok.s 			page 6


 227               		.stabn	68,0,59,.LM21-.LFBB3
 228               	.LM21:
 229 006e 1092 B900 		sts 185,__zero_reg__
  60:../Libraries/IIC/IIC.c ****   TWBR = 0x0C;
 230               		.stabn	68,0,60,.LM22-.LFBB3
 231               	.LM22:
 232 0072 8CE0      		ldi r24,lo8(12)
 233 0074 8093 B800 		sts 184,r24
  61:../Libraries/IIC/IIC.c ****   //enable TWI
  62:../Libraries/IIC/IIC.c ****   TWCR = (1<<TWEN);
 234               		.stabn	68,0,62,.LM23-.LFBB3
 235               	.LM23:
 236 0078 84E0      		ldi r24,lo8(4)
 237 007a 8093 BC00 		sts 188,r24
 238 007e 0895      		ret
 239               		.size	TWIInit, .-TWIInit
 240               	.Lscope3:
 241               		.stabs	"",36,0,0,.Lscope3-.LFBB3
 242               		.stabd	78,0,0
 243               		.stabs	"TWIStart:F(0,45)",36,0,65,TWIStart
 244               	.global	TWIStart
 245               		.type	TWIStart, @function
 246               	TWIStart:
 247               		.stabd	46,0,0
  63:../Libraries/IIC/IIC.c **** }
  64:../Libraries/IIC/IIC.c **** 
  65:../Libraries/IIC/IIC.c **** void TWIStart(void){
 248               		.stabn	68,0,65,.LM24-.LFBB4
 249               	.LM24:
 250               	.LFBB4:
 251               	/* prologue: function */
 252               	/* frame size = 0 */
 253               	/* stack size = 0 */
 254               	.L__stack_usage = 0
  66:../Libraries/IIC/IIC.c ****   TWCR = (1<<TWINT) | (1<<TWSTA) | (1<<TWEN);
 255               		.stabn	68,0,66,.LM25-.LFBB4
 256               	.LM25:
 257 0080 84EA      		ldi r24,lo8(-92)
 258 0082 8093 BC00 		sts 188,r24
 259               	.L17:
  67:../Libraries/IIC/IIC.c ****   while ((TWCR & (1<<TWINT)) == 0);
 260               		.stabn	68,0,67,.LM26-.LFBB4
 261               	.LM26:
 262 0086 8091 BC00 		lds r24,188
 263 008a 87FF      		sbrs r24,7
 264 008c 00C0      		rjmp .L17
 265               	/* epilogue start */
  68:../Libraries/IIC/IIC.c **** }
 266               		.stabn	68,0,68,.LM27-.LFBB4
 267               	.LM27:
 268 008e 0895      		ret
 269               		.size	TWIStart, .-TWIStart
 270               	.Lscope4:
 271               		.stabs	"",36,0,0,.Lscope4-.LFBB4
 272               		.stabd	78,0,0
 273               		.stabs	"TWIStop:F(0,45)",36,0,70,TWIStop
 274               	.global	TWIStop
GAS LISTING /tmp/cc3n6Vok.s 			page 7


 275               		.type	TWIStop, @function
 276               	TWIStop:
 277               		.stabd	46,0,0
  69:../Libraries/IIC/IIC.c **** 
  70:../Libraries/IIC/IIC.c **** void TWIStop(void){
 278               		.stabn	68,0,70,.LM28-.LFBB5
 279               	.LM28:
 280               	.LFBB5:
 281               	/* prologue: function */
 282               	/* frame size = 0 */
 283               	/* stack size = 0 */
 284               	.L__stack_usage = 0
  71:../Libraries/IIC/IIC.c ****   TWCR = (1<<TWINT) | (1<<TWSTO) | (1<<TWEN);
 285               		.stabn	68,0,71,.LM29-.LFBB5
 286               	.LM29:
 287 0090 84E9      		ldi r24,lo8(-108)
 288 0092 8093 BC00 		sts 188,r24
 289 0096 0895      		ret
 290               		.size	TWIStop, .-TWIStop
 291               	.Lscope5:
 292               		.stabs	"",36,0,0,.Lscope5-.LFBB5
 293               		.stabd	78,0,0
 294               		.stabs	"TWIWrite:F(0,45)",36,0,74,TWIWrite
 295               		.stabs	"u8data:P(5,2)",64,0,74,24
 296               	.global	TWIWrite
 297               		.type	TWIWrite, @function
 298               	TWIWrite:
 299               		.stabd	46,0,0
  72:../Libraries/IIC/IIC.c **** }
  73:../Libraries/IIC/IIC.c **** 
  74:../Libraries/IIC/IIC.c **** void TWIWrite(uint8_t u8data){
 300               		.stabn	68,0,74,.LM30-.LFBB6
 301               	.LM30:
 302               	.LFBB6:
 303               	/* prologue: function */
 304               	/* frame size = 0 */
 305               	/* stack size = 0 */
 306               	.L__stack_usage = 0
  75:../Libraries/IIC/IIC.c ****   TWDR = u8data;
 307               		.stabn	68,0,75,.LM31-.LFBB6
 308               	.LM31:
 309 0098 8093 BB00 		sts 187,r24
  76:../Libraries/IIC/IIC.c ****   TWCR = (1<<TWINT) | (1<<TWEN);
 310               		.stabn	68,0,76,.LM32-.LFBB6
 311               	.LM32:
 312 009c 84E8      		ldi r24,lo8(-124)
 313 009e 8093 BC00 		sts 188,r24
 314               	.L21:
  77:../Libraries/IIC/IIC.c ****   while ((TWCR & (1<<TWINT)) == 0);
 315               		.stabn	68,0,77,.LM33-.LFBB6
 316               	.LM33:
 317 00a2 8091 BC00 		lds r24,188
 318 00a6 87FF      		sbrs r24,7
 319 00a8 00C0      		rjmp .L21
 320               	/* epilogue start */
  78:../Libraries/IIC/IIC.c **** }
 321               		.stabn	68,0,78,.LM34-.LFBB6
GAS LISTING /tmp/cc3n6Vok.s 			page 8


 322               	.LM34:
 323 00aa 0895      		ret
 324               		.size	TWIWrite, .-TWIWrite
 325               	.Lscope6:
 326               		.stabs	"",36,0,0,.Lscope6-.LFBB6
 327               		.stabd	78,0,0
 328               		.stabs	"TWIReadACK:F(5,2)",36,0,80,TWIReadACK
 329               	.global	TWIReadACK
 330               		.type	TWIReadACK, @function
 331               	TWIReadACK:
 332               		.stabd	46,0,0
  79:../Libraries/IIC/IIC.c **** 
  80:../Libraries/IIC/IIC.c **** uint8_t TWIReadACK(void){
 333               		.stabn	68,0,80,.LM35-.LFBB7
 334               	.LM35:
 335               	.LFBB7:
 336               	/* prologue: function */
 337               	/* frame size = 0 */
 338               	/* stack size = 0 */
 339               	.L__stack_usage = 0
  81:../Libraries/IIC/IIC.c ****   TWCR = (1<<TWINT) | (1<<TWEN) | (1<<TWEA);
 340               		.stabn	68,0,81,.LM36-.LFBB7
 341               	.LM36:
 342 00ac 84EC      		ldi r24,lo8(-60)
 343 00ae 8093 BC00 		sts 188,r24
 344               	.L24:
  82:../Libraries/IIC/IIC.c ****   while ((TWCR & (1<<TWINT)) == 0);
 345               		.stabn	68,0,82,.LM37-.LFBB7
 346               	.LM37:
 347 00b2 8091 BC00 		lds r24,188
 348 00b6 87FF      		sbrs r24,7
 349 00b8 00C0      		rjmp .L24
  83:../Libraries/IIC/IIC.c ****   return TWDR;
 350               		.stabn	68,0,83,.LM38-.LFBB7
 351               	.LM38:
 352 00ba 8091 BB00 		lds r24,187
  84:../Libraries/IIC/IIC.c **** }
 353               		.stabn	68,0,84,.LM39-.LFBB7
 354               	.LM39:
 355 00be 0895      		ret
 356               		.size	TWIReadACK, .-TWIReadACK
 357               	.Lscope7:
 358               		.stabs	"",36,0,0,.Lscope7-.LFBB7
 359               		.stabd	78,0,0
 360               		.stabs	"TWIReadNACK:F(5,2)",36,0,86,TWIReadNACK
 361               	.global	TWIReadNACK
 362               		.type	TWIReadNACK, @function
 363               	TWIReadNACK:
 364               		.stabd	46,0,0
  85:../Libraries/IIC/IIC.c **** 
  86:../Libraries/IIC/IIC.c **** uint8_t TWIReadNACK(void){
 365               		.stabn	68,0,86,.LM40-.LFBB8
 366               	.LM40:
 367               	.LFBB8:
 368               	/* prologue: function */
 369               	/* frame size = 0 */
 370               	/* stack size = 0 */
GAS LISTING /tmp/cc3n6Vok.s 			page 9


 371               	.L__stack_usage = 0
  87:../Libraries/IIC/IIC.c ****   TWCR = (1<<TWINT) | (1<<TWEN);
 372               		.stabn	68,0,87,.LM41-.LFBB8
 373               	.LM41:
 374 00c0 84E8      		ldi r24,lo8(-124)
 375 00c2 8093 BC00 		sts 188,r24
 376               	.L27:
  88:../Libraries/IIC/IIC.c ****   while ((TWCR & (1<<TWINT)) == 0);
 377               		.stabn	68,0,88,.LM42-.LFBB8
 378               	.LM42:
 379 00c6 8091 BC00 		lds r24,188
 380 00ca 87FF      		sbrs r24,7
 381 00cc 00C0      		rjmp .L27
  89:../Libraries/IIC/IIC.c ****   return TWDR;
 382               		.stabn	68,0,89,.LM43-.LFBB8
 383               	.LM43:
 384 00ce 8091 BB00 		lds r24,187
  90:../Libraries/IIC/IIC.c **** }
 385               		.stabn	68,0,90,.LM44-.LFBB8
 386               	.LM44:
 387 00d2 0895      		ret
 388               		.size	TWIReadNACK, .-TWIReadNACK
 389               	.Lscope8:
 390               		.stabs	"",36,0,0,.Lscope8-.LFBB8
 391               		.stabd	78,0,0
 392               		.stabs	"TWIGetStatus:F(5,2)",36,0,92,TWIGetStatus
 393               	.global	TWIGetStatus
 394               		.type	TWIGetStatus, @function
 395               	TWIGetStatus:
 396               		.stabd	46,0,0
  91:../Libraries/IIC/IIC.c **** 
  92:../Libraries/IIC/IIC.c **** uint8_t TWIGetStatus(void){
 397               		.stabn	68,0,92,.LM45-.LFBB9
 398               	.LM45:
 399               	.LFBB9:
 400               	/* prologue: function */
 401               	/* frame size = 0 */
 402               	/* stack size = 0 */
 403               	.L__stack_usage = 0
  93:../Libraries/IIC/IIC.c ****   uint8_t status;
  94:../Libraries/IIC/IIC.c ****   status = TWSR & 0xF8;
 404               		.stabn	68,0,94,.LM46-.LFBB9
 405               	.LM46:
 406 00d4 8091 B900 		lds r24,185
  95:../Libraries/IIC/IIC.c ****   return status;
  96:../Libraries/IIC/IIC.c **** }
 407               		.stabn	68,0,96,.LM47-.LFBB9
 408               	.LM47:
 409 00d8 887F      		andi r24,lo8(-8)
 410 00da 0895      		ret
 411               		.size	TWIGetStatus, .-TWIGetStatus
 412               	.Lscope9:
 413               		.stabs	"",36,0,0,.Lscope9-.LFBB9
 414               		.stabd	78,0,0
 415               		.stabs	"",100,0,0,.Letext0
 416               	.Letext0:
 417               		.ident	"GCC: (GNU) 4.8.1"
GAS LISTING /tmp/cc3n6Vok.s 			page 10


GAS LISTING /tmp/cc3n6Vok.s 			page 11


DEFINED SYMBOLS
                            *ABS*:0000000000000000 IIC.c
     /tmp/cc3n6Vok.s:2      *ABS*:000000000000003e __SP_H__
     /tmp/cc3n6Vok.s:3      *ABS*:000000000000003d __SP_L__
     /tmp/cc3n6Vok.s:4      *ABS*:000000000000003f __SREG__
     /tmp/cc3n6Vok.s:5      *ABS*:0000000000000000 __tmp_reg__
     /tmp/cc3n6Vok.s:6      *ABS*:0000000000000001 __zero_reg__
     /tmp/cc3n6Vok.s:104    .text:0000000000000000 IICTransmitMasterWrite
     /tmp/cc3n6Vok.s:161    .text:000000000000003a IICTransmitMasterRead
     /tmp/cc3n6Vok.s:218    .text:000000000000006e TWIInit
     /tmp/cc3n6Vok.s:246    .text:0000000000000080 TWIStart
     /tmp/cc3n6Vok.s:276    .text:0000000000000090 TWIStop
     /tmp/cc3n6Vok.s:298    .text:0000000000000098 TWIWrite
     /tmp/cc3n6Vok.s:331    .text:00000000000000ac TWIReadACK
     /tmp/cc3n6Vok.s:363    .text:00000000000000c0 TWIReadNACK
     /tmp/cc3n6Vok.s:395    .text:00000000000000d4 TWIGetStatus

NO UNDEFINED SYMBOLS
