Archive member included because of file (symbol)

/usr/lib/gcc/avr/4.8.1/avr5/libgcc.a(_exit.o)
                              /usr/lib/gcc/avr/4.8.1/../../../avr/lib/avr5/crtm328p.o (exit)
/usr/lib/gcc/avr/4.8.1/avr5/libgcc.a(_clear_bss.o)
                              /tmp/ccTTPfjO.o (__do_clear_bss)
/usr/lib/gcc/avr/4.8.1/../../../avr/lib/avr5/libm.a(addsf3.o)
                              /tmp/ccTTPfjO.o (__addsf3)
/usr/lib/gcc/avr/4.8.1/../../../avr/lib/avr5/libm.a(addsf3x.o)
                              /usr/lib/gcc/avr/4.8.1/../../../avr/lib/avr5/libm.a(addsf3.o) (__addsf3x)
/usr/lib/gcc/avr/4.8.1/../../../avr/lib/avr5/libm.a(divsf3.o)
                              /tmp/ccTTPfjO.o (__divsf3)
/usr/lib/gcc/avr/4.8.1/../../../avr/lib/avr5/libm.a(divsf3x.o)
                              /usr/lib/gcc/avr/4.8.1/../../../avr/lib/avr5/libm.a(divsf3.o) (__divsf3x)
/usr/lib/gcc/avr/4.8.1/../../../avr/lib/avr5/libm.a(fixunssfsi.o)
                              /tmp/ccTTPfjO.o (__fixunssfsi)
/usr/lib/gcc/avr/4.8.1/../../../avr/lib/avr5/libm.a(floatsisf.o)
                              /tmp/ccTTPfjO.o (__floatunsisf)
/usr/lib/gcc/avr/4.8.1/../../../avr/lib/avr5/libm.a(fp_inf.o)
                              /usr/lib/gcc/avr/4.8.1/../../../avr/lib/avr5/libm.a(addsf3x.o) (__fp_inf)
/usr/lib/gcc/avr/4.8.1/../../../avr/lib/avr5/libm.a(fp_nan.o)
                              /usr/lib/gcc/avr/4.8.1/../../../avr/lib/avr5/libm.a(addsf3x.o) (__fp_nan)
/usr/lib/gcc/avr/4.8.1/../../../avr/lib/avr5/libm.a(fp_pscA.o)
                              /usr/lib/gcc/avr/4.8.1/../../../avr/lib/avr5/libm.a(addsf3x.o) (__fp_pscA)
/usr/lib/gcc/avr/4.8.1/../../../avr/lib/avr5/libm.a(fp_pscB.o)
                              /usr/lib/gcc/avr/4.8.1/../../../avr/lib/avr5/libm.a(addsf3x.o) (__fp_pscB)
/usr/lib/gcc/avr/4.8.1/../../../avr/lib/avr5/libm.a(fp_round.o)
                              /usr/lib/gcc/avr/4.8.1/../../../avr/lib/avr5/libm.a(addsf3.o) (__fp_round)
/usr/lib/gcc/avr/4.8.1/../../../avr/lib/avr5/libm.a(fp_split3.o)
                              /usr/lib/gcc/avr/4.8.1/../../../avr/lib/avr5/libm.a(addsf3x.o) (__fp_split3)
/usr/lib/gcc/avr/4.8.1/../../../avr/lib/avr5/libm.a(fp_zero.o)
                              /usr/lib/gcc/avr/4.8.1/../../../avr/lib/avr5/libm.a(addsf3x.o) (__fp_zero)
/usr/lib/gcc/avr/4.8.1/../../../avr/lib/avr5/libm.a(mulsf3.o)
                              /tmp/ccTTPfjO.o (__mulsf3)
/usr/lib/gcc/avr/4.8.1/../../../avr/lib/avr5/libm.a(mulsf3x.o)
                              /usr/lib/gcc/avr/4.8.1/../../../avr/lib/avr5/libm.a(mulsf3.o) (__mulsf3x)
/usr/lib/gcc/avr/4.8.1/../../../avr/lib/avr5/libm.a(round.o)
                              /tmp/ccTTPfjO.o (round)
/usr/lib/gcc/avr/4.8.1/../../../avr/lib/avr5/libm.a(fp_mintl.o)
                              /usr/lib/gcc/avr/4.8.1/../../../avr/lib/avr5/libm.a(round.o) (__fp_mintl)
/usr/lib/gcc/avr/4.8.1/../../../avr/lib/avr5/libm.a(fp_mpack.o)
                              /usr/lib/gcc/avr/4.8.1/../../../avr/lib/avr5/libm.a(round.o) (__fp_mpack)

Discarded input sections

 .bss           0x0000000000000000        0x0 /usr/lib/gcc/avr/4.8.1/../../../avr/lib/avr5/crtm328p.o
 .text          0x0000000000000000        0x0 /tmp/ccTTPfjO.o
 .bss           0x0000000000000000        0x0 /tmp/ccTTPfjO.o
 .text          0x0000000000000000        0x0 /tmp/ccWgYPtD.o
 .bss           0x0000000000000000        0x0 /tmp/ccWgYPtD.o
 .text.TWIReadACK
                0x0000000000000000       0x14 /tmp/ccWgYPtD.o
 .text.TWIGetStatus
                0x0000000000000000        0x8 /tmp/ccWgYPtD.o
 .text          0x0000000000000000        0x0 /tmp/cc4q4sKs.o
 .bss           0x0000000000000000        0x0 /tmp/cc4q4sKs.o
 .text.DS1307RegisterWMult
                0x0000000000000000       0x5a /tmp/cc4q4sKs.o
 .text.DS1307RegisterRMult
                0x0000000000000000       0x78 /tmp/cc4q4sKs.o
 .text          0x0000000000000000        0x0 /tmp/cccA6N6h.o
 .bss           0x0000000000000000        0x0 /tmp/cccA6N6h.o
 .text.ShiftOutByte
                0x0000000000000000       0xa4 /tmp/cccA6N6h.o
 .text.ShiftOutMultiByte
                0x0000000000000000       0xee /tmp/cccA6N6h.o
 .text          0x0000000000000000        0x0 /usr/lib/gcc/avr/4.8.1/avr5/libgcc.a(_exit.o)
 .bss           0x0000000000000000        0x0 /usr/lib/gcc/avr/4.8.1/avr5/libgcc.a(_exit.o)
 .text.libgcc.mul
                0x0000000000000000        0x0 /usr/lib/gcc/avr/4.8.1/avr5/libgcc.a(_exit.o)
 .text.libgcc.div
                0x0000000000000000        0x0 /usr/lib/gcc/avr/4.8.1/avr5/libgcc.a(_exit.o)
 .text.libgcc   0x0000000000000000        0x0 /usr/lib/gcc/avr/4.8.1/avr5/libgcc.a(_exit.o)
 .text.libgcc.prologue
                0x0000000000000000        0x0 /usr/lib/gcc/avr/4.8.1/avr5/libgcc.a(_exit.o)
 .text.libgcc.builtins
                0x0000000000000000        0x0 /usr/lib/gcc/avr/4.8.1/avr5/libgcc.a(_exit.o)
 .text.libgcc.fmul
                0x0000000000000000        0x0 /usr/lib/gcc/avr/4.8.1/avr5/libgcc.a(_exit.o)
 .text.libgcc.fixed
                0x0000000000000000        0x0 /usr/lib/gcc/avr/4.8.1/avr5/libgcc.a(_exit.o)
 .text          0x0000000000000000        0x0 /usr/lib/gcc/avr/4.8.1/avr5/libgcc.a(_clear_bss.o)
 .bss           0x0000000000000000        0x0 /usr/lib/gcc/avr/4.8.1/avr5/libgcc.a(_clear_bss.o)
 .text.libgcc.mul
                0x0000000000000000        0x0 /usr/lib/gcc/avr/4.8.1/avr5/libgcc.a(_clear_bss.o)
 .text.libgcc.div
                0x0000000000000000        0x0 /usr/lib/gcc/avr/4.8.1/avr5/libgcc.a(_clear_bss.o)
 .text.libgcc   0x0000000000000000        0x0 /usr/lib/gcc/avr/4.8.1/avr5/libgcc.a(_clear_bss.o)
 .text.libgcc.prologue
                0x0000000000000000        0x0 /usr/lib/gcc/avr/4.8.1/avr5/libgcc.a(_clear_bss.o)
 .text.libgcc.builtins
                0x0000000000000000        0x0 /usr/lib/gcc/avr/4.8.1/avr5/libgcc.a(_clear_bss.o)
 .text.libgcc.fmul
                0x0000000000000000        0x0 /usr/lib/gcc/avr/4.8.1/avr5/libgcc.a(_clear_bss.o)
 .text.libgcc.fixed
                0x0000000000000000        0x0 /usr/lib/gcc/avr/4.8.1/avr5/libgcc.a(_clear_bss.o)
 .text          0x0000000000000000        0x0 /usr/lib/gcc/avr/4.8.1/../../../avr/lib/avr5/libm.a(addsf3.o)
 .bss           0x0000000000000000        0x0 /usr/lib/gcc/avr/4.8.1/../../../avr/lib/avr5/libm.a(addsf3.o)
 .text          0x0000000000000000        0x0 /usr/lib/gcc/avr/4.8.1/../../../avr/lib/avr5/libm.a(addsf3x.o)
 .bss           0x0000000000000000        0x0 /usr/lib/gcc/avr/4.8.1/../../../avr/lib/avr5/libm.a(addsf3x.o)
 .text          0x0000000000000000        0x0 /usr/lib/gcc/avr/4.8.1/../../../avr/lib/avr5/libm.a(divsf3.o)
 .bss           0x0000000000000000        0x0 /usr/lib/gcc/avr/4.8.1/../../../avr/lib/avr5/libm.a(divsf3.o)
 .text          0x0000000000000000        0x0 /usr/lib/gcc/avr/4.8.1/../../../avr/lib/avr5/libm.a(divsf3x.o)
 .bss           0x0000000000000000        0x0 /usr/lib/gcc/avr/4.8.1/../../../avr/lib/avr5/libm.a(divsf3x.o)
 .text          0x0000000000000000        0x0 /usr/lib/gcc/avr/4.8.1/../../../avr/lib/avr5/libm.a(fixunssfsi.o)
 .bss           0x0000000000000000        0x0 /usr/lib/gcc/avr/4.8.1/../../../avr/lib/avr5/libm.a(fixunssfsi.o)
 .text          0x0000000000000000        0x0 /usr/lib/gcc/avr/4.8.1/../../../avr/lib/avr5/libm.a(floatsisf.o)
 .bss           0x0000000000000000        0x0 /usr/lib/gcc/avr/4.8.1/../../../avr/lib/avr5/libm.a(floatsisf.o)
 .text          0x0000000000000000        0x0 /usr/lib/gcc/avr/4.8.1/../../../avr/lib/avr5/libm.a(fp_inf.o)
 .bss           0x0000000000000000        0x0 /usr/lib/gcc/avr/4.8.1/../../../avr/lib/avr5/libm.a(fp_inf.o)
 .text          0x0000000000000000        0x0 /usr/lib/gcc/avr/4.8.1/../../../avr/lib/avr5/libm.a(fp_nan.o)
 .bss           0x0000000000000000        0x0 /usr/lib/gcc/avr/4.8.1/../../../avr/lib/avr5/libm.a(fp_nan.o)
 .text          0x0000000000000000        0x0 /usr/lib/gcc/avr/4.8.1/../../../avr/lib/avr5/libm.a(fp_pscA.o)
 .bss           0x0000000000000000        0x0 /usr/lib/gcc/avr/4.8.1/../../../avr/lib/avr5/libm.a(fp_pscA.o)
 .text          0x0000000000000000        0x0 /usr/lib/gcc/avr/4.8.1/../../../avr/lib/avr5/libm.a(fp_pscB.o)
 .bss           0x0000000000000000        0x0 /usr/lib/gcc/avr/4.8.1/../../../avr/lib/avr5/libm.a(fp_pscB.o)
 .text          0x0000000000000000        0x0 /usr/lib/gcc/avr/4.8.1/../../../avr/lib/avr5/libm.a(fp_round.o)
 .bss           0x0000000000000000        0x0 /usr/lib/gcc/avr/4.8.1/../../../avr/lib/avr5/libm.a(fp_round.o)
 .text          0x0000000000000000        0x0 /usr/lib/gcc/avr/4.8.1/../../../avr/lib/avr5/libm.a(fp_split3.o)
 .bss           0x0000000000000000        0x0 /usr/lib/gcc/avr/4.8.1/../../../avr/lib/avr5/libm.a(fp_split3.o)
 .text          0x0000000000000000        0x0 /usr/lib/gcc/avr/4.8.1/../../../avr/lib/avr5/libm.a(fp_zero.o)
 .bss           0x0000000000000000        0x0 /usr/lib/gcc/avr/4.8.1/../../../avr/lib/avr5/libm.a(fp_zero.o)
 .text          0x0000000000000000        0x0 /usr/lib/gcc/avr/4.8.1/../../../avr/lib/avr5/libm.a(mulsf3.o)
 .bss           0x0000000000000000        0x0 /usr/lib/gcc/avr/4.8.1/../../../avr/lib/avr5/libm.a(mulsf3.o)
 .text          0x0000000000000000        0x0 /usr/lib/gcc/avr/4.8.1/../../../avr/lib/avr5/libm.a(mulsf3x.o)
 .bss           0x0000000000000000        0x0 /usr/lib/gcc/avr/4.8.1/../../../avr/lib/avr5/libm.a(mulsf3x.o)
 .text          0x0000000000000000        0x0 /usr/lib/gcc/avr/4.8.1/../../../avr/lib/avr5/libm.a(round.o)
 .bss           0x0000000000000000        0x0 /usr/lib/gcc/avr/4.8.1/../../../avr/lib/avr5/libm.a(round.o)
 .text          0x0000000000000000        0x0 /usr/lib/gcc/avr/4.8.1/../../../avr/lib/avr5/libm.a(fp_mintl.o)
 .bss           0x0000000000000000        0x0 /usr/lib/gcc/avr/4.8.1/../../../avr/lib/avr5/libm.a(fp_mintl.o)
 .text          0x0000000000000000        0x0 /usr/lib/gcc/avr/4.8.1/../../../avr/lib/avr5/libm.a(fp_mpack.o)
 .bss           0x0000000000000000        0x0 /usr/lib/gcc/avr/4.8.1/../../../avr/lib/avr5/libm.a(fp_mpack.o)

Memory Configuration

Name             Origin             Length             Attributes
text             0x0000000000000000 0x0000000000020000 xr
data             0x0000000000800060 0x000000000000ffa0 rw !x
eeprom           0x0000000000810000 0x0000000000010000 rw !x
fuse             0x0000000000820000 0x0000000000000400 rw !x
lock             0x0000000000830000 0x0000000000000400 rw !x
signature        0x0000000000840000 0x0000000000000400 rw !x
user_signatures  0x0000000000850000 0x0000000000000400 rw !x
*default*        0x0000000000000000 0xffffffffffffffff

Linker script and memory map

Address of section .data set to 0x800100
LOAD /usr/lib/gcc/avr/4.8.1/../../../avr/lib/avr5/crtm328p.o
LOAD /tmp/ccTTPfjO.o
LOAD /tmp/ccWgYPtD.o
LOAD /tmp/cc4q4sKs.o
LOAD /tmp/cccA6N6h.o
START GROUP
LOAD /usr/lib/gcc/avr/4.8.1/avr5/libgcc.a
LOAD /usr/lib/gcc/avr/4.8.1/../../../avr/lib/avr5/libm.a
LOAD /usr/lib/gcc/avr/4.8.1/../../../avr/lib/avr5/libc.a
END GROUP

.hash
 *(.hash)

.dynsym
 *(.dynsym)

.dynstr
 *(.dynstr)

.gnu.version
 *(.gnu.version)

.gnu.version_d
 *(.gnu.version_d)

.gnu.version_r
 *(.gnu.version_r)

.rel.init
 *(.rel.init)

.rela.init
 *(.rela.init)

.rel.text
 *(.rel.text)
 *(.rel.text.*)
 *(.rel.gnu.linkonce.t*)

.rela.text
 *(.rela.text)
 *(.rela.text.*)
 *(.rela.gnu.linkonce.t*)

.rel.fini
 *(.rel.fini)

.rela.fini
 *(.rela.fini)

.rel.rodata
 *(.rel.rodata)
 *(.rel.rodata.*)
 *(.rel.gnu.linkonce.r*)

.rela.rodata
 *(.rela.rodata)
 *(.rela.rodata.*)
 *(.rela.gnu.linkonce.r*)

.rel.data
 *(.rel.data)
 *(.rel.data.*)
 *(.rel.gnu.linkonce.d*)

.rela.data
 *(.rela.data)
 *(.rela.data.*)
 *(.rela.gnu.linkonce.d*)

.rel.ctors
 *(.rel.ctors)

.rela.ctors
 *(.rela.ctors)

.rel.dtors
 *(.rel.dtors)

.rela.dtors
 *(.rela.dtors)

.rel.got
 *(.rel.got)

.rela.got
 *(.rela.got)

.rel.bss
 *(.rel.bss)

.rela.bss
 *(.rela.bss)

.rel.plt
 *(.rel.plt)

.rela.plt
 *(.rela.plt)

.text           0x0000000000000000      0x8f2
 *(.vectors)
 .vectors       0x0000000000000000       0x68 /usr/lib/gcc/avr/4.8.1/../../../avr/lib/avr5/crtm328p.o
                0x0000000000000000                __vectors
                0x0000000000000000                __vector_default
 *(.vectors)
 *(.progmem.gcc*)
                0x0000000000000068                . = ALIGN (0x2)
                0x0000000000000068                __trampolines_start = .
 *(.trampolines)
 .trampolines   0x0000000000000068        0x0 linker stubs
 *(.trampolines*)
                0x0000000000000068                __trampolines_end = .
 *(.progmem*)
                0x0000000000000068                . = ALIGN (0x2)
 *(.jumptables)
 *(.jumptables*)
 *(.lowtext)
 *(.lowtext*)
                0x0000000000000068                __ctors_start = .
 *(.ctors)
                0x0000000000000068                __ctors_end = .
                0x0000000000000068                __dtors_start = .
 *(.dtors)
                0x0000000000000068                __dtors_end = .
 SORT(*)(.ctors)
 SORT(*)(.dtors)
 *(.init0)
 .init0         0x0000000000000068        0x0 /usr/lib/gcc/avr/4.8.1/../../../avr/lib/avr5/crtm328p.o
                0x0000000000000068                __init
 *(.init0)
 *(.init1)
 *(.init1)
 *(.init2)
 .init2         0x0000000000000068        0xc /usr/lib/gcc/avr/4.8.1/../../../avr/lib/avr5/crtm328p.o
 *(.init2)
 *(.init3)
 *(.init3)
 *(.init4)
 .init4         0x0000000000000074       0x10 /usr/lib/gcc/avr/4.8.1/avr5/libgcc.a(_clear_bss.o)
                0x0000000000000074                __do_clear_bss
 *(.init4)
 *(.init5)
 *(.init5)
 *(.init6)
 *(.init6)
 *(.init7)
 *(.init7)
 *(.init8)
 *(.init8)
 *(.init9)
 .init9         0x0000000000000084        0x8 /usr/lib/gcc/avr/4.8.1/../../../avr/lib/avr5/crtm328p.o
 *(.init9)
 *(.text)
 .text          0x000000000000008c        0x4 /usr/lib/gcc/avr/4.8.1/../../../avr/lib/avr5/crtm328p.o
                0x000000000000008c                __vector_22
                0x000000000000008c                __vector_1
                0x000000000000008c                __vector_24
                0x000000000000008c                __vector_12
                0x000000000000008c                __bad_interrupt
                0x000000000000008c                __vector_6
                0x000000000000008c                __vector_3
                0x000000000000008c                __vector_23
                0x000000000000008c                __vector_25
                0x000000000000008c                __vector_11
                0x000000000000008c                __vector_13
                0x000000000000008c                __vector_17
                0x000000000000008c                __vector_19
                0x000000000000008c                __vector_7
                0x000000000000008c                __vector_5
                0x000000000000008c                __vector_4
                0x000000000000008c                __vector_9
                0x000000000000008c                __vector_2
                0x000000000000008c                __vector_21
                0x000000000000008c                __vector_15
                0x000000000000008c                __vector_8
                0x000000000000008c                __vector_14
                0x000000000000008c                __vector_10
                0x000000000000008c                __vector_18
                0x000000000000008c                __vector_20
                0x0000000000000090                . = ALIGN (0x2)
 *(.text.*)
 .text.__vector_16
                0x0000000000000090       0x38 /tmp/ccTTPfjO.o
                0x0000000000000090                __vector_16
 .text.ConvertToBar
                0x00000000000000c8       0x5a /tmp/ccTTPfjO.o
                0x00000000000000c8                ConvertToBar
 .text.startup.main
                0x0000000000000122      0x288 /tmp/ccTTPfjO.o
                0x0000000000000122                main
 .text.TWIInit  0x00000000000003aa       0x12 /tmp/ccWgYPtD.o
                0x00000000000003aa                TWIInit
 .text.TWIStart
                0x00000000000003bc       0x10 /tmp/ccWgYPtD.o
                0x00000000000003bc                TWIStart
 .text.TWIStop  0x00000000000003cc        0x8 /tmp/ccWgYPtD.o
                0x00000000000003cc                TWIStop
 .text.TWIWrite
                0x00000000000003d4       0x14 /tmp/ccWgYPtD.o
                0x00000000000003d4                TWIWrite
 .text.TWIReadNACK
                0x00000000000003e8       0x14 /tmp/ccWgYPtD.o
                0x00000000000003e8                TWIReadNACK
 .text.DS1307Init
                0x00000000000003fc       0x1a /tmp/cc4q4sKs.o
                0x00000000000003fc                DS1307Init
 .text.DS1307RegisterW
                0x0000000000000416       0x34 /tmp/cc4q4sKs.o
                0x0000000000000416                DS1307RegisterW
 .text.DS1307RegisterR
                0x000000000000044a       0x3e /tmp/cc4q4sKs.o
                0x000000000000044a                DS1307RegisterR
 .text.avr-libc.fplib
                0x0000000000000488        0xa /usr/lib/gcc/avr/4.8.1/../../../avr/lib/avr5/libm.a(addsf3.o)
                0x0000000000000488                __subsf3
                0x000000000000048a                __addsf3
 .text.avr-libc.fplib
                0x0000000000000492       0xc0 /usr/lib/gcc/avr/4.8.1/../../../avr/lib/avr5/libm.a(addsf3x.o)
                0x00000000000004ac                __addsf3x
 .text.avr-libc.fplib
                0x0000000000000552        0x4 /usr/lib/gcc/avr/4.8.1/../../../avr/lib/avr5/libm.a(divsf3.o)
                0x0000000000000552                __divsf3
 .text.avr-libc.fplib
                0x0000000000000556       0xcc /usr/lib/gcc/avr/4.8.1/../../../avr/lib/avr5/libm.a(divsf3x.o)
                0x000000000000056c                __divsf3x
                0x0000000000000570                __divsf3_pse
 .text.avr-libc.fplib
                0x0000000000000622       0x58 /usr/lib/gcc/avr/4.8.1/../../../avr/lib/avr5/libm.a(fixunssfsi.o)
                0x0000000000000622                __fixunssfsi
 .text.avr-libc.fplib
                0x000000000000067a       0x7a /usr/lib/gcc/avr/4.8.1/../../../avr/lib/avr5/libm.a(floatsisf.o)
                0x000000000000067a                __floatunsisf
                0x000000000000067e                __floatsisf
 .text.avr-libc.fplib
                0x00000000000006f4        0xc /usr/lib/gcc/avr/4.8.1/../../../avr/lib/avr5/libm.a(fp_inf.o)
                0x00000000000006f4                __fp_inf
 .text.avr-libc.fplib
                0x0000000000000700        0x6 /usr/lib/gcc/avr/4.8.1/../../../avr/lib/avr5/libm.a(fp_nan.o)
                0x0000000000000700                __fp_nan
 .text.avr-libc.fplib
                0x0000000000000706        0xe /usr/lib/gcc/avr/4.8.1/../../../avr/lib/avr5/libm.a(fp_pscA.o)
                0x0000000000000706                __fp_pscA
 .text.avr-libc.fplib
                0x0000000000000714        0xe /usr/lib/gcc/avr/4.8.1/../../../avr/lib/avr5/libm.a(fp_pscB.o)
                0x0000000000000714                __fp_pscB
 .text.avr-libc.fplib
                0x0000000000000722       0x22 /usr/lib/gcc/avr/4.8.1/../../../avr/lib/avr5/libm.a(fp_round.o)
                0x0000000000000722                __fp_round
 .text.avr-libc.fplib
                0x0000000000000744       0x44 /usr/lib/gcc/avr/4.8.1/../../../avr/lib/avr5/libm.a(fp_split3.o)
                0x0000000000000744                __fp_split3
                0x0000000000000754                __fp_splitA
 .text.avr-libc.fplib
                0x0000000000000788        0xe /usr/lib/gcc/avr/4.8.1/../../../avr/lib/avr5/libm.a(fp_zero.o)
                0x0000000000000788                __fp_zero
                0x000000000000078a                __fp_szero
 .text.avr-libc.fplib
                0x0000000000000796        0x4 /usr/lib/gcc/avr/4.8.1/../../../avr/lib/avr5/libm.a(mulsf3.o)
                0x0000000000000796                __mulsf3
 .text.avr-libc.fplib
                0x000000000000079a       0xc2 /usr/lib/gcc/avr/4.8.1/../../../avr/lib/avr5/libm.a(mulsf3x.o)
                0x00000000000007ae                __mulsf3x
                0x00000000000007b2                __mulsf3_pse
 .text.avr-libc.fplib
                0x000000000000085c       0x40 /usr/lib/gcc/avr/4.8.1/../../../avr/lib/avr5/libm.a(round.o)
                0x000000000000085c                round
 .text.avr-libc.fplib
                0x000000000000089c       0x36 /usr/lib/gcc/avr/4.8.1/../../../avr/lib/avr5/libm.a(fp_mintl.o)
                0x000000000000089c                __fp_mintl
 .text.avr-libc.fplib
                0x00000000000008d2       0x1c /usr/lib/gcc/avr/4.8.1/../../../avr/lib/avr5/libm.a(fp_mpack.o)
                0x00000000000008d2                __fp_mpack
                0x00000000000008d6                __fp_mpack_finite
                0x00000000000008ee                . = ALIGN (0x2)
 *(.fini9)
 .fini9         0x00000000000008ee        0x0 /usr/lib/gcc/avr/4.8.1/avr5/libgcc.a(_exit.o)
                0x00000000000008ee                exit
                0x00000000000008ee                _exit
 *(.fini9)
 *(.fini8)
 *(.fini8)
 *(.fini7)
 *(.fini7)
 *(.fini6)
 *(.fini6)
 *(.fini5)
 *(.fini5)
 *(.fini4)
 *(.fini4)
 *(.fini3)
 *(.fini3)
 *(.fini2)
 *(.fini2)
 *(.fini1)
 *(.fini1)
 *(.fini0)
 .fini0         0x00000000000008ee        0x4 /usr/lib/gcc/avr/4.8.1/avr5/libgcc.a(_exit.o)
 *(.fini0)
                0x00000000000008f2                _etext = .

.data           0x0000000000800100        0x0 load address 0x00000000000008f2
                0x0000000000800100                PROVIDE (__data_start, .)
 *(.data)
 .data          0x0000000000800100        0x0 /usr/lib/gcc/avr/4.8.1/../../../avr/lib/avr5/crtm328p.o
 .data          0x0000000000800100        0x0 /tmp/ccTTPfjO.o
 .data          0x0000000000800100        0x0 /tmp/ccWgYPtD.o
 .data          0x0000000000800100        0x0 /tmp/cc4q4sKs.o
 .data          0x0000000000800100        0x0 /tmp/cccA6N6h.o
 .data          0x0000000000800100        0x0 /usr/lib/gcc/avr/4.8.1/avr5/libgcc.a(_exit.o)
 .data          0x0000000000800100        0x0 /usr/lib/gcc/avr/4.8.1/avr5/libgcc.a(_clear_bss.o)
 .data          0x0000000000800100        0x0 /usr/lib/gcc/avr/4.8.1/../../../avr/lib/avr5/libm.a(addsf3.o)
 .data          0x0000000000800100        0x0 /usr/lib/gcc/avr/4.8.1/../../../avr/lib/avr5/libm.a(addsf3x.o)
 .data          0x0000000000800100        0x0 /usr/lib/gcc/avr/4.8.1/../../../avr/lib/avr5/libm.a(divsf3.o)
 .data          0x0000000000800100        0x0 /usr/lib/gcc/avr/4.8.1/../../../avr/lib/avr5/libm.a(divsf3x.o)
 .data          0x0000000000800100        0x0 /usr/lib/gcc/avr/4.8.1/../../../avr/lib/avr5/libm.a(fixunssfsi.o)
 .data          0x0000000000800100        0x0 /usr/lib/gcc/avr/4.8.1/../../../avr/lib/avr5/libm.a(floatsisf.o)
 .data          0x0000000000800100        0x0 /usr/lib/gcc/avr/4.8.1/../../../avr/lib/avr5/libm.a(fp_inf.o)
 .data          0x0000000000800100        0x0 /usr/lib/gcc/avr/4.8.1/../../../avr/lib/avr5/libm.a(fp_nan.o)
 .data          0x0000000000800100        0x0 /usr/lib/gcc/avr/4.8.1/../../../avr/lib/avr5/libm.a(fp_pscA.o)
 .data          0x0000000000800100        0x0 /usr/lib/gcc/avr/4.8.1/../../../avr/lib/avr5/libm.a(fp_pscB.o)
 .data          0x0000000000800100        0x0 /usr/lib/gcc/avr/4.8.1/../../../avr/lib/avr5/libm.a(fp_round.o)
 .data          0x0000000000800100        0x0 /usr/lib/gcc/avr/4.8.1/../../../avr/lib/avr5/libm.a(fp_split3.o)
 .data          0x0000000000800100        0x0 /usr/lib/gcc/avr/4.8.1/../../../avr/lib/avr5/libm.a(fp_zero.o)
 .data          0x0000000000800100        0x0 /usr/lib/gcc/avr/4.8.1/../../../avr/lib/avr5/libm.a(mulsf3.o)
 .data          0x0000000000800100        0x0 /usr/lib/gcc/avr/4.8.1/../../../avr/lib/avr5/libm.a(mulsf3x.o)
 .data          0x0000000000800100        0x0 /usr/lib/gcc/avr/4.8.1/../../../avr/lib/avr5/libm.a(round.o)
 .data          0x0000000000800100        0x0 /usr/lib/gcc/avr/4.8.1/../../../avr/lib/avr5/libm.a(fp_mintl.o)
 .data          0x0000000000800100        0x0 /usr/lib/gcc/avr/4.8.1/../../../avr/lib/avr5/libm.a(fp_mpack.o)
 *(.data*)
 *(.rodata)
 *(.rodata*)
 *(.gnu.linkonce.d*)
                0x0000000000800100                . = ALIGN (0x2)
                0x0000000000800100                _edata = .
                0x0000000000800100                PROVIDE (__data_end, .)

.bss            0x0000000000800100       0x23
                0x0000000000800100                PROVIDE (__bss_start, .)
 *(.bss)
 *(.bss*)
 .bss.MinuteAdd.1660
                0x0000000000800100        0x1 /tmp/ccTTPfjO.o
 .bss.MinuteState.1662
                0x0000000000800101        0x1 /tmp/ccTTPfjO.o
 .bss.HourAdd.1659
                0x0000000000800102        0x1 /tmp/ccTTPfjO.o
 .bss.HourState.1661
                0x0000000000800103        0x1 /tmp/ccTTPfjO.o
 .bss.LIntLEDS.1674
                0x0000000000800104        0x4 /tmp/ccTTPfjO.o
 .bss.IntLEDS.1669
                0x0000000000800108        0x1 /tmp/ccTTPfjO.o
 .bss.LEDS.1673
                0x0000000000800109        0x4 /tmp/ccTTPfjO.o
 .bss.FracDay.1672
                0x000000000080010d        0x4 /tmp/ccTTPfjO.o
 .bss.FHours.1671
                0x0000000000800111        0x4 /tmp/ccTTPfjO.o
 .bss.FracHour.1670
                0x0000000000800115        0x4 /tmp/ccTTPfjO.o
 .bss.DecHours.1668
                0x0000000000800119        0x1 /tmp/ccTTPfjO.o
 .bss.DecMinutes.1667
                0x000000000080011a        0x1 /tmp/ccTTPfjO.o
 .bss.HoursTens.1666
                0x000000000080011b        0x1 /tmp/ccTTPfjO.o
 .bss.HoursOnes.1665
                0x000000000080011c        0x1 /tmp/ccTTPfjO.o
 .bss.MinutesTens.1664
                0x000000000080011d        0x1 /tmp/ccTTPfjO.o
 .bss.MinutesOnes.1663
                0x000000000080011e        0x1 /tmp/ccTTPfjO.o
 .bss.Hours.1658
                0x000000000080011f        0x1 /tmp/ccTTPfjO.o
 .bss.Minutes.1657
                0x0000000000800120        0x1 /tmp/ccTTPfjO.o
 .bss.MinuteButton
                0x0000000000800121        0x1 /tmp/ccTTPfjO.o
                0x0000000000800121                MinuteButton
 .bss.HourButton
                0x0000000000800122        0x1 /tmp/ccTTPfjO.o
                0x0000000000800122                HourButton
 *(COMMON)
                0x0000000000800123                PROVIDE (__bss_end, .)
                0x00000000000008f2                __data_load_start = LOADADDR (.data)
                0x00000000000008f2                __data_load_end = (__data_load_start + SIZEOF (.data))

.noinit         0x0000000000800123        0x0
                0x0000000000800123                PROVIDE (__noinit_start, .)
 *(.noinit*)
                0x0000000000800123                PROVIDE (__noinit_end, .)
                0x0000000000800123                _end = .
                0x0000000000800123                PROVIDE (__heap_start, .)

.eeprom         0x0000000000810000        0x0
 *(.eeprom*)
                0x0000000000810000                __eeprom_end = .

.fuse
 *(.fuse)
 *(.lfuse)
 *(.hfuse)
 *(.efuse)

.lock
 *(.lock*)

.signature
 *(.signature*)

.user_signatures
 *(.user_signatures*)

.stab           0x0000000000000000     0x168c
 *(.stab)
 .stab          0x0000000000000000      0xa74 /tmp/ccTTPfjO.o
 .stab          0x0000000000000a74      0x4b0 /tmp/ccWgYPtD.o
                                        0x720 (size before relaxing)
 .stab          0x0000000000000f24      0x4a4 /tmp/cc4q4sKs.o
                                        0x810 (size before relaxing)
 .stab          0x00000000000013c8      0x2c4 /tmp/cccA6N6h.o
                                        0x708 (size before relaxing)

.stabstr        0x0000000000000000     0x100e
 *(.stabstr)
 .stabstr       0x0000000000000000     0x100e /tmp/ccTTPfjO.o

.stab.excl
 *(.stab.excl)

.stab.exclstr
 *(.stab.exclstr)

.stab.index
 *(.stab.index)

.stab.indexstr
 *(.stab.indexstr)

.comment        0x0000000000000000       0x11
 *(.comment)
 .comment       0x0000000000000000       0x11 /tmp/ccTTPfjO.o
                                         0x12 (size before relaxing)
 .comment       0x0000000000000000       0x12 /tmp/ccWgYPtD.o
 .comment       0x0000000000000000       0x12 /tmp/cc4q4sKs.o
 .comment       0x0000000000000000       0x12 /tmp/cccA6N6h.o

.note.gnu.build-id
 *(.note.gnu.build-id)

.debug
 *(.debug)

.line
 *(.line)

.debug_srcinfo
 *(.debug_srcinfo)

.debug_sfnames
 *(.debug_sfnames)

.debug_aranges
 *(.debug_aranges)

.debug_pubnames
 *(.debug_pubnames)

.debug_info
 *(.debug_info .gnu.linkonce.wi.*)

.debug_abbrev
 *(.debug_abbrev)

.debug_line
 *(.debug_line .debug_line.* .debug_line_end)

.debug_frame
 *(.debug_frame)

.debug_str
 *(.debug_str)

.debug_loc
 *(.debug_loc)

.debug_macinfo
 *(.debug_macinfo)

.debug_weaknames
 *(.debug_weaknames)

.debug_funcnames
 *(.debug_funcnames)

.debug_typenames
 *(.debug_typenames)

.debug_varnames
 *(.debug_varnames)

.debug_pubtypes
 *(.debug_pubtypes)

.debug_ranges
 *(.debug_ranges)

.debug_macro
 *(.debug_macro)
OUTPUT(7SegClock.elf elf32-avr)
LOAD linker stubs
