Archive member included to satisfy reference by file (symbol)

/usr/lib/gcc/arm-none-eabi/4.8/../../../arm-none-eabi/lib/armv6-m/libg.a(lib_a-atexit.o)
                              /usr/lib/gcc/arm-none-eabi/4.8/../../../arm-none-eabi/lib/armv6-m/crt0.o (atexit)
/usr/lib/gcc/arm-none-eabi/4.8/../../../arm-none-eabi/lib/armv6-m/libg.a(lib_a-exit.o)
                              /usr/lib/gcc/arm-none-eabi/4.8/../../../arm-none-eabi/lib/armv6-m/crt0.o (exit)
/usr/lib/gcc/arm-none-eabi/4.8/../../../arm-none-eabi/lib/armv6-m/libg.a(lib_a-fini.o)
                              /usr/lib/gcc/arm-none-eabi/4.8/../../../arm-none-eabi/lib/armv6-m/crt0.o (__libc_fini_array)
/usr/lib/gcc/arm-none-eabi/4.8/../../../arm-none-eabi/lib/armv6-m/libg.a(lib_a-impure.o)
                              /usr/lib/gcc/arm-none-eabi/4.8/../../../arm-none-eabi/lib/armv6-m/libg.a(lib_a-exit.o) (_global_impure_ptr)
/usr/lib/gcc/arm-none-eabi/4.8/../../../arm-none-eabi/lib/armv6-m/libg.a(lib_a-init.o)
                              /usr/lib/gcc/arm-none-eabi/4.8/../../../arm-none-eabi/lib/armv6-m/crt0.o (__libc_init_array)
/usr/lib/gcc/arm-none-eabi/4.8/../../../arm-none-eabi/lib/armv6-m/libg.a(lib_a-memset.o)
                              /usr/lib/gcc/arm-none-eabi/4.8/../../../arm-none-eabi/lib/armv6-m/crt0.o (memset)
/usr/lib/gcc/arm-none-eabi/4.8/../../../arm-none-eabi/lib/armv6-m/libg.a(lib_a-__atexit.o)
                              /usr/lib/gcc/arm-none-eabi/4.8/../../../arm-none-eabi/lib/armv6-m/libg.a(lib_a-atexit.o) (__register_exitproc)
/usr/lib/gcc/arm-none-eabi/4.8/../../../arm-none-eabi/lib/armv6-m/libg.a(lib_a-__call_atexit.o)
                              /usr/lib/gcc/arm-none-eabi/4.8/../../../arm-none-eabi/lib/armv6-m/libg.a(lib_a-exit.o) (__call_exitprocs)

Discarded input sections

 .text          0x0000000000000000        0x0 /usr/lib/gcc/arm-none-eabi/4.8/armv6-m/crti.o
 .data          0x0000000000000000        0x0 /usr/lib/gcc/arm-none-eabi/4.8/armv6-m/crti.o
 .bss           0x0000000000000000        0x0 /usr/lib/gcc/arm-none-eabi/4.8/armv6-m/crti.o
 .data          0x0000000000000000        0x4 /usr/lib/gcc/arm-none-eabi/4.8/armv6-m/crtbegin.o
 .data          0x0000000000000000        0x0 /usr/lib/gcc/arm-none-eabi/4.8/../../../arm-none-eabi/lib/armv6-m/crt0.o
 .bss           0x0000000000000000        0x0 /usr/lib/gcc/arm-none-eabi/4.8/../../../arm-none-eabi/lib/armv6-m/crt0.o
 .ARM.extab     0x0000000000000000        0x0 /usr/lib/gcc/arm-none-eabi/4.8/../../../arm-none-eabi/lib/armv6-m/crt0.o
 .text          0x0000000000000000        0x0 /tmp/ccEL0FlS.o
 .data          0x0000000000000000        0x0 /tmp/ccEL0FlS.o
 .bss           0x0000000000000000        0x0 /tmp/ccEL0FlS.o
 .text          0x0000000000000000        0x0 /usr/lib/gcc/arm-none-eabi/4.8/../../../arm-none-eabi/lib/armv6-m/libg.a(lib_a-atexit.o)
 .data          0x0000000000000000        0x0 /usr/lib/gcc/arm-none-eabi/4.8/../../../arm-none-eabi/lib/armv6-m/libg.a(lib_a-atexit.o)
 .bss           0x0000000000000000        0x0 /usr/lib/gcc/arm-none-eabi/4.8/../../../arm-none-eabi/lib/armv6-m/libg.a(lib_a-atexit.o)
 .text          0x0000000000000000        0x0 /usr/lib/gcc/arm-none-eabi/4.8/../../../arm-none-eabi/lib/armv6-m/libg.a(lib_a-exit.o)
 .data          0x0000000000000000        0x0 /usr/lib/gcc/arm-none-eabi/4.8/../../../arm-none-eabi/lib/armv6-m/libg.a(lib_a-exit.o)
 .bss           0x0000000000000000        0x0 /usr/lib/gcc/arm-none-eabi/4.8/../../../arm-none-eabi/lib/armv6-m/libg.a(lib_a-exit.o)
 .text          0x0000000000000000        0x0 /usr/lib/gcc/arm-none-eabi/4.8/../../../arm-none-eabi/lib/armv6-m/libg.a(lib_a-fini.o)
 .data          0x0000000000000000        0x0 /usr/lib/gcc/arm-none-eabi/4.8/../../../arm-none-eabi/lib/armv6-m/libg.a(lib_a-fini.o)
 .bss           0x0000000000000000        0x0 /usr/lib/gcc/arm-none-eabi/4.8/../../../arm-none-eabi/lib/armv6-m/libg.a(lib_a-fini.o)
 .text          0x0000000000000000        0x0 /usr/lib/gcc/arm-none-eabi/4.8/../../../arm-none-eabi/lib/armv6-m/libg.a(lib_a-impure.o)
 .data          0x0000000000000000        0x0 /usr/lib/gcc/arm-none-eabi/4.8/../../../arm-none-eabi/lib/armv6-m/libg.a(lib_a-impure.o)
 .bss           0x0000000000000000        0x0 /usr/lib/gcc/arm-none-eabi/4.8/../../../arm-none-eabi/lib/armv6-m/libg.a(lib_a-impure.o)
 .data._impure_ptr
                0x0000000000000000        0x4 /usr/lib/gcc/arm-none-eabi/4.8/../../../arm-none-eabi/lib/armv6-m/libg.a(lib_a-impure.o)
 .text          0x0000000000000000        0x0 /usr/lib/gcc/arm-none-eabi/4.8/../../../arm-none-eabi/lib/armv6-m/libg.a(lib_a-init.o)
 .data          0x0000000000000000        0x0 /usr/lib/gcc/arm-none-eabi/4.8/../../../arm-none-eabi/lib/armv6-m/libg.a(lib_a-init.o)
 .bss           0x0000000000000000        0x0 /usr/lib/gcc/arm-none-eabi/4.8/../../../arm-none-eabi/lib/armv6-m/libg.a(lib_a-init.o)
 .text          0x0000000000000000        0x0 /usr/lib/gcc/arm-none-eabi/4.8/../../../arm-none-eabi/lib/armv6-m/libg.a(lib_a-memset.o)
 .data          0x0000000000000000        0x0 /usr/lib/gcc/arm-none-eabi/4.8/../../../arm-none-eabi/lib/armv6-m/libg.a(lib_a-memset.o)
 .bss           0x0000000000000000        0x0 /usr/lib/gcc/arm-none-eabi/4.8/../../../arm-none-eabi/lib/armv6-m/libg.a(lib_a-memset.o)
 .text          0x0000000000000000        0x0 /usr/lib/gcc/arm-none-eabi/4.8/../../../arm-none-eabi/lib/armv6-m/libg.a(lib_a-__atexit.o)
 .data          0x0000000000000000        0x0 /usr/lib/gcc/arm-none-eabi/4.8/../../../arm-none-eabi/lib/armv6-m/libg.a(lib_a-__atexit.o)
 .bss           0x0000000000000000        0x0 /usr/lib/gcc/arm-none-eabi/4.8/../../../arm-none-eabi/lib/armv6-m/libg.a(lib_a-__atexit.o)
 .text          0x0000000000000000        0x0 /usr/lib/gcc/arm-none-eabi/4.8/../../../arm-none-eabi/lib/armv6-m/libg.a(lib_a-__call_atexit.o)
 .data          0x0000000000000000        0x0 /usr/lib/gcc/arm-none-eabi/4.8/../../../arm-none-eabi/lib/armv6-m/libg.a(lib_a-__call_atexit.o)
 .bss           0x0000000000000000        0x0 /usr/lib/gcc/arm-none-eabi/4.8/../../../arm-none-eabi/lib/armv6-m/libg.a(lib_a-__call_atexit.o)
 .text          0x0000000000000000        0x0 /usr/lib/gcc/arm-none-eabi/4.8/armv6-m/crtend.o
 .data          0x0000000000000000        0x0 /usr/lib/gcc/arm-none-eabi/4.8/armv6-m/crtend.o
 .bss           0x0000000000000000        0x0 /usr/lib/gcc/arm-none-eabi/4.8/armv6-m/crtend.o
 .text          0x0000000000000000        0x0 /usr/lib/gcc/arm-none-eabi/4.8/armv6-m/crtn.o
 .data          0x0000000000000000        0x0 /usr/lib/gcc/arm-none-eabi/4.8/armv6-m/crtn.o
 .bss           0x0000000000000000        0x0 /usr/lib/gcc/arm-none-eabi/4.8/armv6-m/crtn.o

Memory Configuration

Name             Origin             Length             Attributes
*default*        0x0000000000000000 0xffffffffffffffff

Linker script and memory map

LOAD /usr/lib/gcc/arm-none-eabi/4.8/armv6-m/crti.o
LOAD /usr/lib/gcc/arm-none-eabi/4.8/armv6-m/crtbegin.o
LOAD /usr/lib/gcc/arm-none-eabi/4.8/../../../arm-none-eabi/lib/armv6-m/crt0.o
LOAD /tmp/ccEL0FlS.o
START GROUP
LOAD /usr/lib/gcc/arm-none-eabi/4.8/armv6-m/libgcc.a
LOAD /usr/lib/gcc/arm-none-eabi/4.8/../../../arm-none-eabi/lib/armv6-m/libg.a
LOAD /usr/lib/gcc/arm-none-eabi/4.8/../../../arm-none-eabi/lib/armv6-m/libc.a
END GROUP
LOAD /usr/lib/gcc/arm-none-eabi/4.8/armv6-m/crtend.o
LOAD /usr/lib/gcc/arm-none-eabi/4.8/armv6-m/crtn.o
                0x0000000000008000                PROVIDE (__executable_start, 0x8000)
                0x0000000000008000                . = 0x8000

.interp
 *(.interp)

.note.gnu.build-id
 *(.note.gnu.build-id)

.hash
 *(.hash)

.gnu.hash
 *(.gnu.hash)

.dynsym
 *(.dynsym)

.dynstr
 *(.dynstr)

.gnu.version
 *(.gnu.version)

.gnu.version_d
 *(.gnu.version_d)

.gnu.version_r
 *(.gnu.version_r)

.rel.dyn        0x0000000000008000        0x0
 *(.rel.init)
 *(.rel.text .rel.text.* .rel.gnu.linkonce.t.*)
 *(.rel.fini)
 *(.rel.rodata .rel.rodata.* .rel.gnu.linkonce.r.*)
 *(.rel.data.rel.ro .rel.data.rel.ro.* .rel.gnu.linkonce.d.rel.ro.*)
 *(.rel.data .rel.data.* .rel.gnu.linkonce.d.*)
 *(.rel.tdata .rel.tdata.* .rel.gnu.linkonce.td.*)
 *(.rel.tbss .rel.tbss.* .rel.gnu.linkonce.tb.*)
 *(.rel.ctors)
 *(.rel.dtors)
 *(.rel.got)
 *(.rel.bss .rel.bss.* .rel.gnu.linkonce.b.*)
                0x0000000000008000                PROVIDE (__rel_iplt_start, .)
 *(.rel.iplt)
 .rel.iplt      0x0000000000008000        0x0 /usr/lib/gcc/arm-none-eabi/4.8/armv6-m/crtbegin.o
                0x0000000000008000                PROVIDE (__rel_iplt_end, .)

.rela.dyn       0x0000000000008000        0x0
 *(.rela.init)
 *(.rela.text .rela.text.* .rela.gnu.linkonce.t.*)
 *(.rela.fini)
 *(.rela.rodata .rela.rodata.* .rela.gnu.linkonce.r.*)
 *(.rela.data .rela.data.* .rela.gnu.linkonce.d.*)
 *(.rela.tdata .rela.tdata.* .rela.gnu.linkonce.td.*)
 *(.rela.tbss .rela.tbss.* .rela.gnu.linkonce.tb.*)
 *(.rela.ctors)
 *(.rela.dtors)
 *(.rela.got)
 *(.rela.bss .rela.bss.* .rela.gnu.linkonce.b.*)
                0x0000000000008000                PROVIDE (__rela_iplt_start, .)
 *(.rela.iplt)
                0x0000000000008000                PROVIDE (__rela_iplt_end, .)

.rel.plt
 *(.rel.plt)

.rela.plt
 *(.rela.plt)

.init           0x0000000000008000        0xc
 *(SORT(.init))
 .init          0x0000000000008000        0x4 /usr/lib/gcc/arm-none-eabi/4.8/armv6-m/crti.o
                0x0000000000008000                _init
 .init          0x0000000000008004        0x8 /usr/lib/gcc/arm-none-eabi/4.8/armv6-m/crtn.o

.plt
 *(.plt)

.iplt           0x000000000000800c        0x0
 *(.iplt)
 .iplt          0x000000000000800c        0x0 /usr/lib/gcc/arm-none-eabi/4.8/armv6-m/crtbegin.o

.text           0x000000000000800c      0x460
 *(.text.unlikely .text.*_unlikely .text.unlikely.*)
 *(.text.exit .text.exit.*)
 .text.exit     0x000000000000800c       0x20 /usr/lib/gcc/arm-none-eabi/4.8/../../../arm-none-eabi/lib/armv6-m/libg.a(lib_a-exit.o)
                0x000000000000800c                exit
 *(.text.startup .text.startup.*)
 .text.startup.main
                0x000000000000802c        0x4 /tmp/ccEL0FlS.o
                0x000000000000802c                main
 .text.startup.register_fini
                0x0000000000008030       0x18 /usr/lib/gcc/arm-none-eabi/4.8/../../../arm-none-eabi/lib/armv6-m/libg.a(lib_a-__call_atexit.o)
 *(.text.hot .text.hot.*)
 *(.text .stub .text.* .gnu.linkonce.t.*)
 .text          0x0000000000008048       0xbc /usr/lib/gcc/arm-none-eabi/4.8/armv6-m/crtbegin.o
 .text          0x0000000000008104       0x6c /usr/lib/gcc/arm-none-eabi/4.8/../../../arm-none-eabi/lib/armv6-m/crt0.o
                0x0000000000008104                _mainCRTStartup
                0x0000000000008104                _start
 .text.atexit   0x0000000000008170       0x10 /usr/lib/gcc/arm-none-eabi/4.8/../../../arm-none-eabi/lib/armv6-m/libg.a(lib_a-atexit.o)
                0x0000000000008170                atexit
 .text.__libc_fini_array
                0x0000000000008180       0x30 /usr/lib/gcc/arm-none-eabi/4.8/../../../arm-none-eabi/lib/armv6-m/libg.a(lib_a-fini.o)
                0x0000000000008180                __libc_fini_array
 .text.__libc_init_array
                0x00000000000081b0       0x48 /usr/lib/gcc/arm-none-eabi/4.8/../../../arm-none-eabi/lib/armv6-m/libg.a(lib_a-init.o)
                0x00000000000081b0                __libc_init_array
 .text.memset   0x00000000000081f8       0x9c /usr/lib/gcc/arm-none-eabi/4.8/../../../arm-none-eabi/lib/armv6-m/libg.a(lib_a-memset.o)
                0x00000000000081f8                memset
 .text.__register_exitproc
                0x0000000000008294       0xc0 /usr/lib/gcc/arm-none-eabi/4.8/../../../arm-none-eabi/lib/armv6-m/libg.a(lib_a-__atexit.o)
                0x0000000000008294                __register_exitproc
 .text.__call_exitprocs
                0x0000000000008354      0x118 /usr/lib/gcc/arm-none-eabi/4.8/../../../arm-none-eabi/lib/armv6-m/libg.a(lib_a-__call_atexit.o)
                0x0000000000008354                __call_exitprocs
 *(.gnu.warning)
 *(.glue_7t)
 .glue_7t       0x000000000000846c        0x0 linker stubs
 *(.glue_7)
 .glue_7        0x000000000000846c        0x0 linker stubs
 *(.vfp11_veneer)
 .vfp11_veneer  0x000000000000846c        0x0 linker stubs
 *(.v4_bx)
 .v4_bx         0x000000000000846c        0x0 linker stubs

.fini           0x000000000000846c        0xc
 *(SORT(.fini))
 .fini          0x000000000000846c        0x4 /usr/lib/gcc/arm-none-eabi/4.8/armv6-m/crti.o
                0x000000000000846c                _fini
 .fini          0x0000000000008470        0x8 /usr/lib/gcc/arm-none-eabi/4.8/armv6-m/crtn.o
                0x0000000000008478                PROVIDE (__etext, .)
                0x0000000000008478                PROVIDE (_etext, .)
                0x0000000000008478                PROVIDE (etext, .)

.rodata         0x0000000000008478        0x8
 *(.rodata .rodata.* .gnu.linkonce.r.*)
 .rodata.str1.4
                0x0000000000008478        0x4 /usr/lib/gcc/arm-none-eabi/4.8/../../../arm-none-eabi/lib/armv6-m/libg.a(lib_a-impure.o)
 .rodata._global_impure_ptr
                0x000000000000847c        0x4 /usr/lib/gcc/arm-none-eabi/4.8/../../../arm-none-eabi/lib/armv6-m/libg.a(lib_a-impure.o)
                0x000000000000847c                _global_impure_ptr

.rodata1
 *(.rodata1)

.ARM.extab
 *(.ARM.extab* .gnu.linkonce.armextab.*)
                0x0000000000008480                PROVIDE (__exidx_start, .)

.ARM.exidx      0x0000000000008480        0x8
 *(.ARM.exidx* .gnu.linkonce.armexidx.*)
 .ARM.exidx     0x0000000000008480        0x8 /usr/lib/gcc/arm-none-eabi/4.8/../../../arm-none-eabi/lib/armv6-m/crt0.o
                0x0000000000008488                PROVIDE (__exidx_end, .)

.eh_frame_hdr
 *(.eh_frame_hdr)

.eh_frame       0x0000000000008488        0x4
 *(.eh_frame)
 .eh_frame      0x0000000000008488        0x0 /usr/lib/gcc/arm-none-eabi/4.8/armv6-m/crtbegin.o
 .eh_frame      0x0000000000008488        0x4 /usr/lib/gcc/arm-none-eabi/4.8/armv6-m/crtend.o

.gcc_except_table
 *(.gcc_except_table .gcc_except_table.*)

.exception_ranges
 *(.exception_ranges .exception_ranges*)
                0x000000000001848c                . = (ALIGN (0x10000) + (. & 0xffff))

.eh_frame
 *(.eh_frame)

.gcc_except_table
 *(.gcc_except_table .gcc_except_table.*)

.exception_ranges
 *(.exception_ranges .exception_ranges*)

.tdata
 *(.tdata .tdata.* .gnu.linkonce.td.*)

.tbss
 *(.tbss .tbss.* .gnu.linkonce.tb.*)
 *(.tcommon)

.preinit_array  0x000000000001848c        0x0
                0x000000000001848c                PROVIDE (__preinit_array_start, .)
 *(.preinit_array)
                0x000000000001848c                PROVIDE (__preinit_array_end, .)

.init_array     0x000000000001848c        0x8
                0x000000000001848c                PROVIDE (__init_array_start, .)
 *(SORT(.init_array.*))
 .init_array.00000
                0x000000000001848c        0x4 /usr/lib/gcc/arm-none-eabi/4.8/../../../arm-none-eabi/lib/armv6-m/libg.a(lib_a-__call_atexit.o)
 *(.init_array)
 .init_array    0x0000000000018490        0x4 /usr/lib/gcc/arm-none-eabi/4.8/armv6-m/crtbegin.o
                0x0000000000018494                PROVIDE (__init_array_end, .)

.fini_array     0x0000000000018494        0x4
                0x0000000000018494                PROVIDE (__fini_array_start, .)
 *(SORT(.fini_array.*))
 *(.fini_array)
 .fini_array    0x0000000000018494        0x4 /usr/lib/gcc/arm-none-eabi/4.8/armv6-m/crtbegin.o
                0x0000000000018498                PROVIDE (__fini_array_end, .)

.ctors
 *crtbegin.o(.ctors)
 *crtbegin?.o(.ctors)
 *(EXCLUDE_FILE(*crtend?.o *crtend.o) .ctors)
 *(SORT(.ctors.*))
 *(.ctors)

.dtors
 *crtbegin.o(.dtors)
 *crtbegin?.o(.dtors)
 *(EXCLUDE_FILE(*crtend?.o *crtend.o) .dtors)
 *(SORT(.dtors.*))
 *(.dtors)

.jcr            0x0000000000018498        0x4
 *(.jcr)
 .jcr           0x0000000000018498        0x0 /usr/lib/gcc/arm-none-eabi/4.8/armv6-m/crtbegin.o
 .jcr           0x0000000000018498        0x4 /usr/lib/gcc/arm-none-eabi/4.8/armv6-m/crtend.o

.data.rel.ro
 *(.data.rel.ro.local* .gnu.linkonce.d.rel.ro.local.*)
 *(.data.rel.ro .data.rel.ro.* .gnu.linkonce.d.rel.ro.*)

.dynamic
 *(.dynamic)

.got            0x000000000001849c        0x0
 *(.got.plt)
 *(.igot.plt)
 .igot.plt      0x000000000001849c        0x0 /usr/lib/gcc/arm-none-eabi/4.8/armv6-m/crtbegin.o
 *(.got)
 *(.igot)

.data           0x00000000000184a0      0x428
                0x00000000000184a0                __data_start = .
 *(.data .data.* .gnu.linkonce.d.*)
 .data.impure_data
                0x00000000000184a0      0x428 /usr/lib/gcc/arm-none-eabi/4.8/../../../arm-none-eabi/lib/armv6-m/libg.a(lib_a-impure.o)

.tm_clone_table
                0x00000000000188c8        0x0
 .tm_clone_table
                0x00000000000188c8        0x0 /usr/lib/gcc/arm-none-eabi/4.8/armv6-m/crtbegin.o
 .tm_clone_table
                0x00000000000188c8        0x0 /usr/lib/gcc/arm-none-eabi/4.8/armv6-m/crtend.o

.data1
 *(.data1)
                0x00000000000188c8                _edata = .
                0x00000000000188c8                PROVIDE (edata, .)
                0x00000000000188c8                . = .
                0x00000000000188c8                __bss_start = .
                0x00000000000188c8                __bss_start__ = .

.bss            0x00000000000188c8       0x1c
 *(.dynbss)
 *(.bss .bss.* .gnu.linkonce.b.*)
 .bss           0x00000000000188c8       0x1c /usr/lib/gcc/arm-none-eabi/4.8/armv6-m/crtbegin.o
 *(COMMON)
                0x00000000000188e4                . = ALIGN ((. != 0x0)?0x4:0x1)
                0x00000000000188e4                _bss_end__ = .
                0x00000000000188e4                __bss_end__ = .
                0x00000000000188e4                . = ALIGN (0x4)
                0x00000000000188e4                . = SEGMENT_START ("ldata-segment", .)
                0x00000000000188e4                . = ALIGN (0x4)
                0x00000000000188e4                __end__ = .
                0x00000000000188e4                _end = .
                0x00000000000188e4                PROVIDE (end, .)

.stab
 *(.stab)

.stabstr
 *(.stabstr)

.stab.excl
 *(.stab.excl)

.stab.exclstr
 *(.stab.exclstr)

.stab.index
 *(.stab.index)

.stab.indexstr
 *(.stab.indexstr)

.comment        0x0000000000000000       0x58
 *(.comment)
 .comment       0x0000000000000000       0x2d /usr/lib/gcc/arm-none-eabi/4.8/armv6-m/crtbegin.o
                                         0x2e (size before relaxing)
 .comment       0x000000000000002d       0x2e /tmp/ccEL0FlS.o
 .comment       0x000000000000002d       0x2b /usr/lib/gcc/arm-none-eabi/4.8/../../../arm-none-eabi/lib/armv6-m/libg.a(lib_a-atexit.o)
                                         0x2c (size before relaxing)
 .comment       0x0000000000000058       0x2c /usr/lib/gcc/arm-none-eabi/4.8/../../../arm-none-eabi/lib/armv6-m/libg.a(lib_a-exit.o)
 .comment       0x0000000000000058       0x2c /usr/lib/gcc/arm-none-eabi/4.8/../../../arm-none-eabi/lib/armv6-m/libg.a(lib_a-fini.o)
 .comment       0x0000000000000058       0x2c /usr/lib/gcc/arm-none-eabi/4.8/../../../arm-none-eabi/lib/armv6-m/libg.a(lib_a-impure.o)
 .comment       0x0000000000000058       0x2c /usr/lib/gcc/arm-none-eabi/4.8/../../../arm-none-eabi/lib/armv6-m/libg.a(lib_a-init.o)
 .comment       0x0000000000000058       0x2c /usr/lib/gcc/arm-none-eabi/4.8/../../../arm-none-eabi/lib/armv6-m/libg.a(lib_a-memset.o)
 .comment       0x0000000000000058       0x2c /usr/lib/gcc/arm-none-eabi/4.8/../../../arm-none-eabi/lib/armv6-m/libg.a(lib_a-__atexit.o)
 .comment       0x0000000000000058       0x2c /usr/lib/gcc/arm-none-eabi/4.8/../../../arm-none-eabi/lib/armv6-m/libg.a(lib_a-__call_atexit.o)
 .comment       0x0000000000000058       0x2e /usr/lib/gcc/arm-none-eabi/4.8/armv6-m/crtend.o

.debug
 *(.debug)

.line
 *(.line)

.debug_srcinfo
 *(.debug_srcinfo)

.debug_sfnames
 *(.debug_sfnames)

.debug_aranges  0x0000000000000000      0x140
 *(.debug_aranges)
 .debug_aranges
                0x0000000000000000       0x20 /usr/lib/gcc/arm-none-eabi/4.8/../../../arm-none-eabi/lib/armv6-m/crt0.o
 .debug_aranges
                0x0000000000000020       0x20 /tmp/ccEL0FlS.o
 .debug_aranges
                0x0000000000000040       0x20 /usr/lib/gcc/arm-none-eabi/4.8/../../../arm-none-eabi/lib/armv6-m/libg.a(lib_a-atexit.o)
 .debug_aranges
                0x0000000000000060       0x20 /usr/lib/gcc/arm-none-eabi/4.8/../../../arm-none-eabi/lib/armv6-m/libg.a(lib_a-exit.o)
 .debug_aranges
                0x0000000000000080       0x20 /usr/lib/gcc/arm-none-eabi/4.8/../../../arm-none-eabi/lib/armv6-m/libg.a(lib_a-fini.o)
 .debug_aranges
                0x00000000000000a0       0x18 /usr/lib/gcc/arm-none-eabi/4.8/../../../arm-none-eabi/lib/armv6-m/libg.a(lib_a-impure.o)
 .debug_aranges
                0x00000000000000b8       0x20 /usr/lib/gcc/arm-none-eabi/4.8/../../../arm-none-eabi/lib/armv6-m/libg.a(lib_a-init.o)
 .debug_aranges
                0x00000000000000d8       0x20 /usr/lib/gcc/arm-none-eabi/4.8/../../../arm-none-eabi/lib/armv6-m/libg.a(lib_a-memset.o)
 .debug_aranges
                0x00000000000000f8       0x20 /usr/lib/gcc/arm-none-eabi/4.8/../../../arm-none-eabi/lib/armv6-m/libg.a(lib_a-__atexit.o)
 .debug_aranges
                0x0000000000000118       0x28 /usr/lib/gcc/arm-none-eabi/4.8/../../../arm-none-eabi/lib/armv6-m/libg.a(lib_a-__call_atexit.o)

.debug_pubnames
 *(.debug_pubnames)

.debug_info     0x0000000000000000     0x29c0
 *(.debug_info .gnu.linkonce.wi.*)
 .debug_info    0x0000000000000000       0xb1 /usr/lib/gcc/arm-none-eabi/4.8/../../../arm-none-eabi/lib/armv6-m/crt0.o
 .debug_info    0x00000000000000b1       0xa4 /tmp/ccEL0FlS.o
 .debug_info    0x0000000000000155      0x10a /usr/lib/gcc/arm-none-eabi/4.8/../../../arm-none-eabi/lib/armv6-m/libg.a(lib_a-atexit.o)
 .debug_info    0x000000000000025f      0x8e4 /usr/lib/gcc/arm-none-eabi/4.8/../../../arm-none-eabi/lib/armv6-m/libg.a(lib_a-exit.o)
 .debug_info    0x0000000000000b43       0xef /usr/lib/gcc/arm-none-eabi/4.8/../../../arm-none-eabi/lib/armv6-m/libg.a(lib_a-fini.o)
 .debug_info    0x0000000000000c32      0x894 /usr/lib/gcc/arm-none-eabi/4.8/../../../arm-none-eabi/lib/armv6-m/libg.a(lib_a-impure.o)
 .debug_info    0x00000000000014c6      0x105 /usr/lib/gcc/arm-none-eabi/4.8/../../../arm-none-eabi/lib/armv6-m/libg.a(lib_a-init.o)
 .debug_info    0x00000000000015cb      0x117 /usr/lib/gcc/arm-none-eabi/4.8/../../../arm-none-eabi/lib/armv6-m/libg.a(lib_a-memset.o)
 .debug_info    0x00000000000016e2      0x934 /usr/lib/gcc/arm-none-eabi/4.8/../../../arm-none-eabi/lib/armv6-m/libg.a(lib_a-__atexit.o)
 .debug_info    0x0000000000002016      0x9aa /usr/lib/gcc/arm-none-eabi/4.8/../../../arm-none-eabi/lib/armv6-m/libg.a(lib_a-__call_atexit.o)

.debug_abbrev   0x0000000000000000      0xb33
 *(.debug_abbrev)
 .debug_abbrev  0x0000000000000000       0x14 /usr/lib/gcc/arm-none-eabi/4.8/../../../arm-none-eabi/lib/armv6-m/crt0.o
 .debug_abbrev  0x0000000000000014       0x60 /tmp/ccEL0FlS.o
 .debug_abbrev  0x0000000000000074       0xb5 /usr/lib/gcc/arm-none-eabi/4.8/../../../arm-none-eabi/lib/armv6-m/libg.a(lib_a-atexit.o)
 .debug_abbrev  0x0000000000000129      0x1e6 /usr/lib/gcc/arm-none-eabi/4.8/../../../arm-none-eabi/lib/armv6-m/libg.a(lib_a-exit.o)
 .debug_abbrev  0x000000000000030f       0xba /usr/lib/gcc/arm-none-eabi/4.8/../../../arm-none-eabi/lib/armv6-m/libg.a(lib_a-fini.o)
 .debug_abbrev  0x00000000000003c9      0x180 /usr/lib/gcc/arm-none-eabi/4.8/../../../arm-none-eabi/lib/armv6-m/libg.a(lib_a-impure.o)
 .debug_abbrev  0x0000000000000549       0xba /usr/lib/gcc/arm-none-eabi/4.8/../../../arm-none-eabi/lib/armv6-m/libg.a(lib_a-init.o)
 .debug_abbrev  0x0000000000000603       0x9f /usr/lib/gcc/arm-none-eabi/4.8/../../../arm-none-eabi/lib/armv6-m/libg.a(lib_a-memset.o)
 .debug_abbrev  0x00000000000006a2      0x20f /usr/lib/gcc/arm-none-eabi/4.8/../../../arm-none-eabi/lib/armv6-m/libg.a(lib_a-__atexit.o)
 .debug_abbrev  0x00000000000008b1      0x282 /usr/lib/gcc/arm-none-eabi/4.8/../../../arm-none-eabi/lib/armv6-m/libg.a(lib_a-__call_atexit.o)

.debug_line     0x0000000000000000      0xa35
 *(.debug_line .debug_line.* .debug_line_end)
 .debug_line    0x0000000000000000       0x80 /usr/lib/gcc/arm-none-eabi/4.8/../../../arm-none-eabi/lib/armv6-m/crt0.o
 .debug_line    0x0000000000000080       0x85 /tmp/ccEL0FlS.o
 .debug_line    0x0000000000000105       0xc8 /usr/lib/gcc/arm-none-eabi/4.8/../../../arm-none-eabi/lib/armv6-m/libg.a(lib_a-atexit.o)
 .debug_line    0x00000000000001cd      0x17f /usr/lib/gcc/arm-none-eabi/4.8/../../../arm-none-eabi/lib/armv6-m/libg.a(lib_a-exit.o)
 .debug_line    0x000000000000034c       0x9d /usr/lib/gcc/arm-none-eabi/4.8/../../../arm-none-eabi/lib/armv6-m/libg.a(lib_a-fini.o)
 .debug_line    0x00000000000003e9       0xf5 /usr/lib/gcc/arm-none-eabi/4.8/../../../arm-none-eabi/lib/armv6-m/libg.a(lib_a-impure.o)
 .debug_line    0x00000000000004de       0xbe /usr/lib/gcc/arm-none-eabi/4.8/../../../arm-none-eabi/lib/armv6-m/libg.a(lib_a-init.o)
 .debug_line    0x000000000000059c      0x120 /usr/lib/gcc/arm-none-eabi/4.8/../../../arm-none-eabi/lib/armv6-m/libg.a(lib_a-memset.o)
 .debug_line    0x00000000000006bc      0x194 /usr/lib/gcc/arm-none-eabi/4.8/../../../arm-none-eabi/lib/armv6-m/libg.a(lib_a-__atexit.o)
 .debug_line    0x0000000000000850      0x1e5 /usr/lib/gcc/arm-none-eabi/4.8/../../../arm-none-eabi/lib/armv6-m/libg.a(lib_a-__call_atexit.o)

.debug_frame    0x0000000000000000      0x184
 *(.debug_frame)
 .debug_frame   0x0000000000000000       0x20 /tmp/ccEL0FlS.o
 .debug_frame   0x0000000000000020       0x28 /usr/lib/gcc/arm-none-eabi/4.8/../../../arm-none-eabi/lib/armv6-m/libg.a(lib_a-atexit.o)
 .debug_frame   0x0000000000000048       0x28 /usr/lib/gcc/arm-none-eabi/4.8/../../../arm-none-eabi/lib/armv6-m/libg.a(lib_a-exit.o)
 .debug_frame   0x0000000000000070       0x2c /usr/lib/gcc/arm-none-eabi/4.8/../../../arm-none-eabi/lib/armv6-m/libg.a(lib_a-fini.o)
 .debug_frame   0x000000000000009c       0x2c /usr/lib/gcc/arm-none-eabi/4.8/../../../arm-none-eabi/lib/armv6-m/libg.a(lib_a-init.o)
 .debug_frame   0x00000000000000c8       0x30 /usr/lib/gcc/arm-none-eabi/4.8/../../../arm-none-eabi/lib/armv6-m/libg.a(lib_a-memset.o)
 .debug_frame   0x00000000000000f8       0x38 /usr/lib/gcc/arm-none-eabi/4.8/../../../arm-none-eabi/lib/armv6-m/libg.a(lib_a-__atexit.o)
 .debug_frame   0x0000000000000130       0x54 /usr/lib/gcc/arm-none-eabi/4.8/../../../arm-none-eabi/lib/armv6-m/libg.a(lib_a-__call_atexit.o)

.debug_str      0x0000000000000000      0x9ba
 *(.debug_str)
 .debug_str     0x0000000000000000      0x106 /tmp/ccEL0FlS.o
                                        0x143 (size before relaxing)
 .debug_str     0x0000000000000106      0x16d /usr/lib/gcc/arm-none-eabi/4.8/../../../arm-none-eabi/lib/armv6-m/libg.a(lib_a-atexit.o)
                                        0x1fd (size before relaxing)
 .debug_str     0x0000000000000273      0x3f0 /usr/lib/gcc/arm-none-eabi/4.8/../../../arm-none-eabi/lib/armv6-m/libg.a(lib_a-exit.o)
                                        0x59a (size before relaxing)
 .debug_str     0x0000000000000663       0xd0 /usr/lib/gcc/arm-none-eabi/4.8/../../../arm-none-eabi/lib/armv6-m/libg.a(lib_a-fini.o)
                                        0x1f5 (size before relaxing)
 .debug_str     0x0000000000000733       0xa3 /usr/lib/gcc/arm-none-eabi/4.8/../../../arm-none-eabi/lib/armv6-m/libg.a(lib_a-impure.o)
                                        0x591 (size before relaxing)
 .debug_str     0x00000000000007d6       0x90 /usr/lib/gcc/arm-none-eabi/4.8/../../../arm-none-eabi/lib/armv6-m/libg.a(lib_a-init.o)
                                        0x21f (size before relaxing)
 .debug_str     0x0000000000000866       0xb4 /usr/lib/gcc/arm-none-eabi/4.8/../../../arm-none-eabi/lib/armv6-m/libg.a(lib_a-memset.o)
                                        0x1d4 (size before relaxing)
 .debug_str     0x000000000000091a       0x30 /usr/lib/gcc/arm-none-eabi/4.8/../../../arm-none-eabi/lib/armv6-m/libg.a(lib_a-__atexit.o)
                                        0x5d9 (size before relaxing)
 .debug_str     0x000000000000094a       0x70 /usr/lib/gcc/arm-none-eabi/4.8/../../../arm-none-eabi/lib/armv6-m/libg.a(lib_a-__call_atexit.o)
                                        0x5f1 (size before relaxing)

.debug_loc      0x0000000000000000      0x736
 *(.debug_loc)
 .debug_loc     0x0000000000000000       0x2c /usr/lib/gcc/arm-none-eabi/4.8/../../../arm-none-eabi/lib/armv6-m/libg.a(lib_a-atexit.o)
 .debug_loc     0x000000000000002c       0x1e /usr/lib/gcc/arm-none-eabi/4.8/../../../arm-none-eabi/lib/armv6-m/libg.a(lib_a-exit.o)
 .debug_loc     0x000000000000004a       0x2b /usr/lib/gcc/arm-none-eabi/4.8/../../../arm-none-eabi/lib/armv6-m/libg.a(lib_a-fini.o)
 .debug_loc     0x0000000000000075       0x84 /usr/lib/gcc/arm-none-eabi/4.8/../../../arm-none-eabi/lib/armv6-m/libg.a(lib_a-init.o)
 .debug_loc     0x00000000000000f9      0x1b0 /usr/lib/gcc/arm-none-eabi/4.8/../../../arm-none-eabi/lib/armv6-m/libg.a(lib_a-memset.o)
 .debug_loc     0x00000000000002a9      0x1b9 /usr/lib/gcc/arm-none-eabi/4.8/../../../arm-none-eabi/lib/armv6-m/libg.a(lib_a-__atexit.o)
 .debug_loc     0x0000000000000462      0x2d4 /usr/lib/gcc/arm-none-eabi/4.8/../../../arm-none-eabi/lib/armv6-m/libg.a(lib_a-__call_atexit.o)

.debug_macinfo
 *(.debug_macinfo)

.debug_weaknames
 *(.debug_weaknames)

.debug_funcnames
 *(.debug_funcnames)

.debug_typenames
 *(.debug_typenames)

.debug_varnames
 *(.debug_varnames)

.debug_pubtypes
 *(.debug_pubtypes)

.debug_ranges   0x0000000000000000       0xa8
 *(.debug_ranges)
 .debug_ranges  0x0000000000000000       0x10 /tmp/ccEL0FlS.o
 .debug_ranges  0x0000000000000010       0x10 /usr/lib/gcc/arm-none-eabi/4.8/../../../arm-none-eabi/lib/armv6-m/libg.a(lib_a-atexit.o)
 .debug_ranges  0x0000000000000020       0x10 /usr/lib/gcc/arm-none-eabi/4.8/../../../arm-none-eabi/lib/armv6-m/libg.a(lib_a-exit.o)
 .debug_ranges  0x0000000000000030       0x10 /usr/lib/gcc/arm-none-eabi/4.8/../../../arm-none-eabi/lib/armv6-m/libg.a(lib_a-fini.o)
 .debug_ranges  0x0000000000000040       0x10 /usr/lib/gcc/arm-none-eabi/4.8/../../../arm-none-eabi/lib/armv6-m/libg.a(lib_a-init.o)
 .debug_ranges  0x0000000000000050       0x10 /usr/lib/gcc/arm-none-eabi/4.8/../../../arm-none-eabi/lib/armv6-m/libg.a(lib_a-memset.o)
 .debug_ranges  0x0000000000000060       0x10 /usr/lib/gcc/arm-none-eabi/4.8/../../../arm-none-eabi/lib/armv6-m/libg.a(lib_a-__atexit.o)
 .debug_ranges  0x0000000000000070       0x38 /usr/lib/gcc/arm-none-eabi/4.8/../../../arm-none-eabi/lib/armv6-m/libg.a(lib_a-__call_atexit.o)

.debug_macro
 *(.debug_macro)

.stack          0x0000000000080000        0x0
                0x0000000000080000                _stack = .
 *(.stack)

.ARM.attributes
                0x0000000000000000       0x28
 *(.ARM.attributes)
 .ARM.attributes
                0x0000000000000000       0x1e /usr/lib/gcc/arm-none-eabi/4.8/armv6-m/crti.o
 .ARM.attributes
                0x000000000000001e       0x2c /usr/lib/gcc/arm-none-eabi/4.8/armv6-m/crtbegin.o
 .ARM.attributes
                0x000000000000004a       0x1b /usr/lib/gcc/arm-none-eabi/4.8/../../../arm-none-eabi/lib/armv6-m/crt0.o
 .ARM.attributes
                0x0000000000000065       0x31 /tmp/ccEL0FlS.o
 .ARM.attributes
                0x0000000000000096       0x2c /usr/lib/gcc/arm-none-eabi/4.8/../../../arm-none-eabi/lib/armv6-m/libg.a(lib_a-atexit.o)
 .ARM.attributes
                0x00000000000000c2       0x2c /usr/lib/gcc/arm-none-eabi/4.8/../../../arm-none-eabi/lib/armv6-m/libg.a(lib_a-exit.o)
 .ARM.attributes
                0x00000000000000ee       0x2c /usr/lib/gcc/arm-none-eabi/4.8/../../../arm-none-eabi/lib/armv6-m/libg.a(lib_a-fini.o)
 .ARM.attributes
                0x000000000000011a       0x2c /usr/lib/gcc/arm-none-eabi/4.8/../../../arm-none-eabi/lib/armv6-m/libg.a(lib_a-impure.o)
 .ARM.attributes
                0x0000000000000146       0x2c /usr/lib/gcc/arm-none-eabi/4.8/../../../arm-none-eabi/lib/armv6-m/libg.a(lib_a-init.o)
 .ARM.attributes
                0x0000000000000172       0x2c /usr/lib/gcc/arm-none-eabi/4.8/../../../arm-none-eabi/lib/armv6-m/libg.a(lib_a-memset.o)
 .ARM.attributes
                0x000000000000019e       0x2c /usr/lib/gcc/arm-none-eabi/4.8/../../../arm-none-eabi/lib/armv6-m/libg.a(lib_a-__atexit.o)
 .ARM.attributes
                0x00000000000001ca       0x2c /usr/lib/gcc/arm-none-eabi/4.8/../../../arm-none-eabi/lib/armv6-m/libg.a(lib_a-__call_atexit.o)
 .ARM.attributes
                0x00000000000001f6       0x2c /usr/lib/gcc/arm-none-eabi/4.8/armv6-m/crtend.o
 .ARM.attributes
                0x0000000000000222       0x1e /usr/lib/gcc/arm-none-eabi/4.8/armv6-m/crtn.o
 *(.gnu.attributes)

.note.gnu.arm.ident
 *(.note.gnu.arm.ident)

/DISCARD/
 *(.note.GNU-stack)
 *(.gnu_debuglink)
 *(.gnu.lto_*)
OUTPUT(Project.elf elf32-littlearm)
