GAS LISTING /tmp/ccA8kcx7.s 			page 1


   1               		.file	"spi.c"
   2               	__SP_H__ = 0x3e
   3               	__SP_L__ = 0x3d
   4               	__SREG__ = 0x3f
   5               	__tmp_reg__ = 0
   6               	__zero_reg__ = 1
   7               		.stabs	"/home/edward/Microcontroller/Atmega328p/NRF24L01TestRecieve/",100,0,2,.Ltext0
   8               		.stabs	"../Libraries/OBLib/MIRF/spi.c",100,0,2,.Ltext0
   9               		.text
  10               	.Ltext0:
  11               		.stabs	"gcc2_compiled.",60,0,0,0
  12               		.stabs	"int:t(0,1)=r(0,1);-32768;32767;",128,0,0,0
  13               		.stabs	"char:t(0,2)=@s8;r(0,2);0;255;",128,0,0,0
  14               		.stabs	"long int:t(0,3)=@s32;r(0,3);020000000000;017777777777;",128,0,0,0
  15               		.stabs	"unsigned int:t(0,4)=r(0,4);0;0177777;",128,0,0,0
  16               		.stabs	"long unsigned int:t(0,5)=@s32;r(0,5);0;037777777777;",128,0,0,0
  17               		.stabs	"long long int:t(0,6)=@s64;r(0,6);01000000000000000000000;0777777777777777777777;",128,0,0,
  18               		.stabs	"long long unsigned int:t(0,7)=@s64;r(0,7);0;01777777777777777777777;",128,0,0,0
  19               		.stabs	"short int:t(0,8)=r(0,8);-32768;32767;",128,0,0,0
  20               		.stabs	"short unsigned int:t(0,9)=r(0,9);0;0177777;",128,0,0,0
  21               		.stabs	"signed char:t(0,10)=@s8;r(0,10);-128;127;",128,0,0,0
  22               		.stabs	"unsigned char:t(0,11)=@s8;r(0,11);0;255;",128,0,0,0
  23               		.stabs	"float:t(0,12)=r(0,1);4;0;",128,0,0,0
  24               		.stabs	"double:t(0,13)=r(0,1);4;0;",128,0,0,0
  25               		.stabs	"long double:t(0,14)=r(0,1);4;0;",128,0,0,0
  26               		.stabs	"short _Fract:t(0,15)=r(0,1);1;0;",128,0,0,0
  27               		.stabs	"_Fract:t(0,16)=r(0,1);2;0;",128,0,0,0
  28               		.stabs	"long _Fract:t(0,17)=r(0,1);4;0;",128,0,0,0
  29               		.stabs	"long long _Fract:t(0,18)=r(0,1);8;0;",128,0,0,0
  30               		.stabs	"unsigned short _Fract:t(0,19)=r(0,1);1;0;",128,0,0,0
  31               		.stabs	"unsigned _Fract:t(0,20)=r(0,1);2;0;",128,0,0,0
  32               		.stabs	"unsigned long _Fract:t(0,21)=r(0,1);4;0;",128,0,0,0
  33               		.stabs	"unsigned long long _Fract:t(0,22)=r(0,1);8;0;",128,0,0,0
  34               		.stabs	"_Sat short _Fract:t(0,23)=r(0,1);1;0;",128,0,0,0
  35               		.stabs	"_Sat _Fract:t(0,24)=r(0,1);2;0;",128,0,0,0
  36               		.stabs	"_Sat long _Fract:t(0,25)=r(0,1);4;0;",128,0,0,0
  37               		.stabs	"_Sat long long _Fract:t(0,26)=r(0,1);8;0;",128,0,0,0
  38               		.stabs	"_Sat unsigned short _Fract:t(0,27)=r(0,1);1;0;",128,0,0,0
  39               		.stabs	"_Sat unsigned _Fract:t(0,28)=r(0,1);2;0;",128,0,0,0
  40               		.stabs	"_Sat unsigned long _Fract:t(0,29)=r(0,1);4;0;",128,0,0,0
  41               		.stabs	"_Sat unsigned long long _Fract:t(0,30)=r(0,1);8;0;",128,0,0,0
  42               		.stabs	"short _Accum:t(0,31)=r(0,1);2;0;",128,0,0,0
  43               		.stabs	"_Accum:t(0,32)=r(0,1);4;0;",128,0,0,0
  44               		.stabs	"long _Accum:t(0,33)=r(0,1);8;0;",128,0,0,0
  45               		.stabs	"long long _Accum:t(0,34)=r(0,1);8;0;",128,0,0,0
  46               		.stabs	"unsigned short _Accum:t(0,35)=r(0,1);2;0;",128,0,0,0
  47               		.stabs	"unsigned _Accum:t(0,36)=r(0,1);4;0;",128,0,0,0
  48               		.stabs	"unsigned long _Accum:t(0,37)=r(0,1);8;0;",128,0,0,0
  49               		.stabs	"unsigned long long _Accum:t(0,38)=r(0,1);8;0;",128,0,0,0
  50               		.stabs	"_Sat short _Accum:t(0,39)=r(0,1);2;0;",128,0,0,0
  51               		.stabs	"_Sat _Accum:t(0,40)=r(0,1);4;0;",128,0,0,0
  52               		.stabs	"_Sat long _Accum:t(0,41)=r(0,1);8;0;",128,0,0,0
  53               		.stabs	"_Sat long long _Accum:t(0,42)=r(0,1);8;0;",128,0,0,0
  54               		.stabs	"_Sat unsigned short _Accum:t(0,43)=r(0,1);2;0;",128,0,0,0
  55               		.stabs	"_Sat unsigned _Accum:t(0,44)=r(0,1);4;0;",128,0,0,0
  56               		.stabs	"_Sat unsigned long _Accum:t(0,45)=r(0,1);8;0;",128,0,0,0
  57               		.stabs	"_Sat unsigned long long _Accum:t(0,46)=r(0,1);8;0;",128,0,0,0
GAS LISTING /tmp/ccA8kcx7.s 			page 2


  58               		.stabs	"void:t(0,47)=(0,47)",128,0,0,0
  59               		.stabs	"../Libraries/OBLib/MIRF/spi.h",130,0,0,0
  60               		.stabs	"/usr/lib/avr/include/avr/io.h",130,0,0,0
  61               		.stabs	"/usr/lib/avr/include/avr/sfr_defs.h",130,0,0,0
  62               		.stabs	"/usr/lib/avr/include/inttypes.h",130,0,0,0
  63               		.stabs	"/usr/lib/gcc/avr/4.8.1/include/stdint.h",130,0,0,0
  64               		.stabs	"/usr/lib/avr/include/stdint.h",130,0,0,0
  65               		.stabs	"int8_t:t(6,1)=(0,10)",128,0,121,0
  66               		.stabs	"uint8_t:t(6,2)=(0,11)",128,0,122,0
  67               		.stabs	"int16_t:t(6,3)=(0,1)",128,0,123,0
  68               		.stabs	"uint16_t:t(6,4)=(0,4)",128,0,124,0
  69               		.stabs	"int32_t:t(6,5)=(0,3)",128,0,125,0
  70               		.stabs	"uint32_t:t(6,6)=(0,5)",128,0,126,0
  71               		.stabs	"int64_t:t(6,7)=(0,6)",128,0,128,0
  72               		.stabs	"uint64_t:t(6,8)=(0,7)",128,0,129,0
  73               		.stabs	"intptr_t:t(6,9)=(6,3)",128,0,142,0
  74               		.stabs	"uintptr_t:t(6,10)=(6,4)",128,0,147,0
  75               		.stabs	"int_least8_t:t(6,11)=(6,1)",128,0,159,0
  76               		.stabs	"uint_least8_t:t(6,12)=(6,2)",128,0,164,0
  77               		.stabs	"int_least16_t:t(6,13)=(6,3)",128,0,169,0
  78               		.stabs	"uint_least16_t:t(6,14)=(6,4)",128,0,174,0
  79               		.stabs	"int_least32_t:t(6,15)=(6,5)",128,0,179,0
  80               		.stabs	"uint_least32_t:t(6,16)=(6,6)",128,0,184,0
  81               		.stabs	"int_least64_t:t(6,17)=(6,7)",128,0,192,0
  82               		.stabs	"uint_least64_t:t(6,18)=(6,8)",128,0,199,0
  83               		.stabs	"int_fast8_t:t(6,19)=(6,1)",128,0,213,0
  84               		.stabs	"uint_fast8_t:t(6,20)=(6,2)",128,0,218,0
  85               		.stabs	"int_fast16_t:t(6,21)=(6,3)",128,0,223,0
  86               		.stabs	"uint_fast16_t:t(6,22)=(6,4)",128,0,228,0
  87               		.stabs	"int_fast32_t:t(6,23)=(6,5)",128,0,233,0
  88               		.stabs	"uint_fast32_t:t(6,24)=(6,6)",128,0,238,0
  89               		.stabs	"int_fast64_t:t(6,25)=(6,7)",128,0,246,0
  90               		.stabs	"uint_fast64_t:t(6,26)=(6,8)",128,0,253,0
  91               		.stabs	"intmax_t:t(6,27)=(6,7)",128,0,273,0
  92               		.stabs	"uintmax_t:t(6,28)=(6,8)",128,0,278,0
  93               		.stabn	162,0,0,0
  94               		.stabn	162,0,0,0
  95               		.stabs	"int_farptr_t:t(4,1)=(6,5)",128,0,77,0
  96               		.stabs	"uint_farptr_t:t(4,2)=(6,6)",128,0,81,0
  97               		.stabn	162,0,0,0
  98               		.stabn	162,0,0,0
  99               		.stabs	"/usr/lib/avr/include/avr/fuse.h",130,0,0,0
 100               		.stabs	"__fuse_t:t(7,1)=(7,2)=s3low:(0,11),0,8;high:(0,11),8,8;extended:(0,11),16,8;;",128,0,244,0
 101               		.stabn	162,0,0,0
 102               		.stabn	162,0,0,0
 103               		.stabn	162,0,0,0
 104               		.stabs	"spi_init:F(0,47)",36,0,40,spi_init
 105               	.global	spi_init
 106               		.type	spi_init, @function
 107               	spi_init:
 108               		.stabd	46,0,0
   1:../Libraries/OBLib/MIRF/spi.c **** /*
   2:../Libraries/OBLib/MIRF/spi.c ****     Copyright (c) 2007 Stefan Engelke <mbox@stefanengelke.de>
   3:../Libraries/OBLib/MIRF/spi.c **** 
   4:../Libraries/OBLib/MIRF/spi.c ****     Permission is hereby granted, free of charge, to any person 
   5:../Libraries/OBLib/MIRF/spi.c ****     obtaining a copy of this software and associated documentation 
   6:../Libraries/OBLib/MIRF/spi.c ****     files (the "Software"), to deal in the Software without 
GAS LISTING /tmp/ccA8kcx7.s 			page 3


   7:../Libraries/OBLib/MIRF/spi.c ****     restriction, including without limitation the rights to use, copy, 
   8:../Libraries/OBLib/MIRF/spi.c ****     modify, merge, publish, distribute, sublicense, and/or sell copies 
   9:../Libraries/OBLib/MIRF/spi.c ****     of the Software, and to permit persons to whom the Software is 
  10:../Libraries/OBLib/MIRF/spi.c ****     furnished to do so, subject to the following conditions:
  11:../Libraries/OBLib/MIRF/spi.c **** 
  12:../Libraries/OBLib/MIRF/spi.c ****     The above copyright notice and this permission notice shall be 
  13:../Libraries/OBLib/MIRF/spi.c ****     included in all copies or substantial portions of the Software.
  14:../Libraries/OBLib/MIRF/spi.c **** 
  15:../Libraries/OBLib/MIRF/spi.c ****     THE SOFTWARE IS PROVIDED "AS IS", WITHOUT WARRANTY OF ANY KIND, 
  16:../Libraries/OBLib/MIRF/spi.c ****     EXPRESS OR IMPLIED, INCLUDING BUT NOT LIMITED TO THE WARRANTIES OF 
  17:../Libraries/OBLib/MIRF/spi.c ****     MERCHANTABILITY, FITNESS FOR A PARTICULAR PURPOSE AND 
  18:../Libraries/OBLib/MIRF/spi.c ****     NONINFRINGEMENT. IN NO EVENT SHALL THE AUTHORS OR COPYRIGHT 
  19:../Libraries/OBLib/MIRF/spi.c ****     HOLDERS BE LIABLE FOR ANY CLAIM, DAMAGES OR OTHER LIABILITY, 
  20:../Libraries/OBLib/MIRF/spi.c ****     WHETHER IN AN ACTION OF CONTRACT, TORT OR OTHERWISE, ARISING FROM, 
  21:../Libraries/OBLib/MIRF/spi.c ****     OUT OF OR IN CONNECTION WITH THE SOFTWARE OR THE USE OR OTHER 
  22:../Libraries/OBLib/MIRF/spi.c ****     DEALINGS IN THE SOFTWARE.
  23:../Libraries/OBLib/MIRF/spi.c **** 
  24:../Libraries/OBLib/MIRF/spi.c ****     $Id$
  25:../Libraries/OBLib/MIRF/spi.c **** */
  26:../Libraries/OBLib/MIRF/spi.c **** 
  27:../Libraries/OBLib/MIRF/spi.c **** #include "spi.h"
  28:../Libraries/OBLib/MIRF/spi.c **** 
  29:../Libraries/OBLib/MIRF/spi.c **** #include <avr/io.h>
  30:../Libraries/OBLib/MIRF/spi.c **** #include <avr/interrupt.h>
  31:../Libraries/OBLib/MIRF/spi.c **** 
  32:../Libraries/OBLib/MIRF/spi.c **** #define PORT_SPI    PORTB
  33:../Libraries/OBLib/MIRF/spi.c **** #define DDR_SPI     DDRB
  34:../Libraries/OBLib/MIRF/spi.c **** #define DD_MISO     DDB4
  35:../Libraries/OBLib/MIRF/spi.c **** #define DD_MOSI     DDB3
  36:../Libraries/OBLib/MIRF/spi.c **** #define DD_SS       DDB2
  37:../Libraries/OBLib/MIRF/spi.c **** #define DD_SCK      DDB5
  38:../Libraries/OBLib/MIRF/spi.c **** 
  39:../Libraries/OBLib/MIRF/spi.c **** 
  40:../Libraries/OBLib/MIRF/spi.c **** void spi_init()
  41:../Libraries/OBLib/MIRF/spi.c **** // Initialize pins for spi communication
  42:../Libraries/OBLib/MIRF/spi.c **** {
 109               		.stabn	68,0,42,.LM0-.LFBB1
 110               	.LM0:
 111               	.LFBB1:
 112               	/* prologue: function */
 113               	/* frame size = 0 */
 114               	/* stack size = 0 */
 115               	.L__stack_usage = 0
  43:../Libraries/OBLib/MIRF/spi.c ****     DDR_SPI &= ~((1<<DD_MOSI)|(1<<DD_MISO)|(1<<DD_SS)|(1<<DD_SCK));
 116               		.stabn	68,0,43,.LM1-.LFBB1
 117               	.LM1:
 118 0000 84B1      		in r24,0x4
 119 0002 837C      		andi r24,lo8(-61)
 120 0004 84B9      		out 0x4,r24
  44:../Libraries/OBLib/MIRF/spi.c ****     // Define the following pins as output
  45:../Libraries/OBLib/MIRF/spi.c ****     DDR_SPI |= ((1<<DD_MOSI)|(1<<DD_SS)|(1<<DD_SCK));
 121               		.stabn	68,0,45,.LM2-.LFBB1
 122               	.LM2:
 123 0006 84B1      		in r24,0x4
 124 0008 8C62      		ori r24,lo8(44)
 125 000a 84B9      		out 0x4,r24
  46:../Libraries/OBLib/MIRF/spi.c **** 
GAS LISTING /tmp/ccA8kcx7.s 			page 4


  47:../Libraries/OBLib/MIRF/spi.c ****     
  48:../Libraries/OBLib/MIRF/spi.c ****     SPCR = ((1<<SPE)|               // SPI Enable
 126               		.stabn	68,0,48,.LM3-.LFBB1
 127               	.LM3:
 128 000c 81E5      		ldi r24,lo8(81)
 129 000e 8CBD      		out 0x2c,r24
  49:../Libraries/OBLib/MIRF/spi.c ****             (0<<SPIE)|              // SPI Interupt Enable
  50:../Libraries/OBLib/MIRF/spi.c ****             (0<<DORD)|              // Data Order (0:MSB first / 1:LSB first)
  51:../Libraries/OBLib/MIRF/spi.c ****             (1<<MSTR)|              // Master/Slave select   
  52:../Libraries/OBLib/MIRF/spi.c ****             (0<<SPR1)|(1<<SPR0)|    // SPI Clock Rate
  53:../Libraries/OBLib/MIRF/spi.c ****             (0<<CPOL)|              // Clock Polarity (0:SCK low / 1:SCK hi when idle)
  54:../Libraries/OBLib/MIRF/spi.c ****             (0<<CPHA));             // Clock Phase (0:leading / 1:trailing edge sampling)
  55:../Libraries/OBLib/MIRF/spi.c **** 
  56:../Libraries/OBLib/MIRF/spi.c ****     SPSR = (1<<SPI2X);              // Double Clock Rate
 130               		.stabn	68,0,56,.LM4-.LFBB1
 131               	.LM4:
 132 0010 81E0      		ldi r24,lo8(1)
 133 0012 8DBD      		out 0x2d,r24
 134 0014 0895      		ret
 135               		.size	spi_init, .-spi_init
 136               	.Lscope1:
 137               		.stabs	"",36,0,0,.Lscope1-.LFBB1
 138               		.stabd	78,0,0
 139               		.stabs	"spi_transfer_sync:F(0,47)",36,0,60,spi_transfer_sync
 140               		.stabs	"dataout:P(0,48)=*(6,2)",64,0,60,24
 141               		.stabs	"len:P(6,2)",64,0,60,20
 142               	.global	spi_transfer_sync
 143               		.type	spi_transfer_sync, @function
 144               	spi_transfer_sync:
 145               		.stabd	46,0,0
  57:../Libraries/OBLib/MIRF/spi.c ****     
  58:../Libraries/OBLib/MIRF/spi.c **** }
  59:../Libraries/OBLib/MIRF/spi.c **** 
  60:../Libraries/OBLib/MIRF/spi.c **** void spi_transfer_sync (uint8_t * dataout, uint8_t * datain, uint8_t len)
  61:../Libraries/OBLib/MIRF/spi.c **** // Shift full array through target device
  62:../Libraries/OBLib/MIRF/spi.c **** {
 146               		.stabn	68,0,62,.LM5-.LFBB2
 147               	.LM5:
 148               	.LFBB2:
 149               	/* prologue: function */
 150               	/* frame size = 0 */
 151               	/* stack size = 0 */
 152               	.L__stack_usage = 0
 153 0016 262F      		mov r18,r22
  63:../Libraries/OBLib/MIRF/spi.c ****        uint8_t i;      
  64:../Libraries/OBLib/MIRF/spi.c ****        for (i = 0; i < len; i++) {
 154               		.stabn	68,0,64,.LM6-.LFBB2
 155               	.LM6:
 156 0018 FB01      		movw r30,r22
 157               	.L3:
 158 001a 3E2F      		mov r19,r30
 159 001c 321B      		sub r19,r18
 160               		.stabn	68,0,64,.LM7-.LFBB2
 161               	.LM7:
 162 001e 3417      		cp r19,r20
 163 0020 00F4      		brsh .L8
  65:../Libraries/OBLib/MIRF/spi.c ****              SPDR = dataout[i];
GAS LISTING /tmp/ccA8kcx7.s 			page 5


 164               		.stabn	68,0,65,.LM8-.LFBB2
 165               	.LM8:
 166 0022 DC01      		movw r26,r24
 167 0024 3D91      		ld r19,X+
 168 0026 CD01      		movw r24,r26
 169 0028 3EBD      		out 0x2e,r19
 170               	.L5:
  66:../Libraries/OBLib/MIRF/spi.c ****              while((SPSR & (1<<SPIF))==0);
 171               		.stabn	68,0,66,.LM9-.LFBB2
 172               	.LM9:
 173 002a 0DB4      		in __tmp_reg__,0x2d
 174 002c 07FE      		sbrs __tmp_reg__,7
 175 002e 00C0      		rjmp .L5
  67:../Libraries/OBLib/MIRF/spi.c ****              datain[i] = SPDR;
 176               		.stabn	68,0,67,.LM10-.LFBB2
 177               	.LM10:
 178 0030 3EB5      		in r19,0x2e
 179 0032 3193      		st Z+,r19
 180 0034 00C0      		rjmp .L3
 181               	.L8:
 182               	/* epilogue start */
  68:../Libraries/OBLib/MIRF/spi.c ****        }
  69:../Libraries/OBLib/MIRF/spi.c **** }
 183               		.stabn	68,0,69,.LM11-.LFBB2
 184               	.LM11:
 185 0036 0895      		ret
 186               		.size	spi_transfer_sync, .-spi_transfer_sync
 187               	.Lscope2:
 188               		.stabs	"",36,0,0,.Lscope2-.LFBB2
 189               		.stabd	78,0,0
 190               		.stabs	"spi_transmit_sync:F(0,47)",36,0,71,spi_transmit_sync
 191               		.stabs	"len:P(6,2)",64,0,71,22
 192               	.global	spi_transmit_sync
 193               		.type	spi_transmit_sync, @function
 194               	spi_transmit_sync:
 195               		.stabd	46,0,0
  70:../Libraries/OBLib/MIRF/spi.c **** 
  71:../Libraries/OBLib/MIRF/spi.c **** void spi_transmit_sync (uint8_t * dataout, uint8_t len)
  72:../Libraries/OBLib/MIRF/spi.c **** // Shift full array to target device without receiving any byte
  73:../Libraries/OBLib/MIRF/spi.c **** {
 196               		.stabn	68,0,73,.LM12-.LFBB3
 197               	.LM12:
 198               	.LFBB3:
 199               	/* prologue: function */
 200               	/* frame size = 0 */
 201               	/* stack size = 0 */
 202               	.L__stack_usage = 0
 203 0038 282F      		mov r18,r24
  74:../Libraries/OBLib/MIRF/spi.c ****        uint8_t i;      
  75:../Libraries/OBLib/MIRF/spi.c ****        for (i = 0; i < len; i++) {
 204               		.stabn	68,0,75,.LM13-.LFBB3
 205               	.LM13:
 206 003a FC01      		movw r30,r24
 207               	.L10:
 208 003c 8E2F      		mov r24,r30
 209 003e 821B      		sub r24,r18
 210               		.stabn	68,0,75,.LM14-.LFBB3
GAS LISTING /tmp/ccA8kcx7.s 			page 6


 211               	.LM14:
 212 0040 8617      		cp r24,r22
 213 0042 00F4      		brsh .L14
  76:../Libraries/OBLib/MIRF/spi.c ****              SPDR = dataout[i];
 214               		.stabn	68,0,76,.LM15-.LFBB3
 215               	.LM15:
 216 0044 8191      		ld r24,Z+
 217 0046 8EBD      		out 0x2e,r24
 218               	.L12:
  77:../Libraries/OBLib/MIRF/spi.c ****              while((SPSR & (1<<SPIF))==0);
 219               		.stabn	68,0,77,.LM16-.LFBB3
 220               	.LM16:
 221 0048 0DB4      		in __tmp_reg__,0x2d
 222 004a 07FE      		sbrs __tmp_reg__,7
 223 004c 00C0      		rjmp .L12
 224 004e 00C0      		rjmp .L10
 225               	.L14:
 226               	/* epilogue start */
  78:../Libraries/OBLib/MIRF/spi.c ****        }
  79:../Libraries/OBLib/MIRF/spi.c **** }
 227               		.stabn	68,0,79,.LM17-.LFBB3
 228               	.LM17:
 229 0050 0895      		ret
 230               		.size	spi_transmit_sync, .-spi_transmit_sync
 231               	.Lscope3:
 232               		.stabs	"",36,0,0,.Lscope3-.LFBB3
 233               		.stabd	78,0,0
 234               		.stabs	"spi_fast_shift:F(6,2)",36,0,81,spi_fast_shift
 235               		.stabs	"data:P(6,2)",64,0,81,24
 236               	.global	spi_fast_shift
 237               		.type	spi_fast_shift, @function
 238               	spi_fast_shift:
 239               		.stabd	46,0,0
  80:../Libraries/OBLib/MIRF/spi.c **** 
  81:../Libraries/OBLib/MIRF/spi.c **** uint8_t spi_fast_shift (uint8_t data)
  82:../Libraries/OBLib/MIRF/spi.c **** // Clocks only one byte to target device and returns the received one
  83:../Libraries/OBLib/MIRF/spi.c **** {
 240               		.stabn	68,0,83,.LM18-.LFBB4
 241               	.LM18:
 242               	.LFBB4:
 243               	/* prologue: function */
 244               	/* frame size = 0 */
 245               	/* stack size = 0 */
 246               	.L__stack_usage = 0
  84:../Libraries/OBLib/MIRF/spi.c ****     SPDR = data;
 247               		.stabn	68,0,84,.LM19-.LFBB4
 248               	.LM19:
 249 0052 8EBD      		out 0x2e,r24
 250               	.L17:
  85:../Libraries/OBLib/MIRF/spi.c ****     while((SPSR & (1<<SPIF))==0);
 251               		.stabn	68,0,85,.LM20-.LFBB4
 252               	.LM20:
 253 0054 0DB4      		in __tmp_reg__,0x2d
 254 0056 07FE      		sbrs __tmp_reg__,7
 255 0058 00C0      		rjmp .L17
  86:../Libraries/OBLib/MIRF/spi.c ****     return SPDR;
 256               		.stabn	68,0,86,.LM21-.LFBB4
GAS LISTING /tmp/ccA8kcx7.s 			page 7


 257               	.LM21:
 258 005a 8EB5      		in r24,0x2e
  87:../Libraries/OBLib/MIRF/spi.c **** }
 259               		.stabn	68,0,87,.LM22-.LFBB4
 260               	.LM22:
 261 005c 0895      		ret
 262               		.size	spi_fast_shift, .-spi_fast_shift
 263               	.Lscope4:
 264               		.stabs	"",36,0,0,.Lscope4-.LFBB4
 265               		.stabd	78,0,0
 266               		.stabs	"",100,0,0,.Letext0
 267               	.Letext0:
 268               		.ident	"GCC: (GNU) 4.8.1"
GAS LISTING /tmp/ccA8kcx7.s 			page 8


DEFINED SYMBOLS
                            *ABS*:0000000000000000 spi.c
     /tmp/ccA8kcx7.s:2      *ABS*:000000000000003e __SP_H__
     /tmp/ccA8kcx7.s:3      *ABS*:000000000000003d __SP_L__
     /tmp/ccA8kcx7.s:4      *ABS*:000000000000003f __SREG__
     /tmp/ccA8kcx7.s:5      *ABS*:0000000000000000 __tmp_reg__
     /tmp/ccA8kcx7.s:6      *ABS*:0000000000000001 __zero_reg__
     /tmp/ccA8kcx7.s:107    .text:0000000000000000 spi_init
     /tmp/ccA8kcx7.s:144    .text:0000000000000016 spi_transfer_sync
     /tmp/ccA8kcx7.s:194    .text:0000000000000038 spi_transmit_sync
     /tmp/ccA8kcx7.s:238    .text:0000000000000052 spi_fast_shift

NO UNDEFINED SYMBOLS
