GAS LISTING /tmp/cc8YAxvY.s 			page 1


   1               		.file	"main.c"
   2               	__SP_H__ = 0x3e
   3               	__SP_L__ = 0x3d
   4               	__SREG__ = 0x3f
   5               	__tmp_reg__ = 0
   6               	__zero_reg__ = 1
   7               		.stabs	"/home/edward/Microcontroller/Attiny85-20PU/TempSensor/",100,0,2,.Ltext0
   8               		.stabs	"main.c",100,0,2,.Ltext0
   9               		.text
  10               	.Ltext0:
  11               		.stabs	"gcc2_compiled.",60,0,0,0
  12               		.stabs	"int:t(0,1)=r(0,1);-32768;32767;",128,0,0,0
  13               		.stabs	"char:t(0,2)=@s8;r(0,2);0;255;",128,0,0,0
  14               		.stabs	"long int:t(0,3)=@s32;r(0,3);020000000000;017777777777;",128,0,0,0
  15               		.stabs	"unsigned int:t(0,4)=r(0,4);0;0177777;",128,0,0,0
  16               		.stabs	"long unsigned int:t(0,5)=@s32;r(0,5);0;037777777777;",128,0,0,0
  17               		.stabs	"long long int:t(0,6)=@s64;r(0,6);01000000000000000000000;0777777777777777777777;",128,0,0,
  18               		.stabs	"long long unsigned int:t(0,7)=@s64;r(0,7);0;01777777777777777777777;",128,0,0,0
  19               		.stabs	"short int:t(0,8)=r(0,8);-32768;32767;",128,0,0,0
  20               		.stabs	"short unsigned int:t(0,9)=r(0,9);0;0177777;",128,0,0,0
  21               		.stabs	"signed char:t(0,10)=@s8;r(0,10);-128;127;",128,0,0,0
  22               		.stabs	"unsigned char:t(0,11)=@s8;r(0,11);0;255;",128,0,0,0
  23               		.stabs	"float:t(0,12)=r(0,1);4;0;",128,0,0,0
  24               		.stabs	"double:t(0,13)=r(0,1);4;0;",128,0,0,0
  25               		.stabs	"long double:t(0,14)=r(0,1);4;0;",128,0,0,0
  26               		.stabs	"short _Fract:t(0,15)=r(0,1);1;0;",128,0,0,0
  27               		.stabs	"_Fract:t(0,16)=r(0,1);2;0;",128,0,0,0
  28               		.stabs	"long _Fract:t(0,17)=r(0,1);4;0;",128,0,0,0
  29               		.stabs	"long long _Fract:t(0,18)=r(0,1);8;0;",128,0,0,0
  30               		.stabs	"unsigned short _Fract:t(0,19)=r(0,1);1;0;",128,0,0,0
  31               		.stabs	"unsigned _Fract:t(0,20)=r(0,1);2;0;",128,0,0,0
  32               		.stabs	"unsigned long _Fract:t(0,21)=r(0,1);4;0;",128,0,0,0
  33               		.stabs	"unsigned long long _Fract:t(0,22)=r(0,1);8;0;",128,0,0,0
  34               		.stabs	"_Sat short _Fract:t(0,23)=r(0,1);1;0;",128,0,0,0
  35               		.stabs	"_Sat _Fract:t(0,24)=r(0,1);2;0;",128,0,0,0
  36               		.stabs	"_Sat long _Fract:t(0,25)=r(0,1);4;0;",128,0,0,0
  37               		.stabs	"_Sat long long _Fract:t(0,26)=r(0,1);8;0;",128,0,0,0
  38               		.stabs	"_Sat unsigned short _Fract:t(0,27)=r(0,1);1;0;",128,0,0,0
  39               		.stabs	"_Sat unsigned _Fract:t(0,28)=r(0,1);2;0;",128,0,0,0
  40               		.stabs	"_Sat unsigned long _Fract:t(0,29)=r(0,1);4;0;",128,0,0,0
  41               		.stabs	"_Sat unsigned long long _Fract:t(0,30)=r(0,1);8;0;",128,0,0,0
  42               		.stabs	"short _Accum:t(0,31)=r(0,1);2;0;",128,0,0,0
  43               		.stabs	"_Accum:t(0,32)=r(0,1);4;0;",128,0,0,0
  44               		.stabs	"long _Accum:t(0,33)=r(0,1);8;0;",128,0,0,0
  45               		.stabs	"long long _Accum:t(0,34)=r(0,1);8;0;",128,0,0,0
  46               		.stabs	"unsigned short _Accum:t(0,35)=r(0,1);2;0;",128,0,0,0
  47               		.stabs	"unsigned _Accum:t(0,36)=r(0,1);4;0;",128,0,0,0
  48               		.stabs	"unsigned long _Accum:t(0,37)=r(0,1);8;0;",128,0,0,0
  49               		.stabs	"unsigned long long _Accum:t(0,38)=r(0,1);8;0;",128,0,0,0
  50               		.stabs	"_Sat short _Accum:t(0,39)=r(0,1);2;0;",128,0,0,0
  51               		.stabs	"_Sat _Accum:t(0,40)=r(0,1);4;0;",128,0,0,0
  52               		.stabs	"_Sat long _Accum:t(0,41)=r(0,1);8;0;",128,0,0,0
  53               		.stabs	"_Sat long long _Accum:t(0,42)=r(0,1);8;0;",128,0,0,0
  54               		.stabs	"_Sat unsigned short _Accum:t(0,43)=r(0,1);2;0;",128,0,0,0
  55               		.stabs	"_Sat unsigned _Accum:t(0,44)=r(0,1);4;0;",128,0,0,0
  56               		.stabs	"_Sat unsigned long _Accum:t(0,45)=r(0,1);8;0;",128,0,0,0
  57               		.stabs	"_Sat unsigned long long _Accum:t(0,46)=r(0,1);8;0;",128,0,0,0
GAS LISTING /tmp/cc8YAxvY.s 			page 2


  58               		.stabs	"void:t(0,47)=(0,47)",128,0,0,0
  59               		.stabs	"/usr/lib/avr/include/avr/pgmspace.h",130,0,0,0
  60               		.stabs	"/usr/lib/avr/include/inttypes.h",130,0,0,0
  61               		.stabs	"/usr/lib/gcc/avr/4.8.2/include/stdint.h",130,0,0,0
  62               		.stabs	"/usr/lib/avr/include/stdint.h",130,0,0,0
  63               		.stabs	"int8_t:t(4,1)=(0,10)",128,0,121,0
  64               		.stabs	"uint8_t:t(4,2)=(0,11)",128,0,122,0
  65               		.stabs	"int16_t:t(4,3)=(0,1)",128,0,123,0
  66               		.stabs	"uint16_t:t(4,4)=(0,4)",128,0,124,0
  67               		.stabs	"int32_t:t(4,5)=(0,3)",128,0,125,0
  68               		.stabs	"uint32_t:t(4,6)=(0,5)",128,0,126,0
  69               		.stabs	"int64_t:t(4,7)=(0,6)",128,0,128,0
  70               		.stabs	"uint64_t:t(4,8)=(0,7)",128,0,129,0
  71               		.stabs	"intptr_t:t(4,9)=(4,3)",128,0,142,0
  72               		.stabs	"uintptr_t:t(4,10)=(4,4)",128,0,147,0
  73               		.stabs	"int_least8_t:t(4,11)=(4,1)",128,0,159,0
  74               		.stabs	"uint_least8_t:t(4,12)=(4,2)",128,0,164,0
  75               		.stabs	"int_least16_t:t(4,13)=(4,3)",128,0,169,0
  76               		.stabs	"uint_least16_t:t(4,14)=(4,4)",128,0,174,0
  77               		.stabs	"int_least32_t:t(4,15)=(4,5)",128,0,179,0
  78               		.stabs	"uint_least32_t:t(4,16)=(4,6)",128,0,184,0
  79               		.stabs	"int_least64_t:t(4,17)=(4,7)",128,0,192,0
  80               		.stabs	"uint_least64_t:t(4,18)=(4,8)",128,0,199,0
  81               		.stabs	"int_fast8_t:t(4,19)=(4,1)",128,0,213,0
  82               		.stabs	"uint_fast8_t:t(4,20)=(4,2)",128,0,218,0
  83               		.stabs	"int_fast16_t:t(4,21)=(4,3)",128,0,223,0
  84               		.stabs	"uint_fast16_t:t(4,22)=(4,4)",128,0,228,0
  85               		.stabs	"int_fast32_t:t(4,23)=(4,5)",128,0,233,0
  86               		.stabs	"uint_fast32_t:t(4,24)=(4,6)",128,0,238,0
  87               		.stabs	"int_fast64_t:t(4,25)=(4,7)",128,0,246,0
  88               		.stabs	"uint_fast64_t:t(4,26)=(4,8)",128,0,253,0
  89               		.stabs	"intmax_t:t(4,27)=(4,7)",128,0,273,0
  90               		.stabs	"uintmax_t:t(4,28)=(4,8)",128,0,278,0
  91               		.stabn	162,0,0,0
  92               		.stabn	162,0,0,0
  93               		.stabs	"int_farptr_t:t(2,1)=(4,5)",128,0,77,0
  94               		.stabs	"uint_farptr_t:t(2,2)=(4,6)",128,0,81,0
  95               		.stabn	162,0,0,0
  96               		.stabs	"/usr/lib/gcc/avr/4.8.2/include/stddef.h",130,0,0,0
  97               		.stabs	"size_t:t(5,1)=(0,4)",128,0,212,0
  98               		.stabn	162,0,0,0
  99               		.stabs	"/usr/lib/avr/include/avr/io.h",130,0,0,0
 100               		.stabs	"/usr/lib/avr/include/avr/fuse.h",130,0,0,0
 101               		.stabs	"__fuse_t:t(7,1)=(7,2)=s3low:(0,11),0,8;high:(0,11),8,8;extended:(0,11),16,8;;",128,0,244,0
 102               		.stabn	162,0,0,0
 103               		.stabn	162,0,0,0
 104               		.stabn	162,0,0,0
 105               	.global	__floatunsisf
 106               	.global	__divsf3
 107               	.global	__subsf3
 108               	.global	__mulsf3
 109               	.global	__addsf3
 110               	.global	__fixunssfsi
 111               		.section	.text.startup,"ax",@progbits
 112               		.stabs	"main:F(0,1)",36,0,7,main
 113               	.global	main
 114               		.type	main, @function
GAS LISTING /tmp/cc8YAxvY.s 			page 3


 115               	main:
 116               		.stabd	46,0,0
   1:main.c        **** #include <avr/pgmspace.h>
   2:main.c        **** #include <avr/io.h>
   3:main.c        **** #include <avr/interrupt.h>
   4:main.c        **** #include "ShiftOut.h"
   5:main.c        **** #include "ADC.h"
   6:main.c        **** 
   7:main.c        **** int main(void){
 117               		.stabn	68,0,7,.LM0-.LFBB1
 118               	.LM0:
 119               	.LFBB1:
 120               	/* prologue: function */
 121               	/* frame size = 0 */
 122               	/* stack size = 0 */
 123               	.L__stack_usage = 0
   8:main.c        **** 
   9:main.c        ****   ADCInitChar();
 124               		.stabn	68,0,9,.LM1-.LFBB1
 125               	.LM1:
 126 0000 00D0      		rcall ADCInitChar
  10:main.c        ****   DDRB |= (1<<2)|(1<<0)|(1<<1);
 127               		.stabn	68,0,10,.LM2-.LFBB1
 128               	.LM2:
 129 0002 87B3      		in r24,0x17
 130 0004 8760      		ori r24,lo8(7)
 131 0006 87BB      		out 0x17,r24
 132               	.L2:
  11:main.c        ****   char Temp;
  12:main.c        ****   float Hold;
  13:main.c        ****   float Read;
  14:main.c        **** 
  15:main.c        ****   while(1){
  16:main.c        **** 
  17:main.c        ****   Read = ADCReadChar(2);
 133               		.stabn	68,0,17,.LM3-.LFBB1
 134               	.LM3:
 135 0008 82E0      		ldi r24,lo8(2)
 136 000a 00D0      		rcall ADCReadChar
  18:main.c        ****   Hold = (((Read / 100.) - .75 ) * 100.) + 25;
  19:main.c        ****   Temp = (char)(Hold);
  20:main.c        ****   PORTB &= ~(1<<1);
 137               		.stabn	68,0,20,.LM4-.LFBB1
 138               	.LM4:
 139 000c C198      		cbi 0x18,1
  17:main.c        ****   Read = ADCReadChar(2);
 140               		.stabn	68,0,17,.LM5-.LFBB1
 141               	.LM5:
 142 000e 682F      		mov r22,r24
 143 0010 70E0      		ldi r23,0
 144 0012 80E0      		ldi r24,0
 145 0014 90E0      		ldi r25,0
 146 0016 00D0      		rcall __floatunsisf
  18:main.c        ****   Hold = (((Read / 100.) - .75 ) * 100.) + 25;
 147               		.stabn	68,0,18,.LM6-.LFBB1
 148               	.LM6:
 149 0018 20E0      		ldi r18,0
GAS LISTING /tmp/cc8YAxvY.s 			page 4


 150 001a 30E0      		ldi r19,0
 151 001c 48EC      		ldi r20,lo8(-56)
 152 001e 52E4      		ldi r21,lo8(66)
 153 0020 00D0      		rcall __divsf3
 154 0022 20E0      		ldi r18,0
 155 0024 30E0      		ldi r19,0
 156 0026 40E4      		ldi r20,lo8(64)
 157 0028 5FE3      		ldi r21,lo8(63)
 158 002a 00D0      		rcall __subsf3
 159 002c 20E0      		ldi r18,0
 160 002e 30E0      		ldi r19,0
 161 0030 48EC      		ldi r20,lo8(-56)
 162 0032 52E4      		ldi r21,lo8(66)
 163 0034 00D0      		rcall __mulsf3
 164 0036 20E0      		ldi r18,0
 165 0038 30E0      		ldi r19,0
 166 003a 48EC      		ldi r20,lo8(-56)
 167 003c 51E4      		ldi r21,lo8(65)
 168 003e 00D0      		rcall __addsf3
  19:main.c        ****   Temp = (char)(Hold);
 169               		.stabn	68,0,19,.LM7-.LFBB1
 170               	.LM7:
 171 0040 00D0      		rcall __fixunssfsi
  21:main.c        ****   ShiftOut(2, 0, Temp);
 172               		.stabn	68,0,21,.LM8-.LFBB1
 173               	.LM8:
 174 0042 462F      		mov r20,r22
 175 0044 50E0      		ldi r21,0
 176 0046 60E0      		ldi r22,0
 177 0048 70E0      		ldi r23,0
 178 004a 82E0      		ldi r24,lo8(2)
 179 004c 90E0      		ldi r25,0
 180 004e 00D0      		rcall ShiftOut
  22:main.c        ****   PORTB |= (1<<1);
 181               		.stabn	68,0,22,.LM9-.LFBB1
 182               	.LM9:
 183 0050 C19A      		sbi 0x18,1
 184 0052 00C0      		rjmp .L2
 185               		.size	main, .-main
 186               	.Lscope1:
 187               		.stabs	"",36,0,0,.Lscope1-.LFBB1
 188               		.stabd	78,0,0
 189               		.text
 190               		.stabs	"",100,0,0,.Letext0
 191               	.Letext0:
 192               		.ident	"GCC: (GNU) 4.8.2"
GAS LISTING /tmp/cc8YAxvY.s 			page 5


DEFINED SYMBOLS
                            *ABS*:0000000000000000 main.c
     /tmp/cc8YAxvY.s:2      *ABS*:000000000000003e __SP_H__
     /tmp/cc8YAxvY.s:3      *ABS*:000000000000003d __SP_L__
     /tmp/cc8YAxvY.s:4      *ABS*:000000000000003f __SREG__
     /tmp/cc8YAxvY.s:5      *ABS*:0000000000000000 __tmp_reg__
     /tmp/cc8YAxvY.s:6      *ABS*:0000000000000001 __zero_reg__
     /tmp/cc8YAxvY.s:115    .text.startup:0000000000000000 main

UNDEFINED SYMBOLS
__floatunsisf
__divsf3
__subsf3
__mulsf3
__addsf3
__fixunssfsi
ADCInitChar
ADCReadChar
ShiftOut
