Archive member included because of file (symbol)

/usr/lib/gcc/avr/4.8.2/avr25/libgcc.a(_exit.o)
                              /usr/lib/gcc/avr/4.8.2/../../../avr/lib/avr25/crttn85.o (exit)
/usr/lib/gcc/avr/4.8.2/../../../avr/lib/avr25/libm.a(addsf3.o)
                              main.o (__subsf3)
/usr/lib/gcc/avr/4.8.2/../../../avr/lib/avr25/libm.a(addsf3x.o)
                              /usr/lib/gcc/avr/4.8.2/../../../avr/lib/avr25/libm.a(addsf3.o) (__addsf3x)
/usr/lib/gcc/avr/4.8.2/../../../avr/lib/avr25/libm.a(divsf3.o)
                              main.o (__divsf3)
/usr/lib/gcc/avr/4.8.2/../../../avr/lib/avr25/libm.a(divsf3x.o)
                              /usr/lib/gcc/avr/4.8.2/../../../avr/lib/avr25/libm.a(divsf3.o) (__divsf3x)
/usr/lib/gcc/avr/4.8.2/../../../avr/lib/avr25/libm.a(fixunssfsi.o)
                              main.o (__fixunssfsi)
/usr/lib/gcc/avr/4.8.2/../../../avr/lib/avr25/libm.a(floatsisf.o)
                              main.o (__floatunsisf)
/usr/lib/gcc/avr/4.8.2/../../../avr/lib/avr25/libm.a(fp_inf.o)
                              /usr/lib/gcc/avr/4.8.2/../../../avr/lib/avr25/libm.a(addsf3x.o) (__fp_inf)
/usr/lib/gcc/avr/4.8.2/../../../avr/lib/avr25/libm.a(fp_nan.o)
                              /usr/lib/gcc/avr/4.8.2/../../../avr/lib/avr25/libm.a(addsf3x.o) (__fp_nan)
/usr/lib/gcc/avr/4.8.2/../../../avr/lib/avr25/libm.a(fp_pscA.o)
                              /usr/lib/gcc/avr/4.8.2/../../../avr/lib/avr25/libm.a(addsf3x.o) (__fp_pscA)
/usr/lib/gcc/avr/4.8.2/../../../avr/lib/avr25/libm.a(fp_pscB.o)
                              /usr/lib/gcc/avr/4.8.2/../../../avr/lib/avr25/libm.a(addsf3x.o) (__fp_pscB)
/usr/lib/gcc/avr/4.8.2/../../../avr/lib/avr25/libm.a(fp_round.o)
                              /usr/lib/gcc/avr/4.8.2/../../../avr/lib/avr25/libm.a(addsf3.o) (__fp_round)
/usr/lib/gcc/avr/4.8.2/../../../avr/lib/avr25/libm.a(fp_split3.o)
                              /usr/lib/gcc/avr/4.8.2/../../../avr/lib/avr25/libm.a(addsf3x.o) (__fp_split3)
/usr/lib/gcc/avr/4.8.2/../../../avr/lib/avr25/libm.a(fp_zero.o)
                              /usr/lib/gcc/avr/4.8.2/../../../avr/lib/avr25/libm.a(addsf3x.o) (__fp_zero)
/usr/lib/gcc/avr/4.8.2/../../../avr/lib/avr25/libm.a(mulsf3.o)
                              main.o (__mulsf3)
/usr/lib/gcc/avr/4.8.2/../../../avr/lib/avr25/libm.a(mulsf3x.o)
                              /usr/lib/gcc/avr/4.8.2/../../../avr/lib/avr25/libm.a(mulsf3.o) (__mulsf3x)

Memory Configuration

Name             Origin             Length             Attributes
text             0x0000000000000000 0x0000000000002000 xr
data             0x0000000000800060 0x000000000000ffa0 rw !x
eeprom           0x0000000000810000 0x0000000000010000 rw !x
fuse             0x0000000000820000 0x0000000000000400 rw !x
lock             0x0000000000830000 0x0000000000000400 rw !x
signature        0x0000000000840000 0x0000000000000400 rw !x
user_signatures  0x0000000000850000 0x0000000000000400 rw !x
*default*        0x0000000000000000 0xffffffffffffffff

Linker script and memory map

LOAD /usr/lib/gcc/avr/4.8.2/../../../avr/lib/avr25/crttn85.o
LOAD /usr/lib/gcc/avr/4.8.2/../../../avr/lib/avr25/libm.a
LOAD main.o
LOAD ADC.o
LOAD ShiftOut.o
START GROUP
LOAD /usr/lib/gcc/avr/4.8.2/avr25/libgcc.a
LOAD /usr/lib/gcc/avr/4.8.2/../../../avr/lib/avr25/libm.a
LOAD /usr/lib/gcc/avr/4.8.2/../../../avr/lib/avr25/libc.a
END GROUP

.hash
 *(.hash)

.dynsym
 *(.dynsym)

.dynstr
 *(.dynstr)

.gnu.version
 *(.gnu.version)

.gnu.version_d
 *(.gnu.version_d)

.gnu.version_r
 *(.gnu.version_r)

.rel.init
 *(.rel.init)

.rela.init
 *(.rela.init)

.rel.text
 *(.rel.text)
 *(.rel.text.*)
 *(.rel.gnu.linkonce.t*)

.rela.text
 *(.rela.text)
 *(.rela.text.*)
 *(.rela.gnu.linkonce.t*)

.rel.fini
 *(.rel.fini)

.rela.fini
 *(.rela.fini)

.rel.rodata
 *(.rel.rodata)
 *(.rel.rodata.*)
 *(.rel.gnu.linkonce.r*)

.rela.rodata
 *(.rela.rodata)
 *(.rela.rodata.*)
 *(.rela.gnu.linkonce.r*)

.rel.data
 *(.rel.data)
 *(.rel.data.*)
 *(.rel.gnu.linkonce.d*)

.rela.data
 *(.rela.data)
 *(.rela.data.*)
 *(.rela.gnu.linkonce.d*)

.rel.ctors
 *(.rel.ctors)

.rela.ctors
 *(.rela.ctors)

.rel.dtors
 *(.rel.dtors)

.rela.dtors
 *(.rela.dtors)

.rel.got
 *(.rel.got)

.rela.got
 *(.rela.got)

.rel.bss
 *(.rel.bss)

.rela.bss
 *(.rela.bss)

.rel.plt
 *(.rel.plt)

.rela.plt
 *(.rela.plt)

.text           0x0000000000000000      0x516
 *(.vectors)
 .vectors       0x0000000000000000       0x1e /usr/lib/gcc/avr/4.8.2/../../../avr/lib/avr25/crttn85.o
                0x0000000000000000                __vectors
                0x0000000000000000                __vector_default
 *(.vectors)
 *(.progmem.gcc*)
 *(.progmem*)
                0x000000000000001e                . = ALIGN (0x2)
                0x000000000000001e                __trampolines_start = .
 *(.trampolines)
 .trampolines   0x000000000000001e        0x0 linker stubs
 *(.trampolines*)
                0x000000000000001e                __trampolines_end = .
 *(.jumptables)
 *(.jumptables*)
 *(.lowtext)
 *(.lowtext*)
                0x000000000000001e                __ctors_start = .
 *(.ctors)
                0x000000000000001e                __ctors_end = .
                0x000000000000001e                __dtors_start = .
 *(.dtors)
                0x000000000000001e                __dtors_end = .
 SORT(*)(.ctors)
 SORT(*)(.dtors)
 *(.init0)
 .init0         0x000000000000001e        0x0 /usr/lib/gcc/avr/4.8.2/../../../avr/lib/avr25/crttn85.o
                0x000000000000001e                __init
 *(.init0)
 *(.init1)
 *(.init1)
 *(.init2)
 .init2         0x000000000000001e        0xc /usr/lib/gcc/avr/4.8.2/../../../avr/lib/avr25/crttn85.o
 *(.init2)
 *(.init3)
 *(.init3)
 *(.init4)
 *(.init4)
 *(.init5)
 *(.init5)
 *(.init6)
 *(.init6)
 *(.init7)
 *(.init7)
 *(.init8)
 *(.init8)
 *(.init9)
 .init9         0x000000000000002a        0x4 /usr/lib/gcc/avr/4.8.2/../../../avr/lib/avr25/crttn85.o
 *(.init9)
 *(.text)
 .text          0x000000000000002e        0x2 /usr/lib/gcc/avr/4.8.2/../../../avr/lib/avr25/crttn85.o
                0x000000000000002e                __vector_1
                0x000000000000002e                __vector_12
                0x000000000000002e                __bad_interrupt
                0x000000000000002e                __vector_6
                0x000000000000002e                __vector_3
                0x000000000000002e                __vector_11
                0x000000000000002e                __vector_13
                0x000000000000002e                __vector_7
                0x000000000000002e                __vector_5
                0x000000000000002e                __vector_4
                0x000000000000002e                __vector_9
                0x000000000000002e                __vector_2
                0x000000000000002e                __vector_8
                0x000000000000002e                __vector_14
                0x000000000000002e                __vector_10
 .text          0x0000000000000030        0x0 main.o
 .text          0x0000000000000030       0x44 ADC.o
                0x0000000000000030                ADCInitChar
                0x0000000000000042                ADCReadChar
 .text          0x0000000000000074       0x66 ShiftOut.o
                0x0000000000000074                ShiftOut
 .text          0x00000000000000da        0x0 /usr/lib/gcc/avr/4.8.2/avr25/libgcc.a(_exit.o)
 .text          0x00000000000000da        0x0 /usr/lib/gcc/avr/4.8.2/../../../avr/lib/avr25/libm.a(addsf3.o)
 .text          0x00000000000000da        0x0 /usr/lib/gcc/avr/4.8.2/../../../avr/lib/avr25/libm.a(addsf3x.o)
 .text          0x00000000000000da        0x0 /usr/lib/gcc/avr/4.8.2/../../../avr/lib/avr25/libm.a(divsf3.o)
 .text          0x00000000000000da        0x0 /usr/lib/gcc/avr/4.8.2/../../../avr/lib/avr25/libm.a(divsf3x.o)
 .text          0x00000000000000da        0x0 /usr/lib/gcc/avr/4.8.2/../../../avr/lib/avr25/libm.a(fixunssfsi.o)
 .text          0x00000000000000da        0x0 /usr/lib/gcc/avr/4.8.2/../../../avr/lib/avr25/libm.a(floatsisf.o)
 .text          0x00000000000000da        0x0 /usr/lib/gcc/avr/4.8.2/../../../avr/lib/avr25/libm.a(fp_inf.o)
 .text          0x00000000000000da        0x0 /usr/lib/gcc/avr/4.8.2/../../../avr/lib/avr25/libm.a(fp_nan.o)
 .text          0x00000000000000da        0x0 /usr/lib/gcc/avr/4.8.2/../../../avr/lib/avr25/libm.a(fp_pscA.o)
 .text          0x00000000000000da        0x0 /usr/lib/gcc/avr/4.8.2/../../../avr/lib/avr25/libm.a(fp_pscB.o)
 .text          0x00000000000000da        0x0 /usr/lib/gcc/avr/4.8.2/../../../avr/lib/avr25/libm.a(fp_round.o)
 .text          0x00000000000000da        0x0 /usr/lib/gcc/avr/4.8.2/../../../avr/lib/avr25/libm.a(fp_split3.o)
 .text          0x00000000000000da        0x0 /usr/lib/gcc/avr/4.8.2/../../../avr/lib/avr25/libm.a(fp_zero.o)
 .text          0x00000000000000da        0x0 /usr/lib/gcc/avr/4.8.2/../../../avr/lib/avr25/libm.a(mulsf3.o)
 .text          0x00000000000000da        0x0 /usr/lib/gcc/avr/4.8.2/../../../avr/lib/avr25/libm.a(mulsf3x.o)
                0x00000000000000da                . = ALIGN (0x2)
 *(.text.*)
 .text.startup  0x00000000000000da       0x54 main.o
                0x00000000000000da                main
 .text.libgcc.mul
                0x000000000000012e        0x0 /usr/lib/gcc/avr/4.8.2/avr25/libgcc.a(_exit.o)
 .text.libgcc.div
                0x000000000000012e        0x0 /usr/lib/gcc/avr/4.8.2/avr25/libgcc.a(_exit.o)
 .text.libgcc   0x000000000000012e        0x0 /usr/lib/gcc/avr/4.8.2/avr25/libgcc.a(_exit.o)
 .text.libgcc.prologue
                0x000000000000012e        0x0 /usr/lib/gcc/avr/4.8.2/avr25/libgcc.a(_exit.o)
 .text.libgcc.builtins
                0x000000000000012e        0x0 /usr/lib/gcc/avr/4.8.2/avr25/libgcc.a(_exit.o)
 .text.libgcc.fmul
                0x000000000000012e        0x0 /usr/lib/gcc/avr/4.8.2/avr25/libgcc.a(_exit.o)
 .text.libgcc.fixed
                0x000000000000012e        0x0 /usr/lib/gcc/avr/4.8.2/avr25/libgcc.a(_exit.o)
 .text.avr-libc.fplib
                0x000000000000012e        0xa /usr/lib/gcc/avr/4.8.2/../../../avr/lib/avr25/libm.a(addsf3.o)
                0x000000000000012e                __subsf3
                0x0000000000000130                __addsf3
 .text.avr-libc.fplib
                0x0000000000000138       0xc0 /usr/lib/gcc/avr/4.8.2/../../../avr/lib/avr25/libm.a(addsf3x.o)
                0x0000000000000152                __addsf3x
 .text.avr-libc.fplib
                0x00000000000001f8        0x4 /usr/lib/gcc/avr/4.8.2/../../../avr/lib/avr25/libm.a(divsf3.o)
                0x00000000000001f8                __divsf3
 .text.avr-libc.fplib
                0x00000000000001fc       0xcc /usr/lib/gcc/avr/4.8.2/../../../avr/lib/avr25/libm.a(divsf3x.o)
                0x0000000000000212                __divsf3x
                0x0000000000000216                __divsf3_pse
 .text.avr-libc.fplib
                0x00000000000002c8       0x58 /usr/lib/gcc/avr/4.8.2/../../../avr/lib/avr25/libm.a(fixunssfsi.o)
                0x00000000000002c8                __fixunssfsi
 .text.avr-libc.fplib
                0x0000000000000320       0x7a /usr/lib/gcc/avr/4.8.2/../../../avr/lib/avr25/libm.a(floatsisf.o)
                0x0000000000000320                __floatunsisf
                0x0000000000000324                __floatsisf
 .text.avr-libc.fplib
                0x000000000000039a        0xc /usr/lib/gcc/avr/4.8.2/../../../avr/lib/avr25/libm.a(fp_inf.o)
                0x000000000000039a                __fp_inf
 .text.avr-libc.fplib
                0x00000000000003a6        0x6 /usr/lib/gcc/avr/4.8.2/../../../avr/lib/avr25/libm.a(fp_nan.o)
                0x00000000000003a6                __fp_nan
 .text.avr-libc.fplib
                0x00000000000003ac        0xe /usr/lib/gcc/avr/4.8.2/../../../avr/lib/avr25/libm.a(fp_pscA.o)
                0x00000000000003ac                __fp_pscA
 .text.avr-libc.fplib
                0x00000000000003ba        0xe /usr/lib/gcc/avr/4.8.2/../../../avr/lib/avr25/libm.a(fp_pscB.o)
                0x00000000000003ba                __fp_pscB
 .text.avr-libc.fplib
                0x00000000000003c8       0x22 /usr/lib/gcc/avr/4.8.2/../../../avr/lib/avr25/libm.a(fp_round.o)
                0x00000000000003c8                __fp_round
 .text.avr-libc.fplib
                0x00000000000003ea       0x44 /usr/lib/gcc/avr/4.8.2/../../../avr/lib/avr25/libm.a(fp_split3.o)
                0x00000000000003ea                __fp_split3
                0x00000000000003fa                __fp_splitA
 .text.avr-libc.fplib
                0x000000000000042e        0xe /usr/lib/gcc/avr/4.8.2/../../../avr/lib/avr25/libm.a(fp_zero.o)
                0x000000000000042e                __fp_zero
                0x0000000000000430                __fp_szero
 .text.avr-libc.fplib
                0x000000000000043c        0x4 /usr/lib/gcc/avr/4.8.2/../../../avr/lib/avr25/libm.a(mulsf3.o)
                0x000000000000043c                __mulsf3
 .text.avr-libc.fplib
                0x0000000000000440       0xd2 /usr/lib/gcc/avr/4.8.2/../../../avr/lib/avr25/libm.a(mulsf3x.o)
                0x0000000000000452                __mulsf3x
                0x0000000000000456                __mulsf3_pse
                0x0000000000000512                . = ALIGN (0x2)
 *(.fini9)
 .fini9         0x0000000000000512        0x0 /usr/lib/gcc/avr/4.8.2/avr25/libgcc.a(_exit.o)
                0x0000000000000512                exit
                0x0000000000000512                _exit
 *(.fini9)
 *(.fini8)
 *(.fini8)
 *(.fini7)
 *(.fini7)
 *(.fini6)
 *(.fini6)
 *(.fini5)
 *(.fini5)
 *(.fini4)
 *(.fini4)
 *(.fini3)
 *(.fini3)
 *(.fini2)
 *(.fini2)
 *(.fini1)
 *(.fini1)
 *(.fini0)
 .fini0         0x0000000000000512        0x4 /usr/lib/gcc/avr/4.8.2/avr25/libgcc.a(_exit.o)
 *(.fini0)
                0x0000000000000516                _etext = .

.data           0x0000000000800060        0x0 load address 0x0000000000000516
                0x0000000000800060                PROVIDE (__data_start, .)
 *(.data)
 .data          0x0000000000800060        0x0 /usr/lib/gcc/avr/4.8.2/../../../avr/lib/avr25/crttn85.o
 .data          0x0000000000800060        0x0 main.o
 .data          0x0000000000800060        0x0 ADC.o
 .data          0x0000000000800060        0x0 ShiftOut.o
 .data          0x0000000000800060        0x0 /usr/lib/gcc/avr/4.8.2/avr25/libgcc.a(_exit.o)
 .data          0x0000000000800060        0x0 /usr/lib/gcc/avr/4.8.2/../../../avr/lib/avr25/libm.a(addsf3.o)
 .data          0x0000000000800060        0x0 /usr/lib/gcc/avr/4.8.2/../../../avr/lib/avr25/libm.a(addsf3x.o)
 .data          0x0000000000800060        0x0 /usr/lib/gcc/avr/4.8.2/../../../avr/lib/avr25/libm.a(divsf3.o)
 .data          0x0000000000800060        0x0 /usr/lib/gcc/avr/4.8.2/../../../avr/lib/avr25/libm.a(divsf3x.o)
 .data          0x0000000000800060        0x0 /usr/lib/gcc/avr/4.8.2/../../../avr/lib/avr25/libm.a(fixunssfsi.o)
 .data          0x0000000000800060        0x0 /usr/lib/gcc/avr/4.8.2/../../../avr/lib/avr25/libm.a(floatsisf.o)
 .data          0x0000000000800060        0x0 /usr/lib/gcc/avr/4.8.2/../../../avr/lib/avr25/libm.a(fp_inf.o)
 .data          0x0000000000800060        0x0 /usr/lib/gcc/avr/4.8.2/../../../avr/lib/avr25/libm.a(fp_nan.o)
 .data          0x0000000000800060        0x0 /usr/lib/gcc/avr/4.8.2/../../../avr/lib/avr25/libm.a(fp_pscA.o)
 .data          0x0000000000800060        0x0 /usr/lib/gcc/avr/4.8.2/../../../avr/lib/avr25/libm.a(fp_pscB.o)
 .data          0x0000000000800060        0x0 /usr/lib/gcc/avr/4.8.2/../../../avr/lib/avr25/libm.a(fp_round.o)
 .data          0x0000000000800060        0x0 /usr/lib/gcc/avr/4.8.2/../../../avr/lib/avr25/libm.a(fp_split3.o)
 .data          0x0000000000800060        0x0 /usr/lib/gcc/avr/4.8.2/../../../avr/lib/avr25/libm.a(fp_zero.o)
 .data          0x0000000000800060        0x0 /usr/lib/gcc/avr/4.8.2/../../../avr/lib/avr25/libm.a(mulsf3.o)
 .data          0x0000000000800060        0x0 /usr/lib/gcc/avr/4.8.2/../../../avr/lib/avr25/libm.a(mulsf3x.o)
 *(.data*)
 *(.rodata)
 *(.rodata*)
 *(.gnu.linkonce.d*)
                0x0000000000800060                . = ALIGN (0x2)
                0x0000000000800060                _edata = .
                0x0000000000800060                PROVIDE (__data_end, .)

.bss            0x0000000000800060        0x0
                0x0000000000800060                PROVIDE (__bss_start, .)
 *(.bss)
 .bss           0x0000000000800060        0x0 /usr/lib/gcc/avr/4.8.2/../../../avr/lib/avr25/crttn85.o
 .bss           0x0000000000800060        0x0 main.o
 .bss           0x0000000000800060        0x0 ADC.o
 .bss           0x0000000000800060        0x0 ShiftOut.o
 .bss           0x0000000000800060        0x0 /usr/lib/gcc/avr/4.8.2/avr25/libgcc.a(_exit.o)
 .bss           0x0000000000800060        0x0 /usr/lib/gcc/avr/4.8.2/../../../avr/lib/avr25/libm.a(addsf3.o)
 .bss           0x0000000000800060        0x0 /usr/lib/gcc/avr/4.8.2/../../../avr/lib/avr25/libm.a(addsf3x.o)
 .bss           0x0000000000800060        0x0 /usr/lib/gcc/avr/4.8.2/../../../avr/lib/avr25/libm.a(divsf3.o)
 .bss           0x0000000000800060        0x0 /usr/lib/gcc/avr/4.8.2/../../../avr/lib/avr25/libm.a(divsf3x.o)
 .bss           0x0000000000800060        0x0 /usr/lib/gcc/avr/4.8.2/../../../avr/lib/avr25/libm.a(fixunssfsi.o)
 .bss           0x0000000000800060        0x0 /usr/lib/gcc/avr/4.8.2/../../../avr/lib/avr25/libm.a(floatsisf.o)
 .bss           0x0000000000800060        0x0 /usr/lib/gcc/avr/4.8.2/../../../avr/lib/avr25/libm.a(fp_inf.o)
 .bss           0x0000000000800060        0x0 /usr/lib/gcc/avr/4.8.2/../../../avr/lib/avr25/libm.a(fp_nan.o)
 .bss           0x0000000000800060        0x0 /usr/lib/gcc/avr/4.8.2/../../../avr/lib/avr25/libm.a(fp_pscA.o)
 .bss           0x0000000000800060        0x0 /usr/lib/gcc/avr/4.8.2/../../../avr/lib/avr25/libm.a(fp_pscB.o)
 .bss           0x0000000000800060        0x0 /usr/lib/gcc/avr/4.8.2/../../../avr/lib/avr25/libm.a(fp_round.o)
 .bss           0x0000000000800060        0x0 /usr/lib/gcc/avr/4.8.2/../../../avr/lib/avr25/libm.a(fp_split3.o)
 .bss           0x0000000000800060        0x0 /usr/lib/gcc/avr/4.8.2/../../../avr/lib/avr25/libm.a(fp_zero.o)
 .bss           0x0000000000800060        0x0 /usr/lib/gcc/avr/4.8.2/../../../avr/lib/avr25/libm.a(mulsf3.o)
 .bss           0x0000000000800060        0x0 /usr/lib/gcc/avr/4.8.2/../../../avr/lib/avr25/libm.a(mulsf3x.o)
 *(.bss*)
 *(COMMON)
                0x0000000000800060                PROVIDE (__bss_end, .)
                0x0000000000000516                __data_load_start = LOADADDR (.data)
                0x0000000000000516                __data_load_end = (__data_load_start + SIZEOF (.data))

.noinit         0x0000000000800060        0x0
                0x0000000000800060                PROVIDE (__noinit_start, .)
 *(.noinit*)
                0x0000000000800060                PROVIDE (__noinit_end, .)
                0x0000000000800060                _end = .
                0x0000000000800060                PROVIDE (__heap_start, .)

.eeprom         0x0000000000810000        0x0
 *(.eeprom*)
                0x0000000000810000                __eeprom_end = .

.fuse
 *(.fuse)
 *(.lfuse)
 *(.hfuse)
 *(.efuse)

.lock
 *(.lock*)

.signature
 *(.signature*)

.user_signatures
 *(.user_signatures*)

.stab           0x0000000000000000     0x2e8c
 *(.stab)
 .stab          0x0000000000000000      0x6cc /usr/lib/gcc/avr/4.8.2/../../../avr/lib/avr25/crttn85.o
 .stab          0x00000000000006cc      0x534 main.o
                                        0x540 (size before relaxing)
 .stab          0x0000000000000c00      0x408 ADC.o
                                        0x5e8 (size before relaxing)
 .stab          0x0000000000001008      0x3f0 ShiftOut.o
                                        0x5d0 (size before relaxing)
 .stab          0x00000000000013f8       0x78 /usr/lib/gcc/avr/4.8.2/../../../avr/lib/avr25/libm.a(addsf3.o)
                                         0x84 (size before relaxing)
 .stab          0x0000000000001470      0x4bc /usr/lib/gcc/avr/4.8.2/../../../avr/lib/avr25/libm.a(addsf3x.o)
                                        0x4c8 (size before relaxing)
 .stab          0x000000000000192c       0x48 /usr/lib/gcc/avr/4.8.2/../../../avr/lib/avr25/libm.a(divsf3.o)
                                         0x54 (size before relaxing)
 .stab          0x0000000000001974      0x510 /usr/lib/gcc/avr/4.8.2/../../../avr/lib/avr25/libm.a(divsf3x.o)
                                        0x51c (size before relaxing)
 .stab          0x0000000000001e84      0x240 /usr/lib/gcc/avr/4.8.2/../../../avr/lib/avr25/libm.a(fixunssfsi.o)
                                        0x24c (size before relaxing)
 .stab          0x00000000000020c4      0x318 /usr/lib/gcc/avr/4.8.2/../../../avr/lib/avr25/libm.a(floatsisf.o)
                                        0x324 (size before relaxing)
 .stab          0x00000000000023dc       0x78 /usr/lib/gcc/avr/4.8.2/../../../avr/lib/avr25/libm.a(fp_inf.o)
                                         0x84 (size before relaxing)
 .stab          0x0000000000002454       0x54 /usr/lib/gcc/avr/4.8.2/../../../avr/lib/avr25/libm.a(fp_nan.o)
                                         0x60 (size before relaxing)
 .stab          0x00000000000024a8       0x84 /usr/lib/gcc/avr/4.8.2/../../../avr/lib/avr25/libm.a(fp_pscA.o)
                                         0x90 (size before relaxing)
 .stab          0x000000000000252c       0x84 /usr/lib/gcc/avr/4.8.2/../../../avr/lib/avr25/libm.a(fp_pscB.o)
                                         0x90 (size before relaxing)
 .stab          0x00000000000025b0       0xfc /usr/lib/gcc/avr/4.8.2/../../../avr/lib/avr25/libm.a(fp_round.o)
                                        0x108 (size before relaxing)
 .stab          0x00000000000026ac      0x1d4 /usr/lib/gcc/avr/4.8.2/../../../avr/lib/avr25/libm.a(fp_split3.o)
                                        0x1e0 (size before relaxing)
 .stab          0x0000000000002880       0x90 /usr/lib/gcc/avr/4.8.2/../../../avr/lib/avr25/libm.a(fp_zero.o)
                                         0x9c (size before relaxing)
 .stab          0x0000000000002910       0x48 /usr/lib/gcc/avr/4.8.2/../../../avr/lib/avr25/libm.a(mulsf3.o)
                                         0x54 (size before relaxing)
 .stab          0x0000000000002958      0x534 /usr/lib/gcc/avr/4.8.2/../../../avr/lib/avr25/libm.a(mulsf3x.o)
                                        0x540 (size before relaxing)

.stabstr        0x0000000000000000     0x10b4
 *(.stabstr)
 .stabstr       0x0000000000000000     0x10b4 /usr/lib/gcc/avr/4.8.2/../../../avr/lib/avr25/crttn85.o

.stab.excl
 *(.stab.excl)

.stab.exclstr
 *(.stab.exclstr)

.stab.index
 *(.stab.index)

.stab.indexstr
 *(.stab.indexstr)

.comment        0x0000000000000000       0x11
 *(.comment)
 .comment       0x0000000000000000       0x11 main.o
                                         0x12 (size before relaxing)
 .comment       0x0000000000000000       0x12 ADC.o
 .comment       0x0000000000000000       0x12 ShiftOut.o

.debug
 *(.debug)

.line
 *(.line)

.debug_srcinfo
 *(.debug_srcinfo)

.debug_sfnames
 *(.debug_sfnames)

.debug_aranges
 *(.debug_aranges)

.debug_pubnames
 *(.debug_pubnames)

.debug_info
 *(.debug_info)
 *(.gnu.linkonce.wi.*)

.debug_abbrev
 *(.debug_abbrev)

.debug_line
 *(.debug_line)

.debug_frame
 *(.debug_frame)

.debug_str
 *(.debug_str)

.debug_loc
 *(.debug_loc)

.debug_macinfo
 *(.debug_macinfo)

.debug_pubtypes
 *(.debug_pubtypes)

.debug_ranges
 *(.debug_ranges)

.debug_macro
 *(.debug_macro)
OUTPUT(myproject.out elf32-avr)
LOAD linker stubs
