Archive member included because of file (symbol)

/usr/lib/gcc/avr/4.8.1/avr5/libgcc.a(_exit.o)
                              /usr/lib/gcc/avr/4.8.1/../../../avr/lib/avr5/crtm328p.o (exit)
/usr/lib/gcc/avr/4.8.1/../../../avr/lib/avr5/libm.a(acos.o)
                              /tmp/ccbwQ0CV.o (acos)
/usr/lib/gcc/avr/4.8.1/../../../avr/lib/avr5/libm.a(addsf3.o)
                              /tmp/ccbwQ0CV.o (__subsf3)
/usr/lib/gcc/avr/4.8.1/../../../avr/lib/avr5/libm.a(addsf3x.o)
                              /usr/lib/gcc/avr/4.8.1/../../../avr/lib/avr5/libm.a(acos.o) (__addsf3x)
/usr/lib/gcc/avr/4.8.1/../../../avr/lib/avr5/libm.a(atan2.o)
                              /tmp/ccbwQ0CV.o (atan2)
/usr/lib/gcc/avr/4.8.1/../../../avr/lib/avr5/libm.a(atan.o)
                              /usr/lib/gcc/avr/4.8.1/../../../avr/lib/avr5/libm.a(atan2.o) (atan)
/usr/lib/gcc/avr/4.8.1/../../../avr/lib/avr5/libm.a(cmpsf2.o)
                              /tmp/ccbwQ0CV.o (__eqsf2)
/usr/lib/gcc/avr/4.8.1/../../../avr/lib/avr5/libm.a(cos.o)
                              /tmp/ccbwQ0CV.o (cos)
/usr/lib/gcc/avr/4.8.1/../../../avr/lib/avr5/libm.a(divsf3.o)
                              /tmp/ccbwQ0CV.o (__divsf3)
/usr/lib/gcc/avr/4.8.1/../../../avr/lib/avr5/libm.a(divsf3x.o)
                              /usr/lib/gcc/avr/4.8.1/../../../avr/lib/avr5/libm.a(divsf3.o) (__divsf3x)
/usr/lib/gcc/avr/4.8.1/../../../avr/lib/avr5/libm.a(fixunssfsi.o)
                              /tmp/ccbwQ0CV.o (__fixunssfsi)
/usr/lib/gcc/avr/4.8.1/../../../avr/lib/avr5/libm.a(floatsisf.o)
                              /tmp/ccbwQ0CV.o (__floatunsisf)
/usr/lib/gcc/avr/4.8.1/../../../avr/lib/avr5/libm.a(fp_arccos.o)
                              /usr/lib/gcc/avr/4.8.1/../../../avr/lib/avr5/libm.a(acos.o) (__fp_arccos)
/usr/lib/gcc/avr/4.8.1/../../../avr/lib/avr5/libm.a(fp_cmp.o)
                              /usr/lib/gcc/avr/4.8.1/../../../avr/lib/avr5/libm.a(cmpsf2.o) (__fp_cmp)
/usr/lib/gcc/avr/4.8.1/../../../avr/lib/avr5/libm.a(fp_inf.o)
                              /usr/lib/gcc/avr/4.8.1/../../../avr/lib/avr5/libm.a(addsf3x.o) (__fp_inf)
/usr/lib/gcc/avr/4.8.1/../../../avr/lib/avr5/libm.a(fp_nan.o)
                              /usr/lib/gcc/avr/4.8.1/../../../avr/lib/avr5/libm.a(addsf3x.o) (__fp_nan)
/usr/lib/gcc/avr/4.8.1/../../../avr/lib/avr5/libm.a(fp_powser.o)
                              /usr/lib/gcc/avr/4.8.1/../../../avr/lib/avr5/libm.a(atan.o) (__fp_powser)
/usr/lib/gcc/avr/4.8.1/../../../avr/lib/avr5/libm.a(fp_pscA.o)
                              /usr/lib/gcc/avr/4.8.1/../../../avr/lib/avr5/libm.a(addsf3x.o) (__fp_pscA)
/usr/lib/gcc/avr/4.8.1/../../../avr/lib/avr5/libm.a(fp_pscB.o)
                              /usr/lib/gcc/avr/4.8.1/../../../avr/lib/avr5/libm.a(addsf3x.o) (__fp_pscB)
/usr/lib/gcc/avr/4.8.1/../../../avr/lib/avr5/libm.a(fp_rempio2.o)
                              /usr/lib/gcc/avr/4.8.1/../../../avr/lib/avr5/libm.a(cos.o) (__fp_rempio2)
/usr/lib/gcc/avr/4.8.1/../../../avr/lib/avr5/libm.a(fp_round.o)
                              /usr/lib/gcc/avr/4.8.1/../../../avr/lib/avr5/libm.a(acos.o) (__fp_round)
/usr/lib/gcc/avr/4.8.1/../../../avr/lib/avr5/libm.a(fp_sinus.o)
                              /usr/lib/gcc/avr/4.8.1/../../../avr/lib/avr5/libm.a(cos.o) (__fp_sinus)
/usr/lib/gcc/avr/4.8.1/../../../avr/lib/avr5/libm.a(fp_split3.o)
                              /usr/lib/gcc/avr/4.8.1/../../../avr/lib/avr5/libm.a(addsf3x.o) (__fp_split3)
/usr/lib/gcc/avr/4.8.1/../../../avr/lib/avr5/libm.a(fp_zero.o)
                              /usr/lib/gcc/avr/4.8.1/../../../avr/lib/avr5/libm.a(addsf3x.o) (__fp_zero)
/usr/lib/gcc/avr/4.8.1/../../../avr/lib/avr5/libm.a(inverse.o)
                              /usr/lib/gcc/avr/4.8.1/../../../avr/lib/avr5/libm.a(atan.o) (inverse)
/usr/lib/gcc/avr/4.8.1/../../../avr/lib/avr5/libm.a(mulsf3.o)
                              /tmp/ccbwQ0CV.o (__mulsf3)
/usr/lib/gcc/avr/4.8.1/../../../avr/lib/avr5/libm.a(mulsf3x.o)
                              /usr/lib/gcc/avr/4.8.1/../../../avr/lib/avr5/libm.a(atan.o) (__mulsf3x)
/usr/lib/gcc/avr/4.8.1/../../../avr/lib/avr5/libm.a(round.o)
                              /tmp/ccYBQj6B.o (round)
/usr/lib/gcc/avr/4.8.1/../../../avr/lib/avr5/libm.a(sin.o)
                              /tmp/ccbwQ0CV.o (sin)
/usr/lib/gcc/avr/4.8.1/../../../avr/lib/avr5/libm.a(sqrt.o)
                              /tmp/ccbwQ0CV.o (sqrt)
/usr/lib/gcc/avr/4.8.1/../../../avr/lib/avr5/libm.a(square.o)
                              /tmp/ccbwQ0CV.o (square)
/usr/lib/gcc/avr/4.8.1/../../../avr/lib/avr5/libm.a(fp_mintl.o)
                              /usr/lib/gcc/avr/4.8.1/../../../avr/lib/avr5/libm.a(round.o) (__fp_mintl)
/usr/lib/gcc/avr/4.8.1/../../../avr/lib/avr5/libm.a(fp_mpack.o)
                              /usr/lib/gcc/avr/4.8.1/../../../avr/lib/avr5/libm.a(round.o) (__fp_mpack)
/usr/lib/gcc/avr/4.8.1/../../../avr/lib/avr5/libm.a(fp_norm2.o)
                              /usr/lib/gcc/avr/4.8.1/../../../avr/lib/avr5/libm.a(sqrt.o) (__fp_norm2)
/usr/lib/gcc/avr/4.8.1/../../../avr/lib/avr5/libm.a(fp_powsodd.o)
                              /usr/lib/gcc/avr/4.8.1/../../../avr/lib/avr5/libm.a(fp_sinus.o) (__fp_powsodd)

Discarded input sections

 .bss           0x0000000000000000        0x0 /usr/lib/gcc/avr/4.8.1/../../../avr/lib/avr5/crtm328p.o
 .text          0x0000000000000000        0x0 /tmp/ccbwQ0CV.o
 .bss           0x0000000000000000        0x0 /tmp/ccbwQ0CV.o
 .text.AlphaCalculate
                0x0000000000000000       0x3a /tmp/ccbwQ0CV.o
 .text.BetaCalculate
                0x0000000000000000      0x152 /tmp/ccbwQ0CV.o
 .text.GammaCalculate
                0x0000000000000000      0x112 /tmp/ccbwQ0CV.o
 .text.MotorAngleToDutyCycle
                0x0000000000000000       0x5c /tmp/ccbwQ0CV.o
 .text.FootPositionToMotorAngle
                0x0000000000000000       0x36 /tmp/ccbwQ0CV.o
 .text.TestDesiredCOMInPoly
                0x0000000000000000      0x41e /tmp/ccbwQ0CV.o
 .text          0x0000000000000000        0x0 /tmp/cc3QhSOL.o
 .bss           0x0000000000000000        0x0 /tmp/cc3QhSOL.o
 .text.TWIInit  0x0000000000000000       0x12 /tmp/cc3QhSOL.o
 .text.TWIReadACK
                0x0000000000000000       0x14 /tmp/cc3QhSOL.o
 .text.TWIReadNACK
                0x0000000000000000       0x14 /tmp/cc3QhSOL.o
 .text.TWIGetStatus
                0x0000000000000000        0x8 /tmp/cc3QhSOL.o
 .text          0x0000000000000000        0x0 /tmp/ccYBQj6B.o
 .bss           0x0000000000000000        0x0 /tmp/ccYBQj6B.o
 .text          0x0000000000000000        0x0 /usr/lib/gcc/avr/4.8.1/avr5/libgcc.a(_exit.o)
 .bss           0x0000000000000000        0x0 /usr/lib/gcc/avr/4.8.1/avr5/libgcc.a(_exit.o)
 .text.libgcc.mul
                0x0000000000000000        0x0 /usr/lib/gcc/avr/4.8.1/avr5/libgcc.a(_exit.o)
 .text.libgcc.div
                0x0000000000000000        0x0 /usr/lib/gcc/avr/4.8.1/avr5/libgcc.a(_exit.o)
 .text.libgcc   0x0000000000000000        0x0 /usr/lib/gcc/avr/4.8.1/avr5/libgcc.a(_exit.o)
 .text.libgcc.prologue
                0x0000000000000000        0x0 /usr/lib/gcc/avr/4.8.1/avr5/libgcc.a(_exit.o)
 .text.libgcc.builtins
                0x0000000000000000        0x0 /usr/lib/gcc/avr/4.8.1/avr5/libgcc.a(_exit.o)
 .text.libgcc.fmul
                0x0000000000000000        0x0 /usr/lib/gcc/avr/4.8.1/avr5/libgcc.a(_exit.o)
 .text.libgcc.fixed
                0x0000000000000000        0x0 /usr/lib/gcc/avr/4.8.1/avr5/libgcc.a(_exit.o)
 .text          0x0000000000000000        0x0 /usr/lib/gcc/avr/4.8.1/../../../avr/lib/avr5/libm.a(acos.o)
 .bss           0x0000000000000000        0x0 /usr/lib/gcc/avr/4.8.1/../../../avr/lib/avr5/libm.a(acos.o)
 .text.avr-libc.fplib
                0x0000000000000000       0x1c /usr/lib/gcc/avr/4.8.1/../../../avr/lib/avr5/libm.a(acos.o)
 .text          0x0000000000000000        0x0 /usr/lib/gcc/avr/4.8.1/../../../avr/lib/avr5/libm.a(addsf3.o)
 .bss           0x0000000000000000        0x0 /usr/lib/gcc/avr/4.8.1/../../../avr/lib/avr5/libm.a(addsf3.o)
 .text          0x0000000000000000        0x0 /usr/lib/gcc/avr/4.8.1/../../../avr/lib/avr5/libm.a(addsf3x.o)
 .bss           0x0000000000000000        0x0 /usr/lib/gcc/avr/4.8.1/../../../avr/lib/avr5/libm.a(addsf3x.o)
 .text          0x0000000000000000        0x0 /usr/lib/gcc/avr/4.8.1/../../../avr/lib/avr5/libm.a(atan2.o)
 .bss           0x0000000000000000        0x0 /usr/lib/gcc/avr/4.8.1/../../../avr/lib/avr5/libm.a(atan2.o)
 .text.avr-libc.fplib
                0x0000000000000000       0x74 /usr/lib/gcc/avr/4.8.1/../../../avr/lib/avr5/libm.a(atan2.o)
 .text          0x0000000000000000        0x0 /usr/lib/gcc/avr/4.8.1/../../../avr/lib/avr5/libm.a(atan.o)
 .bss           0x0000000000000000        0x0 /usr/lib/gcc/avr/4.8.1/../../../avr/lib/avr5/libm.a(atan.o)
 .text.avr-libc.fplib
                0x0000000000000000       0x50 /usr/lib/gcc/avr/4.8.1/../../../avr/lib/avr5/libm.a(atan.o)
 .progmem.gcc_fplib
                0x0000000000000000       0x2d /usr/lib/gcc/avr/4.8.1/../../../avr/lib/avr5/libm.a(atan.o)
 .text          0x0000000000000000        0x0 /usr/lib/gcc/avr/4.8.1/../../../avr/lib/avr5/libm.a(cmpsf2.o)
 .bss           0x0000000000000000        0x0 /usr/lib/gcc/avr/4.8.1/../../../avr/lib/avr5/libm.a(cmpsf2.o)
 .text          0x0000000000000000        0x0 /usr/lib/gcc/avr/4.8.1/../../../avr/lib/avr5/libm.a(cos.o)
 .bss           0x0000000000000000        0x0 /usr/lib/gcc/avr/4.8.1/../../../avr/lib/avr5/libm.a(cos.o)
 .text          0x0000000000000000        0x0 /usr/lib/gcc/avr/4.8.1/../../../avr/lib/avr5/libm.a(divsf3.o)
 .bss           0x0000000000000000        0x0 /usr/lib/gcc/avr/4.8.1/../../../avr/lib/avr5/libm.a(divsf3.o)
 .text          0x0000000000000000        0x0 /usr/lib/gcc/avr/4.8.1/../../../avr/lib/avr5/libm.a(divsf3x.o)
 .bss           0x0000000000000000        0x0 /usr/lib/gcc/avr/4.8.1/../../../avr/lib/avr5/libm.a(divsf3x.o)
 .text          0x0000000000000000        0x0 /usr/lib/gcc/avr/4.8.1/../../../avr/lib/avr5/libm.a(fixunssfsi.o)
 .bss           0x0000000000000000        0x0 /usr/lib/gcc/avr/4.8.1/../../../avr/lib/avr5/libm.a(fixunssfsi.o)
 .text          0x0000000000000000        0x0 /usr/lib/gcc/avr/4.8.1/../../../avr/lib/avr5/libm.a(floatsisf.o)
 .bss           0x0000000000000000        0x0 /usr/lib/gcc/avr/4.8.1/../../../avr/lib/avr5/libm.a(floatsisf.o)
 .text          0x0000000000000000        0x0 /usr/lib/gcc/avr/4.8.1/../../../avr/lib/avr5/libm.a(fp_arccos.o)
 .bss           0x0000000000000000        0x0 /usr/lib/gcc/avr/4.8.1/../../../avr/lib/avr5/libm.a(fp_arccos.o)
 .text.avr-libc.fplib
                0x0000000000000000       0x36 /usr/lib/gcc/avr/4.8.1/../../../avr/lib/avr5/libm.a(fp_arccos.o)
 .progmem.gcc_fplib
                0x0000000000000000       0x28 /usr/lib/gcc/avr/4.8.1/../../../avr/lib/avr5/libm.a(fp_arccos.o)
 .text          0x0000000000000000        0x0 /usr/lib/gcc/avr/4.8.1/../../../avr/lib/avr5/libm.a(fp_cmp.o)
 .bss           0x0000000000000000        0x0 /usr/lib/gcc/avr/4.8.1/../../../avr/lib/avr5/libm.a(fp_cmp.o)
 .text          0x0000000000000000        0x0 /usr/lib/gcc/avr/4.8.1/../../../avr/lib/avr5/libm.a(fp_inf.o)
 .bss           0x0000000000000000        0x0 /usr/lib/gcc/avr/4.8.1/../../../avr/lib/avr5/libm.a(fp_inf.o)
 .text          0x0000000000000000        0x0 /usr/lib/gcc/avr/4.8.1/../../../avr/lib/avr5/libm.a(fp_nan.o)
 .bss           0x0000000000000000        0x0 /usr/lib/gcc/avr/4.8.1/../../../avr/lib/avr5/libm.a(fp_nan.o)
 .text          0x0000000000000000        0x0 /usr/lib/gcc/avr/4.8.1/../../../avr/lib/avr5/libm.a(fp_powser.o)
 .bss           0x0000000000000000        0x0 /usr/lib/gcc/avr/4.8.1/../../../avr/lib/avr5/libm.a(fp_powser.o)
 .text          0x0000000000000000        0x0 /usr/lib/gcc/avr/4.8.1/../../../avr/lib/avr5/libm.a(fp_pscA.o)
 .bss           0x0000000000000000        0x0 /usr/lib/gcc/avr/4.8.1/../../../avr/lib/avr5/libm.a(fp_pscA.o)
 .text          0x0000000000000000        0x0 /usr/lib/gcc/avr/4.8.1/../../../avr/lib/avr5/libm.a(fp_pscB.o)
 .bss           0x0000000000000000        0x0 /usr/lib/gcc/avr/4.8.1/../../../avr/lib/avr5/libm.a(fp_pscB.o)
 .text          0x0000000000000000        0x0 /usr/lib/gcc/avr/4.8.1/../../../avr/lib/avr5/libm.a(fp_rempio2.o)
 .bss           0x0000000000000000        0x0 /usr/lib/gcc/avr/4.8.1/../../../avr/lib/avr5/libm.a(fp_rempio2.o)
 .text          0x0000000000000000        0x0 /usr/lib/gcc/avr/4.8.1/../../../avr/lib/avr5/libm.a(fp_round.o)
 .bss           0x0000000000000000        0x0 /usr/lib/gcc/avr/4.8.1/../../../avr/lib/avr5/libm.a(fp_round.o)
 .text          0x0000000000000000        0x0 /usr/lib/gcc/avr/4.8.1/../../../avr/lib/avr5/libm.a(fp_sinus.o)
 .bss           0x0000000000000000        0x0 /usr/lib/gcc/avr/4.8.1/../../../avr/lib/avr5/libm.a(fp_sinus.o)
 .text          0x0000000000000000        0x0 /usr/lib/gcc/avr/4.8.1/../../../avr/lib/avr5/libm.a(fp_split3.o)
 .bss           0x0000000000000000        0x0 /usr/lib/gcc/avr/4.8.1/../../../avr/lib/avr5/libm.a(fp_split3.o)
 .text          0x0000000000000000        0x0 /usr/lib/gcc/avr/4.8.1/../../../avr/lib/avr5/libm.a(fp_zero.o)
 .bss           0x0000000000000000        0x0 /usr/lib/gcc/avr/4.8.1/../../../avr/lib/avr5/libm.a(fp_zero.o)
 .text          0x0000000000000000        0x0 /usr/lib/gcc/avr/4.8.1/../../../avr/lib/avr5/libm.a(inverse.o)
 .bss           0x0000000000000000        0x0 /usr/lib/gcc/avr/4.8.1/../../../avr/lib/avr5/libm.a(inverse.o)
 .text.avr-libc.fplib
                0x0000000000000000        0xe /usr/lib/gcc/avr/4.8.1/../../../avr/lib/avr5/libm.a(inverse.o)
 .text          0x0000000000000000        0x0 /usr/lib/gcc/avr/4.8.1/../../../avr/lib/avr5/libm.a(mulsf3.o)
 .bss           0x0000000000000000        0x0 /usr/lib/gcc/avr/4.8.1/../../../avr/lib/avr5/libm.a(mulsf3.o)
 .text          0x0000000000000000        0x0 /usr/lib/gcc/avr/4.8.1/../../../avr/lib/avr5/libm.a(mulsf3x.o)
 .bss           0x0000000000000000        0x0 /usr/lib/gcc/avr/4.8.1/../../../avr/lib/avr5/libm.a(mulsf3x.o)
 .text          0x0000000000000000        0x0 /usr/lib/gcc/avr/4.8.1/../../../avr/lib/avr5/libm.a(round.o)
 .bss           0x0000000000000000        0x0 /usr/lib/gcc/avr/4.8.1/../../../avr/lib/avr5/libm.a(round.o)
 .text          0x0000000000000000        0x0 /usr/lib/gcc/avr/4.8.1/../../../avr/lib/avr5/libm.a(sin.o)
 .bss           0x0000000000000000        0x0 /usr/lib/gcc/avr/4.8.1/../../../avr/lib/avr5/libm.a(sin.o)
 .text          0x0000000000000000        0x0 /usr/lib/gcc/avr/4.8.1/../../../avr/lib/avr5/libm.a(sqrt.o)
 .bss           0x0000000000000000        0x0 /usr/lib/gcc/avr/4.8.1/../../../avr/lib/avr5/libm.a(sqrt.o)
 .text.avr-libc.fplib
                0x0000000000000000       0x84 /usr/lib/gcc/avr/4.8.1/../../../avr/lib/avr5/libm.a(sqrt.o)
 .text          0x0000000000000000        0x0 /usr/lib/gcc/avr/4.8.1/../../../avr/lib/avr5/libm.a(square.o)
 .bss           0x0000000000000000        0x0 /usr/lib/gcc/avr/4.8.1/../../../avr/lib/avr5/libm.a(square.o)
 .text.avr-libc.fplib
                0x0000000000000000        0x6 /usr/lib/gcc/avr/4.8.1/../../../avr/lib/avr5/libm.a(square.o)
 .text          0x0000000000000000        0x0 /usr/lib/gcc/avr/4.8.1/../../../avr/lib/avr5/libm.a(fp_mintl.o)
 .bss           0x0000000000000000        0x0 /usr/lib/gcc/avr/4.8.1/../../../avr/lib/avr5/libm.a(fp_mintl.o)
 .text          0x0000000000000000        0x0 /usr/lib/gcc/avr/4.8.1/../../../avr/lib/avr5/libm.a(fp_mpack.o)
 .bss           0x0000000000000000        0x0 /usr/lib/gcc/avr/4.8.1/../../../avr/lib/avr5/libm.a(fp_mpack.o)
 .text          0x0000000000000000        0x0 /usr/lib/gcc/avr/4.8.1/../../../avr/lib/avr5/libm.a(fp_norm2.o)
 .bss           0x0000000000000000        0x0 /usr/lib/gcc/avr/4.8.1/../../../avr/lib/avr5/libm.a(fp_norm2.o)
 .text.avr-libc.fplib
                0x0000000000000000        0xe /usr/lib/gcc/avr/4.8.1/../../../avr/lib/avr5/libm.a(fp_norm2.o)
 .text          0x0000000000000000        0x0 /usr/lib/gcc/avr/4.8.1/../../../avr/lib/avr5/libm.a(fp_powsodd.o)
 .bss           0x0000000000000000        0x0 /usr/lib/gcc/avr/4.8.1/../../../avr/lib/avr5/libm.a(fp_powsodd.o)

Memory Configuration

Name             Origin             Length             Attributes
text             0x0000000000000000 0x0000000000020000 xr
data             0x0000000000800060 0x000000000000ffa0 rw !x
eeprom           0x0000000000810000 0x0000000000010000 rw !x
fuse             0x0000000000820000 0x0000000000000400 rw !x
lock             0x0000000000830000 0x0000000000000400 rw !x
signature        0x0000000000840000 0x0000000000000400 rw !x
user_signatures  0x0000000000850000 0x0000000000000400 rw !x
*default*        0x0000000000000000 0xffffffffffffffff

Linker script and memory map

Address of section .data set to 0x800100
LOAD /usr/lib/gcc/avr/4.8.1/../../../avr/lib/avr5/crtm328p.o
LOAD /tmp/ccbwQ0CV.o
LOAD /tmp/cc3QhSOL.o
LOAD /tmp/ccYBQj6B.o
START GROUP
LOAD /usr/lib/gcc/avr/4.8.1/avr5/libgcc.a
LOAD /usr/lib/gcc/avr/4.8.1/../../../avr/lib/avr5/libm.a
LOAD /usr/lib/gcc/avr/4.8.1/../../../avr/lib/avr5/libc.a
END GROUP

.hash
 *(.hash)

.dynsym
 *(.dynsym)

.dynstr
 *(.dynstr)

.gnu.version
 *(.gnu.version)

.gnu.version_d
 *(.gnu.version_d)

.gnu.version_r
 *(.gnu.version_r)

.rel.init
 *(.rel.init)

.rela.init
 *(.rela.init)

.rel.text
 *(.rel.text)
 *(.rel.text.*)
 *(.rel.gnu.linkonce.t*)

.rela.text
 *(.rela.text)
 *(.rela.text.*)
 *(.rela.gnu.linkonce.t*)

.rel.fini
 *(.rel.fini)

.rela.fini
 *(.rela.fini)

.rel.rodata
 *(.rel.rodata)
 *(.rel.rodata.*)
 *(.rel.gnu.linkonce.r*)

.rela.rodata
 *(.rela.rodata)
 *(.rela.rodata.*)
 *(.rela.gnu.linkonce.r*)

.rel.data
 *(.rel.data)
 *(.rel.data.*)
 *(.rel.gnu.linkonce.d*)

.rela.data
 *(.rela.data)
 *(.rela.data.*)
 *(.rela.gnu.linkonce.d*)

.rel.ctors
 *(.rel.ctors)

.rela.ctors
 *(.rela.ctors)

.rel.dtors
 *(.rel.dtors)

.rela.dtors
 *(.rela.dtors)

.rel.got
 *(.rel.got)

.rela.got
 *(.rela.got)

.rel.bss
 *(.rel.bss)

.rela.bss
 *(.rela.bss)

.rel.plt
 *(.rel.plt)

.rela.plt
 *(.rela.plt)

.text           0x0000000000000000     0x121a
 *(.vectors)
 .vectors       0x0000000000000000       0x68 /usr/lib/gcc/avr/4.8.1/../../../avr/lib/avr5/crtm328p.o
                0x0000000000000000                __vectors
                0x0000000000000000                __vector_default
 *(.vectors)
 *(.progmem.gcc*)
 .progmem.gcc_fplib
                0x0000000000000068       0x1e /usr/lib/gcc/avr/4.8.1/../../../avr/lib/avr5/libm.a(fp_sinus.o)
                0x0000000000000086                . = ALIGN (0x2)
                0x0000000000000086                __trampolines_start = .
 *(.trampolines)
 .trampolines   0x0000000000000086        0x0 linker stubs
 *(.trampolines*)
                0x0000000000000086                __trampolines_end = .
 *(.progmem*)
                0x0000000000000086                . = ALIGN (0x2)
 *(.jumptables)
 *(.jumptables*)
 *(.lowtext)
 *(.lowtext*)
                0x0000000000000086                __ctors_start = .
 *(.ctors)
                0x0000000000000086                __ctors_end = .
                0x0000000000000086                __dtors_start = .
 *(.dtors)
                0x0000000000000086                __dtors_end = .
 SORT(*)(.ctors)
 SORT(*)(.dtors)
 *(.init0)
 .init0         0x0000000000000086        0x0 /usr/lib/gcc/avr/4.8.1/../../../avr/lib/avr5/crtm328p.o
                0x0000000000000086                __init
 *(.init0)
 *(.init1)
 *(.init1)
 *(.init2)
 .init2         0x0000000000000086        0xc /usr/lib/gcc/avr/4.8.1/../../../avr/lib/avr5/crtm328p.o
 *(.init2)
 *(.init3)
 *(.init3)
 *(.init4)
 *(.init4)
 *(.init5)
 *(.init5)
 *(.init6)
 *(.init6)
 *(.init7)
 *(.init7)
 *(.init8)
 *(.init8)
 *(.init9)
 .init9         0x0000000000000092        0x8 /usr/lib/gcc/avr/4.8.1/../../../avr/lib/avr5/crtm328p.o
 *(.init9)
 *(.text)
 .text          0x000000000000009a        0x4 /usr/lib/gcc/avr/4.8.1/../../../avr/lib/avr5/crtm328p.o
                0x000000000000009a                __vector_22
                0x000000000000009a                __vector_1
                0x000000000000009a                __vector_24
                0x000000000000009a                __vector_12
                0x000000000000009a                __bad_interrupt
                0x000000000000009a                __vector_6
                0x000000000000009a                __vector_3
                0x000000000000009a                __vector_23
                0x000000000000009a                __vector_25
                0x000000000000009a                __vector_11
                0x000000000000009a                __vector_13
                0x000000000000009a                __vector_17
                0x000000000000009a                __vector_19
                0x000000000000009a                __vector_7
                0x000000000000009a                __vector_5
                0x000000000000009a                __vector_4
                0x000000000000009a                __vector_9
                0x000000000000009a                __vector_2
                0x000000000000009a                __vector_21
                0x000000000000009a                __vector_15
                0x000000000000009a                __vector_8
                0x000000000000009a                __vector_14
                0x000000000000009a                __vector_10
                0x000000000000009a                __vector_16
                0x000000000000009a                __vector_18
                0x000000000000009a                __vector_20
                0x000000000000009e                . = ALIGN (0x2)
 *(.text.*)
 .text.CalculateLegCOM
                0x000000000000009e      0x1c4 /tmp/ccbwQ0CV.o
                0x000000000000009e                CalculateLegCOM
 .text.CalculateCOM
                0x0000000000000262      0x1e8 /tmp/ccbwQ0CV.o
                0x0000000000000262                CalculateCOM
 .text.TestPlannedCOMInPoly
                0x000000000000044a      0x41e /tmp/ccbwQ0CV.o
                0x000000000000044a                TestPlannedCOMInPoly
 .text.startup.main
                0x0000000000000868      0x30a /tmp/ccbwQ0CV.o
                0x0000000000000868                main
 .text.TWIStart
                0x0000000000000b72       0x10 /tmp/cc3QhSOL.o
                0x0000000000000b72                TWIStart
 .text.TWIStop  0x0000000000000b82        0x8 /tmp/cc3QhSOL.o
                0x0000000000000b82                TWIStop
 .text.TWIWrite
                0x0000000000000b8a       0x14 /tmp/cc3QhSOL.o
                0x0000000000000b8a                TWIWrite
 .text.PCA9685Init
                0x0000000000000b9e       0x5c /tmp/ccYBQj6B.o
                0x0000000000000b9e                PCA9685Init
 .text.PCA9685OutputNoPhase
                0x0000000000000bfa       0x76 /tmp/ccYBQj6B.o
                0x0000000000000bfa                PCA9685OutputNoPhase
 .text.avr-libc.fplib
                0x0000000000000c70        0xa /usr/lib/gcc/avr/4.8.1/../../../avr/lib/avr5/libm.a(addsf3.o)
                0x0000000000000c70                __subsf3
                0x0000000000000c72                __addsf3
 .text.avr-libc.fplib
                0x0000000000000c7a       0xc0 /usr/lib/gcc/avr/4.8.1/../../../avr/lib/avr5/libm.a(addsf3x.o)
                0x0000000000000c94                __addsf3x
 .text.avr-libc.fplib
                0x0000000000000d3a        0x8 /usr/lib/gcc/avr/4.8.1/../../../avr/lib/avr5/libm.a(cmpsf2.o)
                0x0000000000000d3a                __lesf2
                0x0000000000000d3a                __nesf2
                0x0000000000000d3a                __eqsf2
                0x0000000000000d3a                __cmpsf2
                0x0000000000000d3a                __ltsf2
 .text.avr-libc.fplib
                0x0000000000000d42        0x6 /usr/lib/gcc/avr/4.8.1/../../../avr/lib/avr5/libm.a(cos.o)
                0x0000000000000d42                cos
 .text.avr-libc.fplib
                0x0000000000000d48        0x4 /usr/lib/gcc/avr/4.8.1/../../../avr/lib/avr5/libm.a(divsf3.o)
                0x0000000000000d48                __divsf3
 .text.avr-libc.fplib
                0x0000000000000d4c       0xcc /usr/lib/gcc/avr/4.8.1/../../../avr/lib/avr5/libm.a(divsf3x.o)
                0x0000000000000d62                __divsf3x
                0x0000000000000d66                __divsf3_pse
 .text.avr-libc.fplib
                0x0000000000000e18       0x58 /usr/lib/gcc/avr/4.8.1/../../../avr/lib/avr5/libm.a(fixunssfsi.o)
                0x0000000000000e18                __fixunssfsi
 .text.avr-libc.fplib
                0x0000000000000e70       0x7a /usr/lib/gcc/avr/4.8.1/../../../avr/lib/avr5/libm.a(floatsisf.o)
                0x0000000000000e70                __floatunsisf
                0x0000000000000e74                __floatsisf
 .text.avr-libc.fplib
                0x0000000000000eea       0x48 /usr/lib/gcc/avr/4.8.1/../../../avr/lib/avr5/libm.a(fp_cmp.o)
                0x0000000000000eea                __fp_cmp
 .text.avr-libc.fplib
                0x0000000000000f32        0xc /usr/lib/gcc/avr/4.8.1/../../../avr/lib/avr5/libm.a(fp_inf.o)
                0x0000000000000f32                __fp_inf
 .text.avr-libc.fplib
                0x0000000000000f3e        0x6 /usr/lib/gcc/avr/4.8.1/../../../avr/lib/avr5/libm.a(fp_nan.o)
                0x0000000000000f3e                __fp_nan
 .text.avr-libc.fplib
                0x0000000000000f44       0x4a /usr/lib/gcc/avr/4.8.1/../../../avr/lib/avr5/libm.a(fp_powser.o)
                0x0000000000000f44                __fp_powser
 .text.avr-libc.fplib
                0x0000000000000f8e        0xe /usr/lib/gcc/avr/4.8.1/../../../avr/lib/avr5/libm.a(fp_pscA.o)
                0x0000000000000f8e                __fp_pscA
 .text.avr-libc.fplib
                0x0000000000000f9c        0xe /usr/lib/gcc/avr/4.8.1/../../../avr/lib/avr5/libm.a(fp_pscB.o)
                0x0000000000000f9c                __fp_pscB
 .text.avr-libc.fplib
                0x0000000000000faa       0x50 /usr/lib/gcc/avr/4.8.1/../../../avr/lib/avr5/libm.a(fp_rempio2.o)
                0x0000000000000fac                __fp_rempio2
 .text.avr-libc.fplib
                0x0000000000000ffa       0x22 /usr/lib/gcc/avr/4.8.1/../../../avr/lib/avr5/libm.a(fp_round.o)
                0x0000000000000ffa                __fp_round
 .text.avr-libc.fplib
                0x000000000000101c       0x22 /usr/lib/gcc/avr/4.8.1/../../../avr/lib/avr5/libm.a(fp_sinus.o)
                0x000000000000101c                __fp_sinus
 .text.avr-libc.fplib
                0x000000000000103e       0x44 /usr/lib/gcc/avr/4.8.1/../../../avr/lib/avr5/libm.a(fp_split3.o)
                0x000000000000103e                __fp_split3
                0x000000000000104e                __fp_splitA
 .text.avr-libc.fplib
                0x0000000000001082        0xe /usr/lib/gcc/avr/4.8.1/../../../avr/lib/avr5/libm.a(fp_zero.o)
                0x0000000000001082                __fp_zero
                0x0000000000001084                __fp_szero
 .text.avr-libc.fplib
                0x0000000000001090        0x4 /usr/lib/gcc/avr/4.8.1/../../../avr/lib/avr5/libm.a(mulsf3.o)
                0x0000000000001090                __mulsf3
 .text.avr-libc.fplib
                0x0000000000001094       0xc2 /usr/lib/gcc/avr/4.8.1/../../../avr/lib/avr5/libm.a(mulsf3x.o)
                0x00000000000010a8                __mulsf3x
                0x00000000000010ac                __mulsf3_pse
 .text.avr-libc.fplib
                0x0000000000001156       0x40 /usr/lib/gcc/avr/4.8.1/../../../avr/lib/avr5/libm.a(round.o)
                0x0000000000001156                round
 .text.avr-libc.fplib
                0x0000000000001196        0xc /usr/lib/gcc/avr/4.8.1/../../../avr/lib/avr5/libm.a(sin.o)
                0x0000000000001196                sin
 .text.avr-libc.fplib
                0x00000000000011a2       0x36 /usr/lib/gcc/avr/4.8.1/../../../avr/lib/avr5/libm.a(fp_mintl.o)
                0x00000000000011a2                __fp_mintl
 .text.avr-libc.fplib
                0x00000000000011d8       0x1c /usr/lib/gcc/avr/4.8.1/../../../avr/lib/avr5/libm.a(fp_mpack.o)
                0x00000000000011d8                __fp_mpack
                0x00000000000011dc                __fp_mpack_finite
 .text.avr-libc.fplib
                0x00000000000011f4       0x22 /usr/lib/gcc/avr/4.8.1/../../../avr/lib/avr5/libm.a(fp_powsodd.o)
                0x00000000000011f4                __fp_powsodd
                0x0000000000001216                . = ALIGN (0x2)
 *(.fini9)
 .fini9         0x0000000000001216        0x0 /usr/lib/gcc/avr/4.8.1/avr5/libgcc.a(_exit.o)
                0x0000000000001216                exit
                0x0000000000001216                _exit
 *(.fini9)
 *(.fini8)
 *(.fini8)
 *(.fini7)
 *(.fini7)
 *(.fini6)
 *(.fini6)
 *(.fini5)
 *(.fini5)
 *(.fini4)
 *(.fini4)
 *(.fini3)
 *(.fini3)
 *(.fini2)
 *(.fini2)
 *(.fini1)
 *(.fini1)
 *(.fini0)
 .fini0         0x0000000000001216        0x4 /usr/lib/gcc/avr/4.8.1/avr5/libgcc.a(_exit.o)
 *(.fini0)
                0x000000000000121a                _etext = .

.data           0x0000000000800100        0x0 load address 0x000000000000121a
                0x0000000000800100                PROVIDE (__data_start, .)
 *(.data)
 .data          0x0000000000800100        0x0 /usr/lib/gcc/avr/4.8.1/../../../avr/lib/avr5/crtm328p.o
 .data          0x0000000000800100        0x0 /tmp/ccbwQ0CV.o
 .data          0x0000000000800100        0x0 /tmp/cc3QhSOL.o
 .data          0x0000000000800100        0x0 /tmp/ccYBQj6B.o
 .data          0x0000000000800100        0x0 /usr/lib/gcc/avr/4.8.1/avr5/libgcc.a(_exit.o)
 .data          0x0000000000800100        0x0 /usr/lib/gcc/avr/4.8.1/../../../avr/lib/avr5/libm.a(acos.o)
 .data          0x0000000000800100        0x0 /usr/lib/gcc/avr/4.8.1/../../../avr/lib/avr5/libm.a(addsf3.o)
 .data          0x0000000000800100        0x0 /usr/lib/gcc/avr/4.8.1/../../../avr/lib/avr5/libm.a(addsf3x.o)
 .data          0x0000000000800100        0x0 /usr/lib/gcc/avr/4.8.1/../../../avr/lib/avr5/libm.a(atan2.o)
 .data          0x0000000000800100        0x0 /usr/lib/gcc/avr/4.8.1/../../../avr/lib/avr5/libm.a(atan.o)
 .data          0x0000000000800100        0x0 /usr/lib/gcc/avr/4.8.1/../../../avr/lib/avr5/libm.a(cmpsf2.o)
 .data          0x0000000000800100        0x0 /usr/lib/gcc/avr/4.8.1/../../../avr/lib/avr5/libm.a(cos.o)
 .data          0x0000000000800100        0x0 /usr/lib/gcc/avr/4.8.1/../../../avr/lib/avr5/libm.a(divsf3.o)
 .data          0x0000000000800100        0x0 /usr/lib/gcc/avr/4.8.1/../../../avr/lib/avr5/libm.a(divsf3x.o)
 .data          0x0000000000800100        0x0 /usr/lib/gcc/avr/4.8.1/../../../avr/lib/avr5/libm.a(fixunssfsi.o)
 .data          0x0000000000800100        0x0 /usr/lib/gcc/avr/4.8.1/../../../avr/lib/avr5/libm.a(floatsisf.o)
 .data          0x0000000000800100        0x0 /usr/lib/gcc/avr/4.8.1/../../../avr/lib/avr5/libm.a(fp_arccos.o)
 .data          0x0000000000800100        0x0 /usr/lib/gcc/avr/4.8.1/../../../avr/lib/avr5/libm.a(fp_cmp.o)
 .data          0x0000000000800100        0x0 /usr/lib/gcc/avr/4.8.1/../../../avr/lib/avr5/libm.a(fp_inf.o)
 .data          0x0000000000800100        0x0 /usr/lib/gcc/avr/4.8.1/../../../avr/lib/avr5/libm.a(fp_nan.o)
 .data          0x0000000000800100        0x0 /usr/lib/gcc/avr/4.8.1/../../../avr/lib/avr5/libm.a(fp_powser.o)
 .data          0x0000000000800100        0x0 /usr/lib/gcc/avr/4.8.1/../../../avr/lib/avr5/libm.a(fp_pscA.o)
 .data          0x0000000000800100        0x0 /usr/lib/gcc/avr/4.8.1/../../../avr/lib/avr5/libm.a(fp_pscB.o)
 .data          0x0000000000800100        0x0 /usr/lib/gcc/avr/4.8.1/../../../avr/lib/avr5/libm.a(fp_rempio2.o)
 .data          0x0000000000800100        0x0 /usr/lib/gcc/avr/4.8.1/../../../avr/lib/avr5/libm.a(fp_round.o)
 .data          0x0000000000800100        0x0 /usr/lib/gcc/avr/4.8.1/../../../avr/lib/avr5/libm.a(fp_sinus.o)
 .data          0x0000000000800100        0x0 /usr/lib/gcc/avr/4.8.1/../../../avr/lib/avr5/libm.a(fp_split3.o)
 .data          0x0000000000800100        0x0 /usr/lib/gcc/avr/4.8.1/../../../avr/lib/avr5/libm.a(fp_zero.o)
 .data          0x0000000000800100        0x0 /usr/lib/gcc/avr/4.8.1/../../../avr/lib/avr5/libm.a(inverse.o)
 .data          0x0000000000800100        0x0 /usr/lib/gcc/avr/4.8.1/../../../avr/lib/avr5/libm.a(mulsf3.o)
 .data          0x0000000000800100        0x0 /usr/lib/gcc/avr/4.8.1/../../../avr/lib/avr5/libm.a(mulsf3x.o)
 .data          0x0000000000800100        0x0 /usr/lib/gcc/avr/4.8.1/../../../avr/lib/avr5/libm.a(round.o)
 .data          0x0000000000800100        0x0 /usr/lib/gcc/avr/4.8.1/../../../avr/lib/avr5/libm.a(sin.o)
 .data          0x0000000000800100        0x0 /usr/lib/gcc/avr/4.8.1/../../../avr/lib/avr5/libm.a(sqrt.o)
 .data          0x0000000000800100        0x0 /usr/lib/gcc/avr/4.8.1/../../../avr/lib/avr5/libm.a(square.o)
 .data          0x0000000000800100        0x0 /usr/lib/gcc/avr/4.8.1/../../../avr/lib/avr5/libm.a(fp_mintl.o)
 .data          0x0000000000800100        0x0 /usr/lib/gcc/avr/4.8.1/../../../avr/lib/avr5/libm.a(fp_mpack.o)
 .data          0x0000000000800100        0x0 /usr/lib/gcc/avr/4.8.1/../../../avr/lib/avr5/libm.a(fp_norm2.o)
 .data          0x0000000000800100        0x0 /usr/lib/gcc/avr/4.8.1/../../../avr/lib/avr5/libm.a(fp_powsodd.o)
 *(.data*)
 *(.rodata)
 *(.rodata*)
 *(.gnu.linkonce.d*)
                0x0000000000800100                . = ALIGN (0x2)
                0x0000000000800100                _edata = .
                0x0000000000800100                PROVIDE (__data_end, .)

.bss            0x0000000000800100        0x0
                0x0000000000800100                PROVIDE (__bss_start, .)
 *(.bss)
 *(.bss*)
 *(COMMON)
                0x0000000000800100                PROVIDE (__bss_end, .)
                0x000000000000121a                __data_load_start = LOADADDR (.data)
                0x000000000000121a                __data_load_end = (__data_load_start + SIZEOF (.data))

.noinit         0x0000000000800100        0x0
                0x0000000000800100                PROVIDE (__noinit_start, .)
 *(.noinit*)
                0x0000000000800100                PROVIDE (__noinit_end, .)
                0x0000000000800100                _end = .
                0x0000000000800100                PROVIDE (__heap_start, .)

.eeprom         0x0000000000810000        0x0
 *(.eeprom*)
                0x0000000000810000                __eeprom_end = .

.fuse
 *(.fuse)
 *(.lfuse)
 *(.hfuse)
 *(.efuse)

.lock
 *(.lock*)

.signature
 *(.signature*)

.user_signatures
 *(.user_signatures*)

.stab           0x0000000000000000     0x13bc
 *(.stab)
 .stab          0x0000000000000000      0xb28 /tmp/ccbwQ0CV.o
                                       0x1044 (size before relaxing)
 .stab          0x0000000000000b28      0x3fc /tmp/cc3QhSOL.o
                                        0x720 (size before relaxing)
 .stab          0x0000000000000f24      0x498 /tmp/ccYBQj6B.o
                                        0x660 (size before relaxing)

.stabstr        0x0000000000000000     0x122d
 *(.stabstr)
 .stabstr       0x0000000000000000     0x122d /tmp/ccbwQ0CV.o

.stab.excl
 *(.stab.excl)

.stab.exclstr
 *(.stab.exclstr)

.stab.index
 *(.stab.index)

.stab.indexstr
 *(.stab.indexstr)

.comment        0x0000000000000000       0x11
 *(.comment)
 .comment       0x0000000000000000       0x11 /tmp/ccbwQ0CV.o
                                         0x12 (size before relaxing)
 .comment       0x0000000000000000       0x12 /tmp/cc3QhSOL.o
 .comment       0x0000000000000000       0x12 /tmp/ccYBQj6B.o

.note.gnu.build-id
 *(.note.gnu.build-id)

.debug
 *(.debug)

.line
 *(.line)

.debug_srcinfo
 *(.debug_srcinfo)

.debug_sfnames
 *(.debug_sfnames)

.debug_aranges
 *(.debug_aranges)

.debug_pubnames
 *(.debug_pubnames)

.debug_info
 *(.debug_info .gnu.linkonce.wi.*)

.debug_abbrev
 *(.debug_abbrev)

.debug_line
 *(.debug_line .debug_line.* .debug_line_end)

.debug_frame
 *(.debug_frame)

.debug_str
 *(.debug_str)

.debug_loc
 *(.debug_loc)

.debug_macinfo
 *(.debug_macinfo)

.debug_weaknames
 *(.debug_weaknames)

.debug_funcnames
 *(.debug_funcnames)

.debug_typenames
 *(.debug_typenames)

.debug_varnames
 *(.debug_varnames)

.debug_pubtypes
 *(.debug_pubtypes)

.debug_ranges
 *(.debug_ranges)

.debug_macro
 *(.debug_macro)
OUTPUT(Project.elf elf32-avr)
LOAD linker stubs
